31.184.238.87 - - [14/Nov/2015:16:09:03 -0800] "GET /logs/access.log HTTP/1.1" 200 967968 "http://bactrim-400mg-buy-online.soup.io" "Mozilla/5.0 (Windows NT 5.1; rv:27.0) Gecko/20100101 Firefox/27.0" "www.hoonlir.com"
31.184.238.87 - - [14/Nov/2015:16:21:22 -0800] "GET /logs/access.log HTTP/1.1" 200 218 "http://antabuse-250mg-order-online.soup.io" "Opera/9.80 (Windows NT 6.1) Presto/2.12.388 Version/12.16" "www.hoonlir.com"
31.184.238.87 - - [14/Nov/2015:16:39:42 -0800] "GET /logs/access.log HTTP/1.1" 200 428 "http://buynolvadexonlinebrazil.soup.io" "Mozilla/5.0 (Windows NT 6.3; WOW64) AppleWebKit/537.36 (KHTML, like Gecko) Chrome/32.0.1700.107 Safari/537.36" "www.hoonlir.com"
31.184.238.87 - - [14/Nov/2015:16:58:32 -0800] "GET /logs/access.log HTTP/1.1" 200 686 "http://www.theknot.com/wedding/terbinafine-and-quick" "Mozilla/5.0 (Windows NT 6.1; rv:27.0) Gecko/20100101 Firefox/27.0" "www.hoonlir.com"
31.184.238.87 - - [14/Nov/2015:17:04:41 -0800] "GET /logs/access.log HTTP/1.1" 200 914 "http://gravatar.com/buylasix100mgonline2015" "Mozilla/5.0 (Windows NT 5.1) AppleWebKit/537.36 (KHTML, like Gecko) Chrome/32.0.1700.76 Safari/537.36" "www.hoonlir.com"
40.77.167.32 - - [14/Nov/2015:17:06:05 -0800] "GET /robots.txt HTTP/1.1" 200 38 "-" "Mozilla/5.0 (compatible; bingbot/2.0; +http://www.bing.com/bingbot.htm)" "hoonlir.com"
40.77.167.32 - - [14/Nov/2015:17:06:09 -0800] "GET /cele_cupcake6.html HTTP/1.1" 200 2587 "-" "Mozilla/5.0 (compatible; bingbot/2.0; +http://www.bing.com/bingbot.htm)" "hoonlir.com"
178.211.187.178 - - [14/Nov/2015:17:07:05 -0800] "GET /logs/access.log HTTP/1.1" 200 1523 "http://buyviagraonline24hours.com" "Mozilla/5.0 (Windows NT 6.3; WOW64; rv:40.0) Gecko/20100101 Firefox/40.0" "www.hoonlir.com"
178.211.187.178 - - [14/Nov/2015:17:07:06 -0800] "GET /logs/access.log HTTP/1.1" 200 1523 "http://buyviagraonline24hours.com" "Mozilla/5.0 (Windows NT 5.1; rv:40.0) Gecko/20100101 Firefox/40.0" "www.hoonlir.com"
178.211.187.178 - - [14/Nov/2015:17:07:09 -0800] "GET /logs/access.log HTTP/1.1" 200 1954 "http://buyviagraonline24hours.com" "Mozilla/5.0 (Windows NT 5.1) AppleWebKit/537.36 (KHTML, like Gecko) Chrome/45.0.2454.101 Safari/537.36" "www.hoonlir.com"
178.211.187.178 - - [14/Nov/2015:17:07:10 -0800] "GET /logs/access.log HTTP/1.1" 200 1954 "http://buyviagraonline24hours.com" "Mozilla/5.0 (Windows NT 6.1; rv:40.0) Gecko/20100101 Firefox/40.0" "www.hoonlir.com"
178.211.187.178 - - [14/Nov/2015:17:07:19 -0800] "GET /logs/access.log HTTP/1.1" 200 2415 "http://buyviagraonline24hours.com" "Mozilla/5.0 (Windows NT 10.0; WOW64) AppleWebKit/537.36 (KHTML, like Gecko) Chrome/45.0.2454.99 Safari/537.36" "www.hoonlir.com"
31.184.238.87 - - [14/Nov/2015:17:11:04 -0800] "GET /logs/access.log HTTP/1.1" 200 2671 "http://gravatar.com/distwarepitthellcent" "Mozilla/5.0 (Windows NT 6.3; WOW64) AppleWebKit/537.36 (KHTML, like Gecko) Chrome/32.0.1700.107 Safari/537.36" "www.hoonlir.com"
31.184.238.87 - - [14/Nov/2015:17:17:13 -0800] "GET /logs/access.log HTTP/1.1" 200 2932 "http://glucovance-buy-online.soup.io" "Opera/9.80 (Windows NT 6.1) Presto/2.12.388 Version/12.16" "www.hoonlir.com"
31.184.238.87 - - [14/Nov/2015:17:23:19 -0800] "GET /logs/access.log HTTP/1.1" 200 3137 "http://gravatar.com/nuasunobivaggau" "Mozilla/5.0 (Windows NT 6.3; WOW64) AppleWebKit/537.36 (KHTML, like Gecko) Chrome/32.0.1700.76 Safari/537.36" "www.hoonlir.com"
104.140.70.214 - - [14/Nov/2015:17:25:47 -0800] "GET /logs/access.log HTTP/1.1" 200 745 "http://www.hoonlir.com/" "Mozilla/5.0 (Macintosh; Intel Mac OS X 10.7; rv:34.0) Gecko/20100101 Firefox/34.0" "www.hoonlir.com"
31.184.238.87 - - [14/Nov/2015:17:29:30 -0800] "GET /logs/access.log HTTP/1.1" 200 3608 "http://oxytrol12.forumcircle.com" "Mozilla/5.0 (Windows NT 6.1) AppleWebKit/537.36 (KHTML, like Gecko) Chrome/32.0.1700.76 Safari/537.36" "www.hoonlir.com"
31.184.238.87 - - [14/Nov/2015:17:35:36 -0800] "GET /logs/access.log HTTP/1.1" 200 3853 "http://orderparacetamol500mgonlinehq.aircus.com" "Mozilla/5.0 (Windows NT 6.1) AppleWebKit/537.36 (KHTML, like Gecko) Chrome/32.0.1700.76 Safari/537.36" "www.hoonlir.com"
31.184.238.87 - - [14/Nov/2015:17:41:43 -0800] "GET /logs/access.log HTTP/1.1" 200 4113 "http://gravatar.com/buyhytrin5mgonlinewithoutprescription" "Mozilla/5.0 (Windows NT 5.1; rv:27.0) Gecko/20100101 Firefox/27.0" "www.hoonlir.com"
50.63.128.122 - - [14/Nov/2015:17:45:37 -0800] "GET /logs/access.log HTTP/1.1" 200 915 "http://www.hoonlir.com/" "Mozilla/5.0 (Macintosh; Intel Mac OS X 10.9; rv:35.0) Gecko/20100101 Firefox/35.0" "www.hoonlir.com"
31.184.238.87 - - [14/Nov/2015:17:47:48 -0800] "GET /logs/access.log HTTP/1.1" 200 4562 "http://chlorzoxazone-buy-online.over-blog.com/2014/04/chlorzoxazone-500mg-buy-safely.html" "Mozilla/5.0 (Windows NT 6.1; WOW64) AppleWebKit/537.36 (KHTML, like Gecko) Chrome/32.0.1700.102 Safari/537.36 OPR/19.0.1326.59" "www.hoonlir.com"
37.59.10.111 - - [14/Nov/2015:17:48:37 -0800] "GET /logs/access.log&amp;sa=U&amp;ved=0CHEQFjAQahUKEwj9kKyoopHJAhVFMhoKHXjIDYI&amp;usg=AFQjCNGCdnmtMVWIoxZGsyg413mYNR4FzA/wp-admin/admin-ajax.php?action=revslider_show_image&img=../wp-config.php HTTP/1.1" 404 73 "-" "Mozilla/5.0 (Windows; U; Windows NT 5.1; en-US; rv:1.9.2) Gecko/20100115 Firefox/3.6" "www.hoonlir.com"
37.59.10.111 - - [14/Nov/2015:17:48:37 -0800] "GET /wp-admin/admin-ajax.php?action=revslider_show_image&img=../wp-config.php HTTP/1.1" 404 73 "-" "Mozilla/5.0 (Windows; U; Windows NT 5.1; en-US; rv:1.9.2) Gecko/20100115 Firefox/3.6" "www.hoonlir.com"
37.59.10.111 - - [14/Nov/2015:17:48:38 -0800] "GET /logs/wp-admin/admin-ajax.php?action=revslider_show_image&img=../wp-config.php HTTP/1.1" 404 73 "-" "Mozilla/5.0 (Windows; U; Windows NT 5.1; en-US; rv:1.9.2) Gecko/20100115 Firefox/3.6" "www.hoonlir.com"
31.184.238.87 - - [14/Nov/2015:17:53:55 -0800] "GET /logs/access.log HTTP/1.1" 200 5764 "http://www.theknot.com/wedding/sulfasalazine-and-prices" "Mozilla/5.0 (Windows NT 6.3; WOW64; rv:26.0) Gecko/20100101 Firefox/26.0" "www.hoonlir.com"
40.77.167.31 - - [14/Nov/2015:17:55:10 -0800] "GET /robots.txt HTTP/1.1" 200 38 "-" "Mozilla/5.0 (compatible; bingbot/2.0; +http://www.bing.com/bingbot.htm)" "hoonlir.com"
40.77.167.31 - - [14/Nov/2015:17:55:54 -0800] "GET /cele_minisweetwedding.html HTTP/1.1" 200 2563 "-" "Mozilla/5.0 (compatible; bingbot/2.0; +http://www.bing.com/bingbot.htm)" "hoonlir.com"
37.59.10.111 - - [14/Nov/2015:17:59:27 -0800] "GET /logs/access.log&amp;sa=U&amp;ved=0CHEQFjAQahUKEwjzh8qoopHJAhXNhhoKHU-aD-c&amp;usg=AFQjCNGCdnmtMVWIoxZGsyg413mYNR4FzA/wp-admin/admin-ajax.php?action=revslider_show_image&img=../wp-config.php HTTP/1.1" 404 73 "-" "Mozilla/5.0 (Windows; U; Windows NT 5.1; en-US; rv:1.9.2) Gecko/20100115 Firefox/3.6" "www.hoonlir.com"
31.184.238.87 - - [14/Nov/2015:18:06:15 -0800] "GET /logs/access.log HTTP/1.1" 200 6733 "http://buy-drospirenone-online.snack.ws" "Mozilla/5.0 (Windows NT 6.1; WOW64; rv:27.0) Gecko/20100101 Firefox/27.0" "www.hoonlir.com"
37.59.10.111 - - [14/Nov/2015:18:09:12 -0800] "GET /logs/access.log&amp;sa=U&amp;ved=0CHEQFjAQahUKEwjF6OaoopHJAhXBVRoKHRDvARE&amp;usg=AFQjCNGCdnmtMVWIoxZGsyg413mYNR4FzA/wp-admin/admin-ajax.php?action=revslider_show_image&img=../wp-config.php HTTP/1.1" 404 73 "-" "Mozilla/5.0 (Windows; U; Windows NT 5.1; en-US; rv:1.9.2) Gecko/20100115 Firefox/3.6" "www.hoonlir.com"
31.184.238.87 - - [14/Nov/2015:18:18:33 -0800] "GET /logs/access.log HTTP/1.1" 200 7324 "http://gravatar.com/qtdiphenhydramine25mg" "Mozilla/5.0 (Windows NT 6.1) AppleWebKit/537.36 (KHTML, like Gecko) Chrome/32.0.1700.76 Safari/537.36" "www.hoonlir.com"
37.59.10.111 - - [14/Nov/2015:18:18:47 -0800] "GET /logs/access.log&amp;sa=U&amp;ved=0CHEQFjAQahUKEwjcgYOpopHJAhXJPxoKHWOFCcI&amp;usg=AFQjCNGCdnmtMVWIoxZGsyg413mYNR4FzA/wp-admin/admin-ajax.php?action=revslider_show_image&img=../wp-config.php HTTP/1.1" 404 73 "-" "Mozilla/5.0 (Windows; U; Windows NT 5.1; en-US; rv:1.9.2) Gecko/20100115 Firefox/3.6" "www.hoonlir.com"
220.227.161.85 - - [14/Nov/2015:18:18:57 -0800] "GET /wp-admin/admin-ajax.php?action=revslider_show_image&img=../wp-config.php HTTP/1.1" 404 73 "-" "Mozilla/5.0 (X11; Linux x86_64) AppleWebKit/537.31 (KHTML, like Gecko) Chrome/26.0.1410.63 Safari/537.31" "www.hoonlir.com"
220.227.161.85 - - [14/Nov/2015:18:19:00 -0800] "GET /wp-admin/admin-ajax.php?action=revslider_show_image&img=../../wp-config.php HTTP/1.1" 404 73 "-" "Mozilla/5.0 (X11; Linux x86_64) AppleWebKit/537.31 (KHTML, like Gecko) Chrome/26.0.1410.63 Safari/537.31" "www.hoonlir.com"
220.227.161.85 - - [14/Nov/2015:18:19:13 -0800] "GET /wp-admin/admin-ajax.php?action=revslider_show_image&img=../../../../wp-config.php HTTP/1.1" 404 73 "-" "Mozilla/5.0 (X11; Linux x86_64) AppleWebKit/537.31 (KHTML, like Gecko) Chrome/26.0.1410.63 Safari/537.31" "www.hoonlir.com"
220.227.161.85 - - [14/Nov/2015:18:19:17 -0800] "GET /wp-admin/admin-ajax.php?action=revslider_show_image&img=../../../../../wp-config.php HTTP/1.1" 404 73 "-" "Mozilla/5.0 (X11; Linux x86_64) AppleWebKit/537.31 (KHTML, like Gecko) Chrome/26.0.1410.63 Safari/537.31" "www.hoonlir.com"
220.227.161.85 - - [14/Nov/2015:18:19:20 -0800] "GET /wp-admin/admin-ajax.php?action=revslider_show_image&img=../wp-config.php HTTP/1.1" 404 73 "-" "Mozilla/5.0 (X11; Linux x86_64) AppleWebKit/537.31 (KHTML, like Gecko) Chrome/26.0.1410.63 Safari/537.31" "www.hoonlir.com"
220.227.161.85 - - [14/Nov/2015:18:19:24 -0800] "GET /wp-admin/admin-ajax.php?action=revslider_show_image&img=../../wp-config.php HTTP/1.1" 404 73 "-" "Mozilla/5.0 (X11; Linux x86_64) AppleWebKit/537.31 (KHTML, like Gecko) Chrome/26.0.1410.63 Safari/537.31" "www.hoonlir.com"
220.227.161.85 - - [14/Nov/2015:18:19:28 -0800] "GET /wp-admin/admin-ajax.php?action=revslider_show_image&img=../../../wp-config.php HTTP/1.1" 404 73 "-" "Mozilla/5.0 (X11; Linux x86_64) AppleWebKit/537.31 (KHTML, like Gecko) Chrome/26.0.1410.63 Safari/537.31" "www.hoonlir.com"
220.227.161.85 - - [14/Nov/2015:18:19:31 -0800] "GET /wp-admin/admin-ajax.php?action=revslider_show_image&img=../../../../wp-config.php HTTP/1.1" 404 73 "-" "Mozilla/5.0 (X11; Linux x86_64) AppleWebKit/537.31 (KHTML, like Gecko) Chrome/26.0.1410.63 Safari/537.31" "www.hoonlir.com"
220.227.161.85 - - [14/Nov/2015:18:19:35 -0800] "GET /wp-admin/admin-ajax.php?action=revslider_show_image&img=../../../../../wp-config.php HTTP/1.1" 404 73 "-" "Mozilla/5.0 (X11; Linux x86_64) AppleWebKit/537.31 (KHTML, like Gecko) Chrome/26.0.1410.63 Safari/537.31" "www.hoonlir.com"
188.208.218.19 - - [14/Nov/2015:18:22:17 -0800] "GET /logs/access.log HTTP/1.1" 200 1568 "http://www.hoonlir.com/" "Mozilla/5.0 (Macintosh; Intel Mac OS X 10.9; rv:35.0) Gecko/20100101 Firefox/35.0" "www.hoonlir.com"
37.59.10.111 - - [14/Nov/2015:18:28:44 -0800] "GET /logs/access.log&amp;sa=U&amp;ved=0CHEQFjAQahUKEwiB9qCpopHJAhXGuBoKHeBvDTo&amp;usg=AFQjCNGCdnmtMVWIoxZGsyg413mYNR4FzA/wp-admin/admin-ajax.php?action=revslider_show_image&img=../wp-config.php HTTP/1.1" 404 73 "-" "Mozilla/5.0 (Windows; U; Windows NT 5.1; en-US; rv:1.9.2) Gecko/20100115 Firefox/3.6" "www.hoonlir.com"
31.184.238.87 - - [14/Nov/2015:18:31:09 -0800] "GET /logs/access.log HTTP/1.1" 200 11042 "http://spironolactone-100mg-buy-cheap.soup.io" "Mozilla/5.0 (Windows NT 6.0) AppleWebKit/537.36 (KHTML, like Gecko) Chrome/32.0.1700.107 Safari/537.36" "www.hoonlir.com"
31.184.238.87 - - [14/Nov/2015:18:37:40 -0800] "GET /logs/access.log HTTP/1.1" 200 11302 "http://ordercabergoline05mgonlinewithoutrx.soup.io" "Opera/9.80 (Windows NT 5.1) Presto/2.12.388 Version/12.16" "www.hoonlir.com"
157.55.39.117 - - [14/Nov/2015:18:42:08 -0800] "GET /fest_mooncake4r.html HTTP/1.1" 200 2533 "-" "Mozilla/5.0 (compatible; bingbot/2.0; +http://www.bing.com/bingbot.htm)" "hoonlir.com"
157.55.39.117 - - [14/Nov/2015:18:42:08 -0800] "GET /logs/cake_window884.html HTTP/1.1" 200 2417 "-" "Mozilla/5.0 (compatible; bingbot/2.0; +http://www.bing.com/bingbot.htm)" "hoonlir.com"
157.55.39.117 - - [14/Nov/2015:18:42:08 -0800] "GET /logs/cele_windows884.html HTTP/1.1" 200 2563 "-" "Mozilla/5.0 (compatible; bingbot/2.0; +http://www.bing.com/bingbot.htm)" "hoonlir.com"
157.55.39.117 - - [14/Nov/2015:18:42:08 -0800] "GET /cake_handle101055.html HTTP/1.1" 200 2432 "-" "Mozilla/5.0 (compatible; bingbot/2.0; +http://www.bing.com/bingbot.htm)" "hoonlir.com"
157.55.39.117 - - [14/Nov/2015:18:42:08 -0800] "GET /cake_handle1054.html HTTP/1.1" 200 2401 "-" "Mozilla/5.0 (compatible; bingbot/2.0; +http://www.bing.com/bingbot.htm)" "hoonlir.com"
157.55.39.117 - - [14/Nov/2015:18:42:08 -0800] "GET /cele_cupcake12.html HTTP/1.1" 200 2591 "-" "Mozilla/5.0 (compatible; bingbot/2.0; +http://www.bing.com/bingbot.htm)" "hoonlir.com"
157.55.39.117 - - [14/Nov/2015:18:42:08 -0800] "GET /logs/cake_handbag885.html HTTP/1.1" 200 2425 "-" "Mozilla/5.0 (compatible; bingbot/2.0; +http://www.bing.com/bingbot.htm)" "hoonlir.com"
157.55.39.117 - - [14/Nov/2015:18:42:08 -0800] "GET /tmp/ HTTP/1.1" 200 568 "-" "Mozilla/5.0 (compatible; bingbot/2.0; +http://www.bing.com/bingbot.htm)" "hoonlir.com"
157.55.39.117 - - [14/Nov/2015:18:42:09 -0800] "GET /logs/cele_handbag10105.html HTTP/1.1" 200 2574 "-" "Mozilla/5.0 (compatible; bingbot/2.0; +http://www.bing.com/bingbot.htm)" "hoonlir.com"
157.55.39.117 - - [14/Nov/2015:18:42:28 -0800] "GET /logs/cake_handbag10105.html HTTP/1.1" 200 2424 "-" "Mozilla/5.0 (compatible; bingbot/2.0; +http://www.bing.com/bingbot.htm)" "hoonlir.com"
31.184.238.87 - - [14/Nov/2015:18:43:44 -0800] "GET /logs/access.log HTTP/1.1" 200 13384 "http://buychloroquineonlinelowprice.snack.ws" "Opera/9.80 (Windows NT 6.1; WOW64) Presto/2.12.388 Version/12.15" "www.hoonlir.com"
31.184.238.87 - - [14/Nov/2015:18:50:04 -0800] "GET /logs/access.log HTTP/1.1" 200 13605 "http://gravatar.com/malbuddtrojrichphyna" "Mozilla/5.0 (Windows NT 6.2; WOW64; rv:27.0) Gecko/20100101 Firefox/27.0" "www.hoonlir.com"
31.184.238.87 - - [14/Nov/2015:18:56:21 -0800] "GET /logs/access.log HTTP/1.1" 200 13830 "http://www.theknot.com/wedding/clozaril-and-delivery" "Mozilla/5.0 (Windows NT 6.1) AppleWebKit/537.36 (KHTML, like Gecko) Chrome/32.0.1700.102 Safari/537.36" "www.hoonlir.com"
31.184.238.87 - - [14/Nov/2015:19:02:24 -0800] "GET /logs/access.log HTTP/1.1" 200 14097 "http://order-lotrel-5mg-without-prescription.soup.io" "Mozilla/5.0 (Windows NT 6.1) AppleWebKit/537.36 (KHTML, like Gecko) Chrome/32.0.1700.107 Safari/537.36" "www.hoonlir.com"
31.184.238.87 - - [14/Nov/2015:19:08:34 -0800] "GET /logs/access.log HTTP/1.1" 200 14364 "http://krdomperidone10mg.forumcircle.com" "Mozilla/5.0 (Windows NT 6.1) AppleWebKit/537.36 (KHTML, like Gecko) Chrome/30.0.1599.13014 YaBrowser/13.12.1599.13014 Safari/537.36" "www.hoonlir.com"
31.184.238.87 - - [14/Nov/2015:19:14:41 -0800] "GET /logs/access.log HTTP/1.1" 200 14648 "http://www.theknot.com/wedding/maxalt-and-prescription" "Mozilla/5.0 (Windows NT 6.1; WOW64) AppleWebKit/537.36 (KHTML, like Gecko) Chrome/33.0.1750.117 Safari/537.36 OPR/20.0.1387.64" "www.hoonlir.com"
31.184.238.87 - - [14/Nov/2015:19:20:49 -0800] "GET /logs/access.log HTTP/1.1" 200 14941 "http://gravatar.com/mborlistat120mg" "Mozilla/5.0 (Windows NT 5.1) AppleWebKit/537.36 (KHTML, like Gecko) Chrome/33.0.1750.117 Safari/537.36" "www.hoonlir.com"
31.184.238.87 - - [14/Nov/2015:19:27:02 -0800] "GET /logs/access.log HTTP/1.1" 200 15191 "http://lipitorp9.forumcircle.com" "Mozilla/5.0 (Windows NT 6.1; WOW64; rv:27.0) Gecko/20100101 Firefox/27.0" "www.hoonlir.com"
31.184.238.87 - - [14/Nov/2015:19:33:14 -0800] "GET /logs/access.log HTTP/1.1" 200 15408 "http://umlamivudine.forumcircle.com" "Mozilla/5.0 (Windows NT 6.1) AppleWebKit/537.36 (KHTML, like Gecko) Chrome/33.0.1750.146 Safari/537.36" "www.hoonlir.com"
110.159.143.94 - - [14/Nov/2015:19:36:59 -0800] "GET / HTTP/1.1" 200 1890 "http://my101052666.fm.alibaba.com/contactinfo.html" "Mozilla/5.0 (Windows NT 6.1; WOW64) AppleWebKit/537.36 (KHTML, like Gecko) Chrome/46.0.2490.86 Safari/537.36" "www.hoonlir.com"
110.159.143.94 - - [14/Nov/2015:19:36:59 -0800] "GET /styles/layout.css HTTP/1.1" 200 1868 "http://www.hoonlir.com/" "Mozilla/5.0 (Windows NT 6.1; WOW64) AppleWebKit/537.36 (KHTML, like Gecko) Chrome/46.0.2490.86 Safari/537.36" "www.hoonlir.com"
110.159.143.94 - - [14/Nov/2015:19:36:59 -0800] "GET /scripts/jquery-1.4.1.min.js HTTP/1.1" 200 24134 "http://www.hoonlir.com/" "Mozilla/5.0 (Windows NT 6.1; WOW64) AppleWebKit/537.36 (KHTML, like Gecko) Chrome/46.0.2490.86 Safari/537.36" "www.hoonlir.com"
110.159.143.94 - - [14/Nov/2015:19:36:59 -0800] "GET /scripts/jquery.cycle.setup.js HTTP/1.1" 200 315 "http://www.hoonlir.com/" "Mozilla/5.0 (Windows NT 6.1; WOW64) AppleWebKit/537.36 (KHTML, like Gecko) Chrome/46.0.2490.86 Safari/537.36" "www.hoonlir.com"
110.159.143.94 - - [14/Nov/2015:19:36:59 -0800] "GET /scripts/jquery.cycle.min.js HTTP/1.1" 200 5486 "http://www.hoonlir.com/" "Mozilla/5.0 (Windows NT 6.1; WOW64) AppleWebKit/537.36 (KHTML, like Gecko) Chrome/46.0.2490.86 Safari/537.36" "www.hoonlir.com"
110.159.143.94 - - [14/Nov/2015:19:36:59 -0800] "GET /scripts/jquery.slidepanel.setup.js HTTP/1.1" 200 225 "http://www.hoonlir.com/" "Mozilla/5.0 (Windows NT 6.1; WOW64) AppleWebKit/537.36 (KHTML, like Gecko) Chrome/46.0.2490.86 Safari/537.36" "www.hoonlir.com"
110.159.143.94 - - [14/Nov/2015:19:36:59 -0800] "GET /styles/navi.css HTTP/1.1" 200 360 "http://www.hoonlir.com/" "Mozilla/5.0 (Windows NT 6.1; WOW64) AppleWebKit/537.36 (KHTML, like Gecko) Chrome/46.0.2490.86 Safari/537.36" "www.hoonlir.com"
110.159.143.94 - - [14/Nov/2015:19:36:59 -0800] "GET /images/header_logo.png HTTP/1.1" 200 11038 "http://www.hoonlir.com/" "Mozilla/5.0 (Windows NT 6.1; WOW64) AppleWebKit/537.36 (KHTML, like Gecko) Chrome/46.0.2490.86 Safari/537.36" "www.hoonlir.com"
110.159.143.94 - - [14/Nov/2015:19:37:00 -0800] "GET /styles/featured_slide.css HTTP/1.1" 200 632 "http://www.hoonlir.com/" "Mozilla/5.0 (Windows NT 6.1; WOW64) AppleWebKit/537.36 (KHTML, like Gecko) Chrome/46.0.2490.86 Safari/537.36" "www.hoonlir.com"
110.159.143.94 - - [14/Nov/2015:19:37:00 -0800] "GET /images/footer_worldmap.png HTTP/1.1" 200 23204 "http://www.hoonlir.com/" "Mozilla/5.0 (Windows NT 6.1; WOW64) AppleWebKit/537.36 (KHTML, like Gecko) Chrome/46.0.2490.86 Safari/537.36" "www.hoonlir.com"
110.159.143.94 - - [14/Nov/2015:19:37:00 -0800] "GET /images/slides_cakeboxptd2014.jpg HTTP/1.1" 200 359530 "http://www.hoonlir.com/" "Mozilla/5.0 (Windows NT 6.1; WOW64) AppleWebKit/537.36 (KHTML, like Gecko) Chrome/46.0.2490.86 Safari/537.36" "www.hoonlir.com"
110.159.143.94 - - [14/Nov/2015:19:37:00 -0800] "GET /images/slides_wedding_02.jpg HTTP/1.1" 200 116201 "http://www.hoonlir.com/" "Mozilla/5.0 (Windows NT 6.1; WOW64) AppleWebKit/537.36 (KHTML, like Gecko) Chrome/46.0.2490.86 Safari/537.36" "www.hoonlir.com"
110.159.143.94 - - [14/Nov/2015:19:37:00 -0800] "GET /images/slides_pizza_01.jpg HTTP/1.1" 200 155038 "http://www.hoonlir.com/" "Mozilla/5.0 (Windows NT 6.1; WOW64) AppleWebKit/537.36 (KHTML, like Gecko) Chrome/46.0.2490.86 Safari/537.36" "www.hoonlir.com"
110.159.143.94 - - [14/Nov/2015:19:37:00 -0800] "GET /images/background_header.png HTTP/1.1" 200 2916 "http://www.hoonlir.com/styles/layout.css" "Mozilla/5.0 (Windows NT 6.1; WOW64) AppleWebKit/537.36 (KHTML, like Gecko) Chrome/46.0.2490.86 Safari/537.36" "www.hoonlir.com"
110.159.143.94 - - [14/Nov/2015:19:37:00 -0800] "GET /images/topnav_a.png HTTP/1.1" 200 2848 "http://www.hoonlir.com/styles/navi.css" "Mozilla/5.0 (Windows NT 6.1; WOW64) AppleWebKit/537.36 (KHTML, like Gecko) Chrome/46.0.2490.86 Safari/537.36" "www.hoonlir.com"
110.159.143.94 - - [14/Nov/2015:19:37:00 -0800] "GET /images/slide.png HTTP/1.1" 200 231 "http://www.hoonlir.com/styles/featured_slide.css" "Mozilla/5.0 (Windows NT 6.1; WOW64) AppleWebKit/537.36 (KHTML, like Gecko) Chrome/46.0.2490.86 Safari/537.36" "www.hoonlir.com"
110.159.143.94 - - [14/Nov/2015:19:37:00 -0800] "GET /images/slides_mooncake2015.gif HTTP/1.1" 200 645711 "http://www.hoonlir.com/" "Mozilla/5.0 (Windows NT 6.1; WOW64) AppleWebKit/537.36 (KHTML, like Gecko) Chrome/46.0.2490.86 Safari/537.36" "www.hoonlir.com"
110.159.143.94 - - [14/Nov/2015:19:37:04 -0800] "GET /images/favicon.ico HTTP/1.1" 200 1150 "http://www.hoonlir.com/" "Mozilla/5.0 (Windows NT 6.1; WOW64) AppleWebKit/537.36 (KHTML, like Gecko) Chrome/46.0.2490.86 Safari/537.36" "www.hoonlir.com"
157.55.39.136 - - [14/Nov/2015:19:39:15 -0800] "GET /logs/cake_window101045.html HTTP/1.1" 200 2410 "-" "Mozilla/5.0 (compatible; bingbot/2.0; +http://www.bing.com/bingbot.htm)" "hoonlir.com"
157.55.39.136 - - [14/Nov/2015:19:39:15 -0800] "GET /fest_mooncake4t.html HTTP/1.1" 200 2533 "-" "Mozilla/5.0 (compatible; bingbot/2.0; +http://www.bing.com/bingbot.htm)" "hoonlir.com"
157.55.39.136 - - [14/Nov/2015:19:39:15 -0800] "GET /logs/access_150412.log HTTP/1.1" 200 66649 "-" "Mozilla/5.0 (compatible; bingbot/2.0; +http://www.bing.com/bingbot.htm)" "hoonlir.com"
157.55.39.136 - - [14/Nov/2015:19:39:16 -0800] "GET /logs/cake_handle8855.html HTTP/1.1" 200 2431 "-" "Mozilla/5.0 (compatible; bingbot/2.0; +http://www.bing.com/bingbot.htm)" "hoonlir.com"
157.55.39.136 - - [14/Nov/2015:19:39:16 -0800] "GET /logs/cele_cupcake4.html HTTP/1.1" 200 2590 "-" "Mozilla/5.0 (compatible; bingbot/2.0; +http://www.bing.com/bingbot.htm)" "hoonlir.com"
157.55.39.136 - - [14/Nov/2015:19:39:16 -0800] "GET /logs/cele_fruitart.html HTTP/1.1" 200 2520 "-" "Mozilla/5.0 (compatible; bingbot/2.0; +http://www.bing.com/bingbot.htm)" "hoonlir.com"
157.55.39.136 - - [14/Nov/2015:19:39:16 -0800] "GET /logs/cele_fullmoon85113.html HTTP/1.1" 200 2534 "-" "Mozilla/5.0 (compatible; bingbot/2.0; +http://www.bing.com/bingbot.htm)" "hoonlir.com"
157.55.39.136 - - [14/Nov/2015:19:39:16 -0800] "GET /logs/cele_fullmoon883.html HTTP/1.1" 200 2579 "-" "Mozilla/5.0 (compatible; bingbot/2.0; +http://www.bing.com/bingbot.htm)" "hoonlir.com"
157.55.39.136 - - [14/Nov/2015:19:39:16 -0800] "GET /cele_cupcake4.html HTTP/1.1" 200 2590 "-" "Mozilla/5.0 (compatible; bingbot/2.0; +http://www.bing.com/bingbot.htm)" "hoonlir.com"
157.55.39.136 - - [14/Nov/2015:19:39:16 -0800] "GET /logs/cele_miniheartshape.html HTTP/1.1" 200 2561 "-" "Mozilla/5.0 (compatible; bingbot/2.0; +http://www.bing.com/bingbot.htm)" "hoonlir.com"
157.55.39.136 - - [14/Nov/2015:19:39:16 -0800] "GET /logs/cele_minisweetwedding.html HTTP/1.1" 200 2563 "-" "Mozilla/5.0 (compatible; bingbot/2.0; +http://www.bing.com/bingbot.htm)" "hoonlir.com"
157.55.39.136 - - [14/Nov/2015:19:39:16 -0800] "GET /cele_cupcakeplain.html HTTP/1.1" 200 2677 "-" "Mozilla/5.0 (compatible; bingbot/2.0; +http://www.bing.com/bingbot.htm)" "hoonlir.com"
157.55.39.136 - - [14/Nov/2015:19:39:16 -0800] "GET /logs/cele_pizza.html HTTP/1.1" 200 2712 "-" "Mozilla/5.0 (compatible; bingbot/2.0; +http://www.bing.com/bingbot.htm)" "hoonlir.com"
157.55.39.136 - - [14/Nov/2015:19:39:16 -0800] "GET /logs/cele_wedding.html HTTP/1.1" 200 2529 "-" "Mozilla/5.0 (compatible; bingbot/2.0; +http://www.bing.com/bingbot.htm)" "hoonlir.com"
157.55.39.136 - - [14/Nov/2015:19:39:16 -0800] "GET /cake_handbag885.html HTTP/1.1" 200 2425 "-" "Mozilla/5.0 (compatible; bingbot/2.0; +http://www.bing.com/bingbot.htm)" "hoonlir.com"
157.55.39.136 - - [14/Nov/2015:19:39:17 -0800] "GET /logs/cake_handle1054.html HTTP/1.1" 200 2401 "-" "Mozilla/5.0 (compatible; bingbot/2.0; +http://www.bing.com/bingbot.htm)" "hoonlir.com"
157.55.39.136 - - [14/Nov/2015:19:39:17 -0800] "GET /cele_fruitart.html HTTP/1.1" 200 2520 "-" "Mozilla/5.0 (compatible; bingbot/2.0; +http://www.bing.com/bingbot.htm)" "hoonlir.com"
157.55.39.136 - - [14/Nov/2015:19:39:17 -0800] "GET /logs/cele_hokkaido.html HTTP/1.1" 200 2593 "-" "Mozilla/5.0 (compatible; bingbot/2.0; +http://www.bing.com/bingbot.htm)" "hoonlir.com"
31.184.238.87 - - [14/Nov/2015:19:39:31 -0800] "GET /logs/access.log HTTP/1.1" 200 23682 "http://mebeverine-135mg-order-safely.soup.io" "Mozilla/5.0 (Windows NT 5.1; rv:26.0) Gecko/20100101 Firefox/26.0" "www.hoonlir.com"
192.126.148.172 - - [14/Nov/2015:19:45:24 -0800] "GET /logs/access.log HTTP/1.1" 200 2829 "http://www.hoonlir.com/" "Mozilla/5.0 (Macintosh; Intel Mac OS X 10.9; rv:35.0) Gecko/20100101 Firefox/35.0" "www.hoonlir.com"
31.184.238.87 - - [14/Nov/2015:19:45:42 -0800] "GET /logs/access.log HTTP/1.1" 200 24122 "http://buyramiprilonlinefastdelivery.snack.ws" "Mozilla/5.0 (Windows NT 6.1; rv:26.0) Gecko/20100101 Firefox/26.0" "www.hoonlir.com"
31.184.238.87 - - [14/Nov/2015:19:51:54 -0800] "GET /logs/access.log HTTP/1.1" 200 24345 "http://jd2nevirapine.aircus.com" "Mozilla/5.0 (Windows NT 6.1; WOW64) AppleWebKit/537.36 (KHTML, like Gecko) Chrome/32.0.1700.107 Safari/537.36 OPR/19.0.1326.63" "www.hoonlir.com"
31.184.238.87 - - [14/Nov/2015:19:58:05 -0800] "GET /logs/access.log HTTP/1.1" 200 24615 "http://buyyasminforsale.soup.io" "Opera/9.80 (Windows NT 5.1) Presto/2.12.388 Version/12.16" "www.hoonlir.com"
123.125.71.36 - - [14/Nov/2015:20:00:07 -0800] "GET /robots.txt HTTP/1.1" 200 54 "-" "Mozilla/5.0 (Windows NT 5.1; rv:6.0.2) Gecko/20100101 Firefox/6.0.2" "www.hoonlir.com"
123.125.71.21 - - [14/Nov/2015:20:02:13 -0800] "GET / HTTP/1.1" 200 1890 "-" "Mozilla/5.0 (compatible; Baiduspider/2.0; +http://www.baidu.com/search/spider.html)" "www.hoonlir.com"
31.184.238.87 - - [14/Nov/2015:20:04:17 -0800] "GET /logs/access.log HTTP/1.1" 200 25170 "http://orderselegiline5mgonlinequickdelivery.soup.io" "Mozilla/5.0 (Windows NT 6.2; WOW64) AppleWebKit/537.36 (KHTML, like Gecko) Chrome/32.0.1700.107 Safari/537.36" "www.hoonlir.com"
31.184.238.87 - - [14/Nov/2015:20:10:39 -0800] "GET /logs/access.log HTTP/1.1" 200 25444 "http://buyzithromax100mgonlinelowprice.snack.ws" "Mozilla/5.0 (Windows NT 6.1; WOW64) AppleWebKit/537.36 (KHTML, like Gecko) Chrome/32.0.1700.102 Safari/537.36 OPR/19.0.1326.59" "www.hoonlir.com"
31.184.238.87 - - [14/Nov/2015:20:16:50 -0800] "GET /logs/access.log HTTP/1.1" 200 25730 "http://buy-nortriptyline.over-blog.com/2014/04/purchase-low-price-nortriptyline-online.html" "Mozilla/5.0 (Windows NT 6.1) AppleWebKit/537.36 (KHTML, like Gecko) Chrome/32.0.1700.107 Safari/537.36" "www.hoonlir.com"
31.184.238.87 - - [14/Nov/2015:20:23:01 -0800] "GET /logs/access.log HTTP/1.1" 200 26036 "http://azelastine-5mg-buy-without-rx.snack.ws" "Mozilla/5.0 (Windows NT 5.1; rv:27.0) Gecko/20100101 Firefox/27.0" "www.hoonlir.com"
31.184.238.87 - - [14/Nov/2015:20:29:13 -0800] "GET /logs/access.log HTTP/1.1" 200 26259 "http://www.theknot.com/wedding/price-and-drospirenone" "Opera/9.80 (Windows NT 6.1; WOW64) Presto/2.12.388 Version/12.16" "www.hoonlir.com"
31.184.238.87 - - [14/Nov/2015:20:35:33 -0800] "GET /logs/access.log HTTP/1.1" 200 26489 "http://buycarbidopalevodopawithoutrx.soup.io" "Mozilla/5.0 (Windows NT 6.1) AppleWebKit/537.36 (KHTML, like Gecko) Chrome/32.0.1700.76 Safari/537.36" "www.hoonlir.com"
123.125.71.90 - - [14/Nov/2015:20:35:34 -0800] "GET /cele_wedding.html HTTP/1.1" 200 2529 "-" "Mozilla/5.0 (compatible; Baiduspider/2.0; +http://www.baidu.com/search/spider.html)" "www.hoonlir.com"
31.184.238.87 - - [14/Nov/2015:20:41:44 -0800] "GET /logs/access.log HTTP/1.1" 200 26945 "http://gravatar.com/mattguamaciviwalk" "Mozilla/5.0 (Windows NT 6.3; WOW64; rv:27.0) Gecko/20100101 Firefox/27.0" "www.hoonlir.com"
191.101.121.206 - - [14/Nov/2015:20:47:15 -0800] "GET /logs/access.log HTTP/1.1" 200 3280 "http://www.hoonlir.com/" "Mozilla/5.0 (Macintosh; Intel Mac OS X 10.7; rv:34.0) Gecko/20100101 Firefox/34.0" "www.hoonlir.com"
31.184.238.87 - - [14/Nov/2015:20:47:56 -0800] "GET /logs/access.log HTTP/1.1" 200 27385 "http://orderipratropiumbromide.soup.io" "Mozilla/5.0 (Windows NT 5.1; rv:26.0) Gecko/20100101 Firefox/26.0" "www.hoonlir.com"
31.184.238.87 - - [14/Nov/2015:20:54:08 -0800] "GET /logs/access.log HTTP/1.1" 200 27601 "http://gravatar.com/ordertadalafilonline" "Mozilla/5.0 (Windows NT 6.1; WOW64) AppleWebKit/537.36 (KHTML, like Gecko) Chrome/33.0.1750.117 Safari/537.36 OPR/20.0.1387.64" "www.hoonlir.com"
31.184.238.87 - - [14/Nov/2015:21:00:20 -0800] "GET /logs/access.log HTTP/1.1" 200 27880 "http://buy-singulair-10mg.soup.io" "Mozilla/5.0 (Windows NT 6.1; WOW64) AppleWebKit/537.36 (KHTML, like Gecko) Chrome/32.0.1700.102 Safari/537.36 OPR/19.0.1326.59" "www.hoonlir.com"
157.55.39.243 - - [14/Nov/2015:21:01:30 -0800] "GET /cele_handbag10105.html HTTP/1.1" 200 2575 "-" "Mozilla/5.0 (compatible; bingbot/2.0; +http://www.bing.com/bingbot.htm)" "hoonlir.com"
157.55.39.243 - - [14/Nov/2015:21:01:30 -0800] "GET /logs/cake_foldingplain.html HTTP/1.1" 200 2720 "-" "Mozilla/5.0 (compatible; bingbot/2.0; +http://www.bing.com/bingbot.htm)" "hoonlir.com"
157.55.39.243 - - [14/Nov/2015:21:01:30 -0800] "GET /logs/cele_windows101045.html HTTP/1.1" 200 2559 "-" "Mozilla/5.0 (compatible; bingbot/2.0; +http://www.bing.com/bingbot.htm)" "hoonlir.com"
157.55.39.243 - - [14/Nov/2015:21:01:30 -0800] "GET /cake_foldingptd.html HTTP/1.1" 200 2660 "-" "Mozilla/5.0 (compatible; bingbot/2.0; +http://www.bing.com/bingbot.htm)" "hoonlir.com"
31.184.238.87 - - [14/Nov/2015:21:06:32 -0800] "GET /logs/access.log HTTP/1.1" 200 28909 "http://trimethoprim-800mg-order-without-prescription.soup.io" "Mozilla/5.0 (Windows NT 6.1; WOW64) AppleWebKit/537.36 (KHTML, like Gecko) Chrome/32.0.1700.107 Safari/537.36 OPR/19.0.1326.63" "www.hoonlir.com"
107.189.60.79 - - [14/Nov/2015:21:07:09 -0800] "HEAD / HTTP/1.1" 200 - "-" "Mozilla/5.0 (compatible; PrivacyAwareBot/1.1; +http://www.privacyaware.org)" "hoonlir.com"
107.189.60.79 - - [14/Nov/2015:21:07:09 -0800] "GET / HTTP/1.1" 200 1890 "-" "Mozilla/5.0 (X11;) Firefox/38.0" "hoonlir.com"
107.189.60.79 - - [14/Nov/2015:21:07:09 -0800] "GET /scripts/jquery-1.4.1.min.js HTTP/1.1" 200 24134 "http://hoonlir.com/" "Mozilla/5.0 (X11;) Firefox/38.0" "hoonlir.com"
107.189.60.79 - - [14/Nov/2015:21:07:09 -0800] "GET /scripts/jquery.cycle.setup.js HTTP/1.1" 200 517 "http://hoonlir.com/" "Mozilla/5.0 (X11;) Firefox/38.0" "hoonlir.com"
107.189.60.79 - - [14/Nov/2015:21:07:09 -0800] "GET /scripts/jquery.cycle.min.js HTTP/1.1" 200 5486 "http://hoonlir.com/" "Mozilla/5.0 (X11;) Firefox/38.0" "hoonlir.com"
107.189.60.79 - - [14/Nov/2015:21:07:09 -0800] "GET /scripts/jquery.slidepanel.setup.js HTTP/1.1" 200 225 "http://hoonlir.com/" "Mozilla/5.0 (X11;) Firefox/38.0" "hoonlir.com"
162.244.14.154 - - [14/Nov/2015:21:07:17 -0800] "GET /logs/access.log HTTP/1.1" 200 3586 "http://www.hoonlir.com/" "Mozilla/5.0 (Macintosh; Intel Mac OS X 10.7; rv:34.0) Gecko/20100101 Firefox/34.0" "www.hoonlir.com"
31.184.238.87 - - [14/Nov/2015:21:12:44 -0800] "GET /logs/access.log HTTP/1.1" 200 30405 "http://buyinderalonlinequickdelivery.soup.io" "Mozilla/5.0 (Windows NT 6.3; WOW64; rv:26.0) Gecko/20100101 Firefox/26.0" "www.hoonlir.com"
185.14.195.212 - - [14/Nov/2015:21:14:31 -0800] "GET /logs/access.log HTTP/1.1" 200 30634 "https://karadaclai.wordpress.com" "Mozilla/5.0 (Windows NT 10.0; WOW64) AppleWebKit/537.36 (KHTML, like Gecko) Chrome/45.0.2454.101 Safari/537.36" "www.hoonlir.com"
5.101.217.105 - - [14/Nov/2015:21:14:47 -0800] "GET /logs/access.log HTTP/1.1" 200 30890 "https://karadaclai.wordpress.com" "Mozilla/5.0 (Windows NT 6.1; WOW64) AppleWebKit/537.36 (KHTML, like Gecko) Chrome/45.0.2454.99 Safari/537.36" "www.hoonlir.com"
46.148.30.82 - - [14/Nov/2015:21:14:47 -0800] "GET /logs/access.log HTTP/1.1" 200 30890 "https://karadaclai.wordpress.com" "Mozilla/5.0 (Windows NT 6.3; WOW64) AppleWebKit/537.36 (KHTML, like Gecko) Chrome/45.0.2454.99 Safari/537.36" "www.hoonlir.com"
5.101.217.52 - - [14/Nov/2015:21:14:48 -0800] "GET /logs/access.log HTTP/1.1" 200 31143 "https://karadaclai.wordpress.com" "Mozilla/5.0 (Windows NT 6.1; WOW64) AppleWebKit/537.36 (KHTML, like Gecko) Chrome/45.0.2454.99 Safari/537.36" "www.hoonlir.com"
157.55.39.243 - - [14/Nov/2015:21:16:27 -0800] "GET /cake_handbag10105.html HTTP/1.1" 200 2424 "-" "Mozilla/5.0 (compatible; bingbot/2.0; +http://www.bing.com/bingbot.htm)" "hoonlir.com"
157.55.39.243 - - [14/Nov/2015:21:16:27 -0800] "GET /logs/cake_handle101055.html HTTP/1.1" 200 2432 "-" "Mozilla/5.0 (compatible; bingbot/2.0; +http://www.bing.com/bingbot.htm)" "hoonlir.com"
157.55.39.243 - - [14/Nov/2015:21:16:28 -0800] "GET /logs/cele_handle1054.html HTTP/1.1" 200 2549 "-" "Mozilla/5.0 (compatible; bingbot/2.0; +http://www.bing.com/bingbot.htm)" "hoonlir.com"
157.55.39.243 - - [14/Nov/2015:21:16:28 -0800] "GET /logs/cele_handle101055.html HTTP/1.1" 200 2579 "-" "Mozilla/5.0 (compatible; bingbot/2.0; +http://www.bing.com/bingbot.htm)" "hoonlir.com"
157.55.39.243 - - [14/Nov/2015:21:16:28 -0800] "GET / HTTP/1.1" 200 1890 "-" "Mozilla/5.0 (compatible; bingbot/2.0; +http://www.bing.com/bingbot.htm)" "hoonlir.com"
31.184.238.87 - - [14/Nov/2015:21:19:03 -0800] "GET /logs/access.log HTTP/1.1" 200 32573 "http://ordercelebrexonlinelowprice.soup.io" "Mozilla/5.0 (Windows NT 6.1; rv:26.0) Gecko/20100101 Firefox/26.0" "www.hoonlir.com"
31.184.238.87 - - [14/Nov/2015:21:25:12 -0800] "GET /logs/access.log HTTP/1.1" 200 32793 "http://buyindinavirfastshipping.snack.ws" "Mozilla/5.0 (Windows NT 6.1) AppleWebKit/537.36 (KHTML, like Gecko) Chrome/30.0.1599.13014 YaBrowser/13.12.1599.13014 Safari/537.36" "www.hoonlir.com"
31.184.238.87 - - [14/Nov/2015:21:31:25 -0800] "GET /logs/access.log HTTP/1.1" 200 33077 "http://buymetformin850mgonlinefinland.aircus.com" "Mozilla/5.0 (Windows NT 6.3; WOW64) AppleWebKit/537.36 (KHTML, like Gecko) Chrome/32.0.1700.102 Safari/537.36" "www.hoonlir.com"
31.184.238.87 - - [14/Nov/2015:21:37:53 -0800] "GET /logs/access.log HTTP/1.1" 200 33347 "http://lzglyburide5mg.forumcircle.com" "Mozilla/5.0 (Windows NT 6.2; WOW64; rv:27.0) Gecko/20100101 Firefox/27.0" "www.hoonlir.com"
31.184.238.87 - - [14/Nov/2015:21:44:01 -0800] "GET /logs/access.log HTTP/1.1" 200 33569 "http://buy-gemfibrozil.snack.ws" "Mozilla/5.0 (Windows NT 5.1) AppleWebKit/537.36 (KHTML, like Gecko) Chrome/33.0.1750.146 Safari/537.36" "www.hoonlir.com"
87.98.216.67 - - [14/Nov/2015:21:48:30 -0800] "GET /logs/access.log HTTP/1.1" 200 3945 "http://www.hoonlir.com/" "Mozilla/5.0 (Macintosh; Intel Mac OS X 10.7; rv:34.0) Gecko/20100101 Firefox/34.0" "www.hoonlir.com"
31.184.238.87 - - [14/Nov/2015:21:50:24 -0800] "GET /logs/access.log HTTP/1.1" 200 34030 "http://order-calcitriol-online.tumblr.com" "Mozilla/5.0 (Windows NT 6.2; WOW64) AppleWebKit/537.36 (KHTML, like Gecko) Chrome/32.0.1700.107 Safari/537.36" "www.hoonlir.com"
31.184.238.87 - - [14/Nov/2015:21:57:14 -0800] "GET /logs/access.log HTTP/1.1" 200 34293 "http://order-calcitriol.over-blog.com/2014/04/buy-calcitriol-0-25mg-cheap-buy-calcitriol-pills.html" "Mozilla/5.0 (Windows NT 6.3; WOW64; rv:27.0) Gecko/20100101 Firefox/27.0" "www.hoonlir.com"
157.55.39.245 - - [14/Nov/2015:21:59:10 -0800] "GET /logs/access_150222.log HTTP/1.1" 200 38081 "-" "Mozilla/5.0 (compatible; bingbot/2.0; +http://www.bing.com/bingbot.htm)" "hoonlir.com"
157.55.39.245 - - [14/Nov/2015:21:59:13 -0800] "GET /cake_window884.html HTTP/1.1" 200 2417 "-" "Mozilla/5.0 (compatible; bingbot/2.0; +http://www.bing.com/bingbot.htm)" "hoonlir.com"
31.184.238.87 - - [14/Nov/2015:22:03:33 -0800] "GET /logs/access.log HTTP/1.1" 200 34949 "http://h6ealbenza400mg.forumcircle.com" "Mozilla/5.0 (Windows NT 6.1; WOW64) AppleWebKit/537.36 (KHTML, like Gecko) Chrome/32.0.1700.102 Safari/537.36 OPR/19.0.1326.59" "www.hoonlir.com"
31.184.238.87 - - [14/Nov/2015:22:09:52 -0800] "GET /logs/access.log HTTP/1.1" 200 35226 "http://acetazolamide250mgp6t.over-blog.com/2014/04/buy-acetazolamide.html" "Opera/9.80 (Windows NT 6.1; WOW64) Presto/2.12.388 Version/12.15" "www.hoonlir.com"
31.184.238.87 - - [14/Nov/2015:22:16:36 -0800] "GET /logs/access.log HTTP/1.1" 200 35476 "http://www.theknot.com/wedding/theophylline-and-fast" "Mozilla/5.0 (Windows NT 6.2; WOW64) AppleWebKit/537.36 (KHTML, like Gecko) Chrome/32.0.1700.76 Safari/537.36" "www.hoonlir.com"
157.55.39.245 - - [14/Nov/2015:22:19:50 -0800] "GET /robots.txt HTTP/1.1" 200 38 "-" "Mozilla/5.0 (compatible; bingbot/2.0; +http://www.bing.com/bingbot.htm)" "www.hoonlir.com"
178.211.187.178 - - [14/Nov/2015:22:20:28 -0800] "GET /logs/access.log HTTP/1.1" 200 35926 "http://buyviagraonline24hours.com" "Mozilla/5.0 (Windows NT 6.1) AppleWebKit/537.36 (KHTML, like Gecko) Chrome/45.0.2454.99 Safari/537.36" "www.hoonlir.com"
178.211.187.178 - - [14/Nov/2015:22:20:34 -0800] "GET /logs/access.log HTTP/1.1" 200 36175 "http://buyviagraonline24hours.com" "Mozilla/5.0 (Windows NT 6.1) AppleWebKit/537.36 (KHTML, like Gecko) Chrome/45.0.2454.101 Safari/537.36" "www.hoonlir.com"
178.211.187.178 - - [14/Nov/2015:22:20:34 -0800] "GET /logs/access.log HTTP/1.1" 200 36175 "http://buyviagraonline24hours.com" "Mozilla/5.0 (Windows NT 6.1; WOW64; rv:40.0) Gecko/20100101 Firefox/40.0" "www.hoonlir.com"
178.211.187.178 - - [14/Nov/2015:22:20:35 -0800] "GET /logs/access.log HTTP/1.1" 200 36645 "http://buyviagraonline24hours.com" "Mozilla/5.0 (Windows NT 6.3; WOW64; rv:40.0) Gecko/20100101 Firefox/40.0" "www.hoonlir.com"
178.211.187.178 - - [14/Nov/2015:22:20:35 -0800] "GET /logs/access.log HTTP/1.1" 200 36645 "http://buyviagraonline24hours.com" "Mozilla/5.0 (Windows NT 6.1; WOW64; rv:41.0) Gecko/20100101 Firefox/41.0" "www.hoonlir.com"
157.55.39.245 - - [14/Nov/2015:22:21:52 -0800] "GET /fest_paperbaglarge.html HTTP/1.1" 200 2466 "-" "Mozilla/5.0 (compatible; bingbot/2.0; +http://www.bing.com/bingbot.htm)" "www.hoonlir.com"
31.184.238.87 - - [14/Nov/2015:22:22:50 -0800] "GET /logs/access.log HTTP/1.1" 200 37277 "http://buybromocriptinefastshipping.soup.io" "Mozilla/5.0 (Windows NT 6.1; WOW64; rv:26.0) Gecko/20100101 Firefox/26.0" "www.hoonlir.com"
139.142.233.82 - - [14/Nov/2015:22:25:59 -0800] "GET /wp-admin/admin-ajax.php HTTP/1.1" 404 73 "-" "Mozilla/5.0 (Windows; U; Windows NT 5.1; en-US; rv:1.9.2) Gecko/20100115 Firefox/3.6" "www.hoonlir.com"
139.142.233.82 - - [14/Nov/2015:22:25:59 -0800] "GET /logs/wp-admin/admin-ajax.php HTTP/1.1" 404 73 "-" "Mozilla/5.0 (Windows; U; Windows NT 5.1; en-US; rv:1.9.2) Gecko/20100115 Firefox/3.6" "www.hoonlir.com"
139.142.233.82 - - [14/Nov/2015:22:26:02 -0800] "POST /wp-admin/admin-ajax.php HTTP/1.1" 404 73 "-" "Mozilla/5.0 (Windows; U; Windows NT 5.1; en-US; rv:1.9.2) Gecko/20100115 Firefox/3.6" "www.hoonlir.com"
139.142.233.82 - - [14/Nov/2015:22:26:03 -0800] "POST /logs/wp-admin/admin-ajax.php HTTP/1.1" 404 73 "-" "Mozilla/5.0 (Windows; U; Windows NT 5.1; en-US; rv:1.9.2) Gecko/20100115 Firefox/3.6" "www.hoonlir.com"
139.142.233.82 - - [14/Nov/2015:22:26:04 -0800] "POST /logs/wp-admin/admin-ajax.php HTTP/1.1" 404 73 "-" "Mozilla/5.0 (Windows; U; Windows NT 5.1; en-US; rv:1.9.2) Gecko/20100115 Firefox/3.6" "www.hoonlir.com"
139.142.233.82 - - [14/Nov/2015:22:26:04 -0800] "POST /wp-admin/admin-ajax.php HTTP/1.1" 404 73 "-" "Mozilla/5.0 (Windows; U; Windows NT 5.1; en-US; rv:1.9.2) Gecko/20100115 Firefox/3.6" "www.hoonlir.com"
139.142.233.82 - - [14/Nov/2015:22:26:08 -0800] "GET /logs/ HTTP/1.1" 200 14475 "-" "Mozilla/5.0 (Windows; U; Windows NT 5.1; en-US; rv:1.9.2) Gecko/20100115 Firefox/3.6" "www.hoonlir.com"
139.142.233.82 - - [14/Nov/2015:22:26:08 -0800] "GET / HTTP/1.1" 200 5846 "-" "Mozilla/5.0 (Windows; U; Windows NT 5.1; en-US; rv:1.9.2) Gecko/20100115 Firefox/3.6" "www.hoonlir.com"
139.142.233.82 - - [14/Nov/2015:22:26:08 -0800] "GET /logs/ HTTP/1.1" 200 14475 "-" "Mozilla/5.0 (Windows; U; Windows NT 5.1; en-US; rv:1.9.2) Gecko/20100115 Firefox/3.6" "www.hoonlir.com"
139.142.233.82 - - [14/Nov/2015:22:26:09 -0800] "GET / HTTP/1.1" 200 5846 "-" "Mozilla/5.0 (Windows; U; Windows NT 5.1; en-US; rv:1.9.2) Gecko/20100115 Firefox/3.6" "www.hoonlir.com"
31.184.238.87 - - [14/Nov/2015:22:29:03 -0800] "GET /logs/access.log HTTP/1.1" 200 39492 "http://clindamycin-buy-safely.snack.ws" "Mozilla/5.0 (Windows NT 6.1) AppleWebKit/537.36 (KHTML, like Gecko) Chrome/30.0.1599.13014 YaBrowser/13.12.1599.13014 Safari/537.36" "www.hoonlir.com"
31.184.238.87 - - [14/Nov/2015:22:35:39 -0800] "GET /logs/access.log HTTP/1.1" 200 39774 "http://www.purevolume.com/hydroxyurea500mgbuywithoutrx" "Mozilla/5.0 (Windows NT 5.1) AppleWebKit/537.36 (KHTML, like Gecko) Chrome/33.0.1750.146 Safari/537.36" "www.hoonlir.com"
103.195.239.137 - - [14/Nov/2015:22:36:17 -0800] "GET /logs/access.log HTTP/1.1" 200 40043 "http://www.hoonlir.com/" "Mozilla/5.0 (Macintosh; Intel Mac OS X 10_10_0) AppleWebKit/537.36 (KHTML, like Gecko) Chrome/39.0.2171.95 Safari/537.36" "www.hoonlir.com"
31.184.238.87 - - [14/Nov/2015:22:41:51 -0800] "GET /logs/access.log HTTP/1.1" 200 40301 "http://www.theknot.com/wedding/price-and-estrace" "Mozilla/5.0 (Windows NT 6.1) AppleWebKit/537.36 (KHTML, like Gecko) Chrome/32.0.1700.76 Safari/537.36" "www.hoonlir.com"
37.187.79.229 - - [14/Nov/2015:22:44:47 -0800] "GET /wp-admin/admin-ajax.php HTTP/1.1" 404 73 "-" "Mozilla/5.0 (Windows; U; Windows NT 5.1; en-US; rv:1.9.2) Gecko/20100115 Firefox/3.6" "www.hoonlir.com"
37.187.79.229 - - [14/Nov/2015:22:44:47 -0800] "GET /logs/wp-admin/admin-ajax.php HTTP/1.1" 404 73 "-" "Mozilla/5.0 (Windows; U; Windows NT 5.1; en-US; rv:1.9.2) Gecko/20100115 Firefox/3.6" "www.hoonlir.com"
37.187.79.229 - - [14/Nov/2015:22:44:47 -0800] "POST /wp-admin/admin-ajax.php HTTP/1.1" 404 73 "-" "Mozilla/5.0 (compatible; MSIE 10.0; Windows NT 6.1; WOW64; Trident/6.0)" "www.hoonlir.com"
37.187.79.229 - - [14/Nov/2015:22:44:48 -0800] "POST /logs/wp-admin/admin-ajax.php HTTP/1.1" 404 73 "-" "Mozilla/5.0 (compatible; MSIE 10.0; Windows NT 6.1; WOW64; Trident/6.0)" "www.hoonlir.com"
37.187.79.229 - - [14/Nov/2015:22:44:47 -0800] "POST /wp-admin/admin-ajax.php HTTP/1.1" 404 73 "-" "Mozilla/5.0 (compatible; MSIE 10.0; Windows NT 6.1; WOW64; Trident/6.0)" "www.hoonlir.com"
37.187.79.229 - - [14/Nov/2015:22:44:48 -0800] "POST /wp-admin/admin-ajax.php HTTP/1.1" 404 73 "-" "Mozilla/5.0 (compatible; MSIE 10.0; Windows NT 6.1; WOW64; Trident/6.0)" "www.hoonlir.com"
37.187.79.229 - - [14/Nov/2015:22:44:48 -0800] "POST /logs/wp-admin/admin-ajax.php HTTP/1.1" 404 73 "-" "Mozilla/5.0 (compatible; MSIE 10.0; Windows NT 6.1; WOW64; Trident/6.0)" "www.hoonlir.com"
37.187.79.229 - - [14/Nov/2015:22:44:48 -0800] "GET / HTTP/1.1" 200 5846 "-" "Mozilla/5.0 (Windows; U; Windows NT 5.1; en-US; rv:1.9.2) Gecko/20100115 Firefox/3.6" "www.hoonlir.com"
37.187.79.229 - - [14/Nov/2015:22:44:48 -0800] "POST /logs/wp-admin/admin-ajax.php HTTP/1.1" 404 73 "-" "Mozilla/5.0 (compatible; MSIE 10.0; Windows NT 6.1; WOW64; Trident/6.0)" "www.hoonlir.com"
37.187.79.229 - - [14/Nov/2015:22:44:49 -0800] "GET / HTTP/1.1" 200 5846 "-" "Mozilla/5.0 (Windows; U; Windows NT 5.1; en-US; rv:1.9.2) Gecko/20100115 Firefox/3.6" "www.hoonlir.com"
37.187.79.229 - - [14/Nov/2015:22:44:49 -0800] "GET /wp-admin/admin-ajax.php?action=revslider_show_image&img=../wp-config.php HTTP/1.1" 404 73 "-" "Mozilla/5.0 (Windows; U; Windows NT 5.1; en-US; rv:1.9.2) Gecko/20100115 Firefox/3.6" "www.hoonlir.com"
37.187.79.229 - - [14/Nov/2015:22:44:49 -0800] "GET /logs/ HTTP/1.1" 200 14475 "-" "Mozilla/5.0 (Windows; U; Windows NT 5.1; en-US; rv:1.9.2) Gecko/20100115 Firefox/3.6" "www.hoonlir.com"
37.187.79.229 - - [14/Nov/2015:22:44:49 -0800] "GET /wp-admin/admin-ajax.php?action=revolution-slider_show_image&img=../wp-config.php HTTP/1.1" 404 73 "-" "Mozilla/5.0 (Windows; U; Windows NT 5.1; en-US; rv:1.9.2) Gecko/20100115 Firefox/3.6" "www.hoonlir.com"
37.187.79.229 - - [14/Nov/2015:22:44:49 -0800] "GET /logs/ HTTP/1.1" 200 14475 "-" "Mozilla/5.0 (Windows; U; Windows NT 5.1; en-US; rv:1.9.2) Gecko/20100115 Firefox/3.6" "www.hoonlir.com"
37.187.79.229 - - [14/Nov/2015:22:44:50 -0800] "GET /logs/wp-admin/admin-ajax.php?action=revslider_show_image&img=../wp-config.php HTTP/1.1" 404 73 "-" "Mozilla/5.0 (Windows; U; Windows NT 5.1; en-US; rv:1.9.2) Gecko/20100115 Firefox/3.6" "www.hoonlir.com"
37.187.79.229 - - [14/Nov/2015:22:44:50 -0800] "GET /logs/wp-admin/admin-ajax.php?action=revolution-slider_show_image&img=../wp-config.php HTTP/1.1" 404 73 "-" "Mozilla/5.0 (Windows; U; Windows NT 5.1; en-US; rv:1.9.2) Gecko/20100115 Firefox/3.6" "www.hoonlir.com"
31.184.238.87 - - [14/Nov/2015:22:48:04 -0800] "GET /logs/access.log HTTP/1.1" 200 43909 "http://desloratadine-5mg-buy-safely.soup.io" "Mozilla/5.0 (Windows NT 6.1; WOW64) AppleWebKit/537.36 (KHTML, like Gecko) Chrome/31.0.1650.63 Safari/537.36 OPR/18.0.1284.68" "www.hoonlir.com"
31.184.238.87 - - [14/Nov/2015:23:00:45 -0800] "GET /logs/access.log HTTP/1.1" 200 44190 "http://buydisulfiram500mglowprice.soup.io" "Mozilla/5.0 (Windows NT 6.0) AppleWebKit/537.36 (KHTML, like Gecko) Chrome/32.0.1700.107 Safari/537.36" "www.hoonlir.com"
5.9.37.121 - - [14/Nov/2015:23:03:34 -0800] "GET /logs/access.log HTTP/1.1" 200 44446 "http://3arobotok.blox.ua" "Mozilla/5.0 (Windows NT 6.1; WOW64; rv:33.0) Gecko/20100101 Firefox/33.0" "www.hoonlir.com"
5.9.37.121 - - [14/Nov/2015:23:03:34 -0800] "GET /logs/access.log HTTP/1.1" 200 44652 "http://3arobotok.blox.ua" "Mozilla/5.0 (Windows NT 6.1; WOW64) AppleWebKit/537.36 (KHTML, like Gecko) Chrome/37.0.2062.124 YaBrowser/14.10.2062.12061 Safari/537.36" "www.hoonlir.com"
5.9.37.121 - - [14/Nov/2015:23:03:35 -0800] "GET /logs/access.log HTTP/1.1" 200 44652 "http://3arobotok.blox.ua" "Mozilla/5.0 (Windows NT 6.3; WOW64) AppleWebKit/537.36 (KHTML, like Gecko) Chrome/39.0.2171.65 Safari/537.36" "www.hoonlir.com"
5.9.37.121 - - [14/Nov/2015:23:03:35 -0800] "GET /logs/access.log HTTP/1.1" 200 44652 "http://3arobotok.blox.ua" "Mozilla/4.0 (compatible; MSIE 8.0; Windows NT 5.1; Trident/4.0; MRA 5.10 (build 5339); GTB7.5; .NET CLR 2.0.50727; .NET CLR 3.0.4506.2152; .NET CLR 3.5.30729; .NET4.0C; .NET4.0E; .NET CLR 1.1.4322)" "www.hoonlir.com"
31.184.238.87 - - [14/Nov/2015:23:07:00 -0800] "GET /logs/access.log HTTP/1.1" 200 45495 "http://gravatar.com/disbisacodyl" "Mozilla/5.0 (Windows NT 6.0) AppleWebKit/537.36 (KHTML, like Gecko) Chrome/33.0.1750.146 Safari/537.36" "www.hoonlir.com"
31.184.238.87 - - [14/Nov/2015:23:13:31 -0800] "GET /logs/access.log HTTP/1.1" 200 45742 "http://revia50mgwu.forumcircle.com" "Mozilla/5.0 (Windows NT 5.1) AppleWebKit/537.36 (KHTML, like Gecko) Chrome/32.0.1700.76 Safari/537.36" "www.hoonlir.com"
31.184.238.87 - - [14/Nov/2015:23:20:15 -0800] "GET /logs/access.log HTTP/1.1" 200 45990 "http://glucovance-5mg-buy-online.soup.io" "Mozilla/5.0 (Windows NT 6.1; WOW64; rv:27.0) Gecko/20100101 Firefox/27.0" "www.hoonlir.com"
31.184.238.87 - - [14/Nov/2015:23:26:31 -0800] "GET /logs/access.log HTTP/1.1" 200 46215 "http://www.theknot.com/wedding/amiloride-and-prescription" "Opera/9.80 (Windows NT 6.1; WOW64) Presto/2.12.388 Version/12.15" "www.hoonlir.com"
31.184.238.87 - - [14/Nov/2015:23:33:02 -0800] "GET /logs/access.log HTTP/1.1" 200 46449 "http://gravatar.com/orderlexapro5mgnoprescript" "Mozilla/5.0 (Windows NT 6.2; WOW64) AppleWebKit/537.36 (KHTML, like Gecko) Chrome/32.0.1700.107 Safari/537.36" "www.hoonlir.com"
212.227.88.210 - - [14/Nov/2015:23:36:50 -0800] "GET /logs/access.log&amp;sa=U&amp;ved=0CNQBEBYwKDhkahUKEwi7qc-_75HJAhWCQBoKHe0JDiY&amp;usg=AFQjCNGCdnmtMVWIoxZGsyg413mYNR4FzA/wp-admin/admin-ajax.php?action=revslider_show_image&img=../wp-config.php HTTP/1.1" 404 73 "-" "Mozilla/5.0 (Windows; U; Windows NT 5.1; en-US; rv:1.9.2) Gecko/20100115 Firefox/3.6" "www.hoonlir.com"
212.227.88.210 - - [14/Nov/2015:23:36:51 -0800] "GET /wp-admin/admin-ajax.php?action=revslider_show_image&img=../wp-config.php HTTP/1.1" 404 73 "-" "Mozilla/5.0 (Windows; U; Windows NT 5.1; en-US; rv:1.9.2) Gecko/20100115 Firefox/3.6" "www.hoonlir.com"
212.227.88.210 - - [14/Nov/2015:23:36:51 -0800] "GET /logs/wp-admin/admin-ajax.php?action=revslider_show_image&img=../wp-config.php HTTP/1.1" 404 73 "-" "Mozilla/5.0 (Windows; U; Windows NT 5.1; en-US; rv:1.9.2) Gecko/20100115 Firefox/3.6" "www.hoonlir.com"
31.184.238.87 - - [14/Nov/2015:23:39:35 -0800] "GET /logs/access.log HTTP/1.1" 200 47602 "http://www.purevolume.com/buyamitriptylinenoprescription" "Mozilla/5.0 (Windows NT 6.3; WOW64) AppleWebKit/537.36 (KHTML, like Gecko) Chrome/32.0.1700.107 Safari/537.36" "www.hoonlir.com"
212.227.88.210 - - [14/Nov/2015:23:42:15 -0800] "GET /logs/access.log&amp;sa=U&amp;ved=0CNQBEBYwKDhkahUKEwiaoY7F75HJAhUHNhoKHROsDGg&amp;usg=AFQjCNGCdnmtMVWIoxZGsyg413mYNR4FzA/wp-admin/admin-ajax.php?action=revslider_show_image&img=../wp-config.php HTTP/1.1" 404 73 "-" "Mozilla/5.0 (Windows; U; Windows NT 5.1; en-US; rv:1.9.2) Gecko/20100115 Firefox/3.6" "www.hoonlir.com"
212.227.88.210 - - [14/Nov/2015:23:45:51 -0800] "GET /logs/access.log&amp;sa=U&amp;ved=0CNQBEBYwKDhkahUKEwjM0KzI75HJAhXJhhoKHS8XBro&amp;usg=AFQjCNGCdnmtMVWIoxZGsyg413mYNR4FzA/wp-admin/admin-ajax.php?action=revslider_show_image&img=../wp-config.php HTTP/1.1" 404 73 "-" "Mozilla/5.0 (Windows; U; Windows NT 5.1; en-US; rv:1.9.2) Gecko/20100115 Firefox/3.6" "www.hoonlir.com"
212.227.88.210 - - [14/Nov/2015:23:49:26 -0800] "GET /logs/access.log&amp;sa=U&amp;ved=0CNQBEBYwKDhkahUKEwinsMjK75HJAhXK0xoKHQNyBfQ&amp;usg=AFQjCNGCdnmtMVWIoxZGsyg413mYNR4FzA/wp-admin/admin-ajax.php?action=revslider_show_image&img=../wp-config.php HTTP/1.1" 404 73 "-" "Mozilla/5.0 (Windows; U; Windows NT 5.1; en-US; rv:1.9.2) Gecko/20100115 Firefox/3.6" "www.hoonlir.com"
212.227.88.210 - - [14/Nov/2015:23:53:19 -0800] "GET /logs/access.log&amp;sa=U&amp;ved=0CNQBEBYwKDhkahUKEwin3fbM75HJAhVKDxoKHaUcB7k&amp;usg=AFQjCNGCdnmtMVWIoxZGsyg413mYNR4FzA/wp-admin/admin-ajax.php?action=revslider_show_image&img=../wp-config.php HTTP/1.1" 404 73 "-" "Mozilla/5.0 (Windows; U; Windows NT 5.1; en-US; rv:1.9.2) Gecko/20100115 Firefox/3.6" "www.hoonlir.com"
212.227.88.210 - - [14/Nov/2015:23:56:45 -0800] "GET /logs/access.log&amp;sa=U&amp;ved=0CNQBEBYwKDhkahUKEwiGiI_P75HJAhWJtBoKHfaXDDo&amp;usg=AFQjCNGCdnmtMVWIoxZGsyg413mYNR4FzA/wp-admin/admin-ajax.php?action=revslider_show_image&img=../wp-config.php HTTP/1.1" 404 73 "-" "Mozilla/5.0 (Windows; U; Windows NT 5.1; en-US; rv:1.9.2) Gecko/20100115 Firefox/3.6" "www.hoonlir.com"
