61.6.48.2 - - [16/Nov/2015:23:54:25 -0800] "GET /images/cel_mini_02.jpg HTTP/1.1" 200 7762 "http://www.hoonlir.com/celebration.html" "Mozilla/5.0 (Windows NT 6.1; WOW64; rv:23.0) Gecko/20100101 Firefox/23.0" "www.hoonlir.com"
61.6.48.2 - - [16/Nov/2015:23:54:25 -0800] "GET /images/cel_pizza_01.jpg HTTP/1.1" 200 12241 "http://www.hoonlir.com/celebration.html" "Mozilla/5.0 (Windows NT 6.1; WOW64; rv:23.0) Gecko/20100101 Firefox/23.0" "www.hoonlir.com"
61.6.48.2 - - [16/Nov/2015:23:54:25 -0800] "GET /images/cel_wed_01.jpg HTTP/1.1" 200 10995 "http://www.hoonlir.com/celebration.html" "Mozilla/5.0 (Windows NT 6.1; WOW64; rv:23.0) Gecko/20100101 Firefox/23.0" "www.hoonlir.com"
61.6.48.2 - - [16/Nov/2015:23:54:25 -0800] "GET /images/cel_win_01.jpg HTTP/1.1" 200 10736 "http://www.hoonlir.com/celebration.html" "Mozilla/5.0 (Windows NT 6.1; WOW64; rv:23.0) Gecko/20100101 Firefox/23.0" "www.hoonlir.com"
61.6.48.2 - - [16/Nov/2015:23:54:25 -0800] "GET /images/cel_win_02.jpg HTTP/1.1" 200 10551 "http://www.hoonlir.com/celebration.html" "Mozilla/5.0 (Windows NT 6.1; WOW64; rv:23.0) Gecko/20100101 Firefox/23.0" "www.hoonlir.com"
61.6.48.2 - - [16/Nov/2015:23:54:25 -0800] "GET /images/cel_mini_01.jpg HTTP/1.1" 200 8986 "http://www.hoonlir.com/celebration.html" "Mozilla/5.0 (Windows NT 6.1; WOW64; rv:23.0) Gecko/20100101 Firefox/23.0" "www.hoonlir.com"
61.6.48.2 - - [16/Nov/2015:23:54:40 -0800] "GET /cele_windows884.html HTTP/1.1" 200 2563 "http://www.hoonlir.com/celebration.html" "Mozilla/5.0 (Windows NT 6.1; WOW64; rv:23.0) Gecko/20100101 Firefox/23.0" "www.hoonlir.com"
61.6.48.2 - - [16/Nov/2015:23:54:40 -0800] "GET /images/cel_win_01_ts.jpg HTTP/1.1" 200 5595 "http://www.hoonlir.com/cele_windows884.html" "Mozilla/5.0 (Windows NT 6.1; WOW64; rv:23.0) Gecko/20100101 Firefox/23.0" "www.hoonlir.com"
61.6.48.2 - - [16/Nov/2015:23:54:40 -0800] "GET /images/cel_win_01_m.jpg HTTP/1.1" 200 15556 "http://www.hoonlir.com/cele_windows884.html" "Mozilla/5.0 (Windows NT 6.1; WOW64; rv:23.0) Gecko/20100101 Firefox/23.0" "www.hoonlir.com"
61.6.48.2 - - [16/Nov/2015:23:54:40 -0800] "GET /images/cel_win_01_fs.jpg HTTP/1.1" 200 5632 "http://www.hoonlir.com/cele_windows884.html" "Mozilla/5.0 (Windows NT 6.1; WOW64; rv:23.0) Gecko/20100101 Firefox/23.0" "www.hoonlir.com"
61.6.48.2 - - [16/Nov/2015:23:54:40 -0800] "GET /images/cel_win_01_f.jpg HTTP/1.1" 200 15441 "http://www.hoonlir.com/cele_windows884.html" "Mozilla/5.0 (Windows NT 6.1; WOW64; rv:23.0) Gecko/20100101 Firefox/23.0" "www.hoonlir.com"
61.6.48.2 - - [16/Nov/2015:23:54:40 -0800] "GET /images/cel_win_01_ss.jpg HTTP/1.1" 200 5105 "http://www.hoonlir.com/cele_windows884.html" "Mozilla/5.0 (Windows NT 6.1; WOW64; rv:23.0) Gecko/20100101 Firefox/23.0" "www.hoonlir.com"
61.6.48.2 - - [16/Nov/2015:23:54:41 -0800] "GET /images/cel_win_01_t.jpg HTTP/1.1" 200 15993 "http://www.hoonlir.com/cele_windows884.html" "Mozilla/5.0 (Windows NT 6.1; WOW64; rv:23.0) Gecko/20100101 Firefox/23.0" "www.hoonlir.com"
61.6.48.2 - - [16/Nov/2015:23:54:49 -0800] "GET /cakebox.html HTTP/1.1" 200 2038 "http://www.hoonlir.com/cele_windows884.html" "Mozilla/5.0 (Windows NT 6.1; WOW64; rv:23.0) Gecko/20100101 Firefox/23.0" "www.hoonlir.com"
61.6.48.2 - - [16/Nov/2015:23:54:49 -0800] "GET /images/cake_fold_w.jpg HTTP/1.1" 200 5554 "http://www.hoonlir.com/cakebox.html" "Mozilla/5.0 (Windows NT 6.1; WOW64; rv:23.0) Gecko/20100101 Firefox/23.0" "www.hoonlir.com"
61.6.48.2 - - [16/Nov/2015:23:55:03 -0800] "GET /cake_foldingplain.html HTTP/1.1" 200 2670 "http://www.hoonlir.com/cakebox.html" "Mozilla/5.0 (Windows NT 6.1; WOW64; rv:23.0) Gecko/20100101 Firefox/23.0" "www.hoonlir.com"
61.6.48.2 - - [16/Nov/2015:23:55:04 -0800] "GET /images/cake_fold_w_ts.jpg HTTP/1.1" 200 4408 "http://www.hoonlir.com/cake_foldingplain.html" "Mozilla/5.0 (Windows NT 6.1; WOW64; rv:23.0) Gecko/20100101 Firefox/23.0" "www.hoonlir.com"
61.6.48.2 - - [16/Nov/2015:23:55:04 -0800] "GET /images/cake_fold_w_m.jpg HTTP/1.1" 200 6648 "http://www.hoonlir.com/cake_foldingplain.html" "Mozilla/5.0 (Windows NT 6.1; WOW64; rv:23.0) Gecko/20100101 Firefox/23.0" "www.hoonlir.com"
61.6.48.2 - - [16/Nov/2015:23:55:04 -0800] "GET /images/cake_fold_w_t.jpg HTTP/1.1" 200 6412 "http://www.hoonlir.com/cake_foldingplain.html" "Mozilla/5.0 (Windows NT 6.1; WOW64; rv:23.0) Gecko/20100101 Firefox/23.0" "www.hoonlir.com"
61.6.48.2 - - [16/Nov/2015:23:55:04 -0800] "GET /images/cake_fold_w_s.jpg HTTP/1.1" 200 6592 "http://www.hoonlir.com/cake_foldingplain.html" "Mozilla/5.0 (Windows NT 6.1; WOW64; rv:23.0) Gecko/20100101 Firefox/23.0" "www.hoonlir.com"
61.6.48.2 - - [16/Nov/2015:23:55:04 -0800] "GET /images/cake_fold_w_is.jpg HTTP/1.1" 200 4503 "http://www.hoonlir.com/cake_foldingplain.html" "Mozilla/5.0 (Windows NT 6.1; WOW64; rv:23.0) Gecko/20100101 Firefox/23.0" "www.hoonlir.com"
61.6.48.2 - - [16/Nov/2015:23:55:04 -0800] "GET /images/cake_fold_w_i.jpg HTTP/1.1" 200 6814 "http://www.hoonlir.com/cake_foldingplain.html" "Mozilla/5.0 (Windows NT 6.1; WOW64; rv:23.0) Gecko/20100101 Firefox/23.0" "www.hoonlir.com"
61.6.48.2 - - [16/Nov/2015:23:55:04 -0800] "GET /images/cake_fold_w_ss.jpg HTTP/1.1" 200 4371 "http://www.hoonlir.com/cake_foldingplain.html" "Mozilla/5.0 (Windows NT 6.1; WOW64; rv:23.0) Gecko/20100101 Firefox/23.0" "www.hoonlir.com"
61.6.48.2 - - [16/Nov/2015:23:55:31 -0800] "GET /contact_us.html HTTP/1.1" 200 2130 "http://www.hoonlir.com/cake_foldingplain.html" "Mozilla/5.0 (Windows NT 6.1; WOW64; rv:23.0) Gecko/20100101 Firefox/23.0" "www.hoonlir.com"
31.184.238.87 - - [16/Nov/2015:23:57:44 -0800] "GET /logs/access.log HTTP/1.1" 200 304584 "http://www.theknot.com/wedding/dexamethasone-and-prescription" "Mozilla/5.0 (Windows NT 6.3; WOW64; rv:26.0) Gecko/20100101 Firefox/26.0" "www.hoonlir.com"
31.184.238.87 - - [17/Nov/2015:00:05:05 -0800] "GET /logs/access.log HTTP/1.1" 200 304831 "http://minipress-buy-without-rx.soup.io" "Mozilla/5.0 (Windows NT 6.1; WOW64) AppleWebKit/537.36 (KHTML, like Gecko) Chrome/32.0.1700.76 Safari/537.36" "www.hoonlir.com"
1.32.73.50 - - [17/Nov/2015:00:08:00 -0800] "GET / HTTP/1.1" 200 1890 "https://www.google.com" "Mozilla/5.0 (Windows NT 6.1; WOW64; rv:42.0) Gecko/20100101 Firefox/42.0" "www.hoonlir.com"
1.32.73.50 - - [17/Nov/2015:00:08:01 -0800] "GET /scripts/jquery.cycle.setup.js HTTP/1.1" 200 315 "http://www.hoonlir.com/" "Mozilla/5.0 (Windows NT 6.1; WOW64; rv:42.0) Gecko/20100101 Firefox/42.0" "www.hoonlir.com"
1.32.73.50 - - [17/Nov/2015:00:08:01 -0800] "GET /images/favicon.ico HTTP/1.1" 200 1150 "-" "Mozilla/5.0 (Windows NT 6.1; WOW64; rv:42.0) Gecko/20100101 Firefox/42.0" "www.hoonlir.com"
1.32.73.50 - - [17/Nov/2015:00:08:01 -0800] "GET /styles/featured_slide.css HTTP/1.1" 200 632 "http://www.hoonlir.com/styles/layout.css" "Mozilla/5.0 (Windows NT 6.1; WOW64; rv:42.0) Gecko/20100101 Firefox/42.0" "www.hoonlir.com"
1.32.73.50 - - [17/Nov/2015:00:08:44 -0800] "GET /images/slides_cakeboxptd2014.jpg HTTP/1.1" 200 359530 "http://www.hoonlir.com/" "Mozilla/5.0 (Windows NT 6.1; WOW64; rv:42.0) Gecko/20100101 Firefox/42.0" "www.hoonlir.com"
1.32.73.50 - - [17/Nov/2015:00:08:44 -0800] "GET /images/header_logo.png HTTP/1.1" 200 11038 "http://www.hoonlir.com/" "Mozilla/5.0 (Windows NT 6.1; WOW64; rv:42.0) Gecko/20100101 Firefox/42.0" "www.hoonlir.com"
1.32.73.50 - - [17/Nov/2015:00:08:45 -0800] "GET /images/slides_wedding_02.jpg HTTP/1.1" 200 116201 "http://www.hoonlir.com/" "Mozilla/5.0 (Windows NT 6.1; WOW64; rv:42.0) Gecko/20100101 Firefox/42.0" "www.hoonlir.com"
1.32.73.50 - - [17/Nov/2015:00:08:45 -0800] "GET /images/background_header.png HTTP/1.1" 200 2916 "http://www.hoonlir.com/styles/layout.css" "Mozilla/5.0 (Windows NT 6.1; WOW64; rv:42.0) Gecko/20100101 Firefox/42.0" "www.hoonlir.com"
1.32.73.50 - - [17/Nov/2015:00:08:45 -0800] "GET /images/footer_worldmap.png HTTP/1.1" 200 23204 "http://www.hoonlir.com/" "Mozilla/5.0 (Windows NT 6.1; WOW64; rv:42.0) Gecko/20100101 Firefox/42.0" "www.hoonlir.com"
1.32.73.50 - - [17/Nov/2015:00:10:04 -0800] "GET /cakebox.html HTTP/1.1" 200 2038 "http://www.hoonlir.com/" "Mozilla/5.0 (Windows NT 6.1; WOW64; rv:42.0) Gecko/20100101 Firefox/42.0" "www.hoonlir.com"
1.32.73.50 - - [17/Nov/2015:00:10:05 -0800] "GET /images/cake_fold_01.jpg HTTP/1.1" 200 9604 "http://www.hoonlir.com/cakebox.html" "Mozilla/5.0 (Windows NT 6.1; WOW64; rv:42.0) Gecko/20100101 Firefox/42.0" "www.hoonlir.com"
1.32.73.50 - - [17/Nov/2015:00:10:05 -0800] "GET /styles/navi.css HTTP/1.1" 200 360 "http://www.hoonlir.com/styles/layout.css" "Mozilla/5.0 (Windows NT 6.1; WOW64; rv:42.0) Gecko/20100101 Firefox/42.0" "www.hoonlir.com"
1.32.73.50 - - [17/Nov/2015:00:10:05 -0800] "GET /images/cel_hand_01.jpg HTTP/1.1" 200 8617 "http://www.hoonlir.com/cakebox.html" "Mozilla/5.0 (Windows NT 6.1; WOW64; rv:42.0) Gecko/20100101 Firefox/42.0" "www.hoonlir.com"
1.32.73.50 - - [17/Nov/2015:00:10:05 -0800] "GET /images/cel_hand_02.jpg HTTP/1.1" 200 8391 "http://www.hoonlir.com/cakebox.html" "Mozilla/5.0 (Windows NT 6.1; WOW64; rv:42.0) Gecko/20100101 Firefox/42.0" "www.hoonlir.com"
1.32.73.50 - - [17/Nov/2015:00:10:05 -0800] "GET /images/cel_handbag_01.jpg HTTP/1.1" 200 8541 "http://www.hoonlir.com/cakebox.html" "Mozilla/5.0 (Windows NT 6.1; WOW64; rv:42.0) Gecko/20100101 Firefox/42.0" "www.hoonlir.com"
1.32.73.50 - - [17/Nov/2015:00:10:05 -0800] "GET /images/cel_handbag_02.jpg HTTP/1.1" 200 9731 "http://www.hoonlir.com/cakebox.html" "Mozilla/5.0 (Windows NT 6.1; WOW64; rv:42.0) Gecko/20100101 Firefox/42.0" "www.hoonlir.com"
1.32.73.50 - - [17/Nov/2015:00:10:05 -0800] "GET /images/cel_win_01.jpg HTTP/1.1" 200 10736 "http://www.hoonlir.com/cakebox.html" "Mozilla/5.0 (Windows NT 6.1; WOW64; rv:42.0) Gecko/20100101 Firefox/42.0" "www.hoonlir.com"
1.32.73.50 - - [17/Nov/2015:00:10:05 -0800] "GET /images/cel_hand_03.jpg HTTP/1.1" 200 9863 "http://www.hoonlir.com/cakebox.html" "Mozilla/5.0 (Windows NT 6.1; WOW64; rv:42.0) Gecko/20100101 Firefox/42.0" "www.hoonlir.com"
1.32.73.50 - - [17/Nov/2015:00:10:05 -0800] "GET /images/topnav_a.png HTTP/1.1" 200 2848 "http://www.hoonlir.com/styles/navi.css" "Mozilla/5.0 (Windows NT 6.1; WOW64; rv:42.0) Gecko/20100101 Firefox/42.0" "www.hoonlir.com"
1.32.73.50 - - [17/Nov/2015:00:10:19 -0800] "GET /celebration.html HTTP/1.1" 200 2353 "http://www.hoonlir.com/cakebox.html" "Mozilla/5.0 (Windows NT 6.1; WOW64; rv:42.0) Gecko/20100101 Firefox/42.0" "www.hoonlir.com"
1.32.73.50 - - [17/Nov/2015:00:10:19 -0800] "GET /images/cel_cup_01.jpg HTTP/1.1" 200 9260 "http://www.hoonlir.com/celebration.html" "Mozilla/5.0 (Windows NT 6.1; WOW64; rv:42.0) Gecko/20100101 Firefox/42.0" "www.hoonlir.com"
1.32.73.50 - - [17/Nov/2015:00:10:19 -0800] "GET /images/cel_cup_02.jpg HTTP/1.1" 200 10225 "http://www.hoonlir.com/celebration.html" "Mozilla/5.0 (Windows NT 6.1; WOW64; rv:42.0) Gecko/20100101 Firefox/42.0" "www.hoonlir.com"
1.32.73.50 - - [17/Nov/2015:00:10:19 -0800] "GET /images/cel_cup_03.jpg HTTP/1.1" 200 9535 "http://www.hoonlir.com/celebration.html" "Mozilla/5.0 (Windows NT 6.1; WOW64; rv:42.0) Gecko/20100101 Firefox/42.0" "www.hoonlir.com"
1.32.73.50 - - [17/Nov/2015:00:10:19 -0800] "GET /images/cel_cup_w.jpg HTTP/1.1" 200 6442 "http://www.hoonlir.com/celebration.html" "Mozilla/5.0 (Windows NT 6.1; WOW64; rv:42.0) Gecko/20100101 Firefox/42.0" "www.hoonlir.com"
1.32.73.50 - - [17/Nov/2015:00:10:19 -0800] "GET /images/cel_fm_02.jpg HTTP/1.1" 200 8876 "http://www.hoonlir.com/celebration.html" "Mozilla/5.0 (Windows NT 6.1; WOW64; rv:42.0) Gecko/20100101 Firefox/42.0" "www.hoonlir.com"
1.32.73.50 - - [17/Nov/2015:00:10:19 -0800] "GET /images/cel_fruit_01.jpg HTTP/1.1" 200 8856 "http://www.hoonlir.com/celebration.html" "Mozilla/5.0 (Windows NT 6.1; WOW64; rv:42.0) Gecko/20100101 Firefox/42.0" "www.hoonlir.com"
1.32.73.50 - - [17/Nov/2015:00:10:19 -0800] "GET /images/cel_mini_03.jpg HTTP/1.1" 200 8147 "http://www.hoonlir.com/celebration.html" "Mozilla/5.0 (Windows NT 6.1; WOW64; rv:42.0) Gecko/20100101 Firefox/42.0" "www.hoonlir.com"
1.32.73.50 - - [17/Nov/2015:00:10:19 -0800] "GET /images/cel_mini_02.jpg HTTP/1.1" 200 7762 "http://www.hoonlir.com/celebration.html" "Mozilla/5.0 (Windows NT 6.1; WOW64; rv:42.0) Gecko/20100101 Firefox/42.0" "www.hoonlir.com"
1.32.73.50 - - [17/Nov/2015:00:10:20 -0800] "GET /images/cel_mini_01.jpg HTTP/1.1" 200 8986 "http://www.hoonlir.com/celebration.html" "Mozilla/5.0 (Windows NT 6.1; WOW64; rv:42.0) Gecko/20100101 Firefox/42.0" "www.hoonlir.com"
1.32.73.50 - - [17/Nov/2015:00:10:20 -0800] "GET /images/cel_pizza_01.jpg HTTP/1.1" 200 12241 "http://www.hoonlir.com/celebration.html" "Mozilla/5.0 (Windows NT 6.1; WOW64; rv:42.0) Gecko/20100101 Firefox/42.0" "www.hoonlir.com"
1.32.73.50 - - [17/Nov/2015:00:10:20 -0800] "GET /images/cel_wed_01.jpg HTTP/1.1" 200 10995 "http://www.hoonlir.com/celebration.html" "Mozilla/5.0 (Windows NT 6.1; WOW64; rv:42.0) Gecko/20100101 Firefox/42.0" "www.hoonlir.com"
1.32.73.50 - - [17/Nov/2015:00:10:30 -0800] "GET /festival.html HTTP/1.1" 200 2131 "http://www.hoonlir.com/celebration.html" "Mozilla/5.0 (Windows NT 6.1; WOW64; rv:42.0) Gecko/20100101 Firefox/42.0" "www.hoonlir.com"
1.32.73.50 - - [17/Nov/2015:00:10:32 -0800] "GET /images/fes_mc_06.jpg HTTP/1.1" 200 9834 "http://www.hoonlir.com/festival.html" "Mozilla/5.0 (Windows NT 6.1; WOW64; rv:42.0) Gecko/20100101 Firefox/42.0" "www.hoonlir.com"
1.32.73.50 - - [17/Nov/2015:00:10:32 -0800] "GET /images/fes_mc_01.jpg HTTP/1.1" 200 10614 "http://www.hoonlir.com/festival.html" "Mozilla/5.0 (Windows NT 6.1; WOW64; rv:42.0) Gecko/20100101 Firefox/42.0" "www.hoonlir.com"
1.32.73.50 - - [17/Nov/2015:00:10:32 -0800] "GET /images/fes_mc_05.jpg HTTP/1.1" 200 8740 "http://www.hoonlir.com/festival.html" "Mozilla/5.0 (Windows NT 6.1; WOW64; rv:42.0) Gecko/20100101 Firefox/42.0" "www.hoonlir.com"
1.32.73.50 - - [17/Nov/2015:00:10:32 -0800] "GET /images/fes_mc_02.jpg HTTP/1.1" 200 10938 "http://www.hoonlir.com/festival.html" "Mozilla/5.0 (Windows NT 6.1; WOW64; rv:42.0) Gecko/20100101 Firefox/42.0" "www.hoonlir.com"
1.32.73.50 - - [17/Nov/2015:00:10:32 -0800] "GET /images/fes_mc_03.jpg HTTP/1.1" 200 10296 "http://www.hoonlir.com/festival.html" "Mozilla/5.0 (Windows NT 6.1; WOW64; rv:42.0) Gecko/20100101 Firefox/42.0" "www.hoonlir.com"
1.32.73.50 - - [17/Nov/2015:00:10:32 -0800] "GET /images/fes_mc_04.jpg HTTP/1.1" 200 10799 "http://www.hoonlir.com/festival.html" "Mozilla/5.0 (Windows NT 6.1; WOW64; rv:42.0) Gecko/20100101 Firefox/42.0" "www.hoonlir.com"
1.32.73.50 - - [17/Nov/2015:00:10:32 -0800] "GET /images/fes_mc_c01.jpg HTTP/1.1" 200 11912 "http://www.hoonlir.com/festival.html" "Mozilla/5.0 (Windows NT 6.1; WOW64; rv:42.0) Gecko/20100101 Firefox/42.0" "www.hoonlir.com"
1.32.73.50 - - [17/Nov/2015:00:10:32 -0800] "GET /images/fes_mc_c02.jpg HTTP/1.1" 200 12308 "http://www.hoonlir.com/festival.html" "Mozilla/5.0 (Windows NT 6.1; WOW64; rv:42.0) Gecko/20100101 Firefox/42.0" "www.hoonlir.com"
1.32.73.50 - - [17/Nov/2015:00:10:32 -0800] "GET /images/fes_pbm.jpg HTTP/1.1" 200 9246 "http://www.hoonlir.com/festival.html" "Mozilla/5.0 (Windows NT 6.1; WOW64; rv:42.0) Gecko/20100101 Firefox/42.0" "www.hoonlir.com"
1.32.73.50 - - [17/Nov/2015:00:10:32 -0800] "GET /images/fes_pbs.jpg HTTP/1.1" 200 9941 "http://www.hoonlir.com/festival.html" "Mozilla/5.0 (Windows NT 6.1; WOW64; rv:42.0) Gecko/20100101 Firefox/42.0" "www.hoonlir.com"
31.184.238.87 - - [17/Nov/2015:00:12:00 -0800] "GET /logs/access.log HTTP/1.1" 200 314381 "http://gravatar.com/famotidineph" "Mozilla/5.0 (Windows NT 6.1; WOW64) AppleWebKit/537.36 (KHTML, like Gecko) Chrome/33.0.1750.117 Safari/537.36" "www.hoonlir.com"
1.32.73.50 - - [17/Nov/2015:00:15:28 -0800] "GET /contact_us.html HTTP/1.1" 200 2131 "http://www.hoonlir.com/festival.html" "Mozilla/5.0 (Windows NT 6.1; WOW64; rv:42.0) Gecko/20100101 Firefox/42.0" "www.hoonlir.com"
1.32.73.50 - - [17/Nov/2015:00:16:07 -0800] "GET /our_services.html HTTP/1.1" 200 1996 "http://www.hoonlir.com/contact_us.html" "Mozilla/5.0 (Windows NT 6.1; WOW64; rv:42.0) Gecko/20100101 Firefox/42.0" "www.hoonlir.com"
1.32.73.50 - - [17/Nov/2015:00:16:08 -0800] "GET /images/our_services.png HTTP/1.1" 200 20534 "http://www.hoonlir.com/our_services.html" "Mozilla/5.0 (Windows NT 6.1; WOW64; rv:42.0) Gecko/20100101 Firefox/42.0" "www.hoonlir.com"
31.184.238.87 - - [17/Nov/2015:00:18:58 -0800] "GET /logs/access.log HTTP/1.1" 200 315304 "http://www.purevolume.com/aripiprazole20mgorder" "Mozilla/5.0 (Windows NT 6.3; WOW64) AppleWebKit/537.36 (KHTML, like Gecko) Chrome/32.0.1700.76 Safari/537.36" "www.hoonlir.com"
69.194.230.11 - - [17/Nov/2015:00:20:15 -0800] "GET /wp-admin/admin-ajax.php?action=revslider_show_image&img=../wp-config.php HTTP/1.1" 404 73 "-" "Mozilla/5.0 (Windows; U; Windows NT 5.1; en-US; rv:1.9.2) Gecko/20100115 Firefox/3.6" "www.hoonlir.com"
69.194.230.11 - - [17/Nov/2015:00:20:16 -0800] "GET /logs/wp-admin/admin-ajax.php?action=revslider_show_image&img=../wp-config.php HTTP/1.1" 404 73 "-" "Mozilla/5.0 (Windows; U; Windows NT 5.1; en-US; rv:1.9.2) Gecko/20100115 Firefox/3.6" "www.hoonlir.com"
104.238.126.193 - - [17/Nov/2015:00:20:34 -0800] "POST /logs/access.log&amp;sa=U&amp;ved=0CIECEBYwM2oVChMIpbTuoYKXyQIVFP9jCh2v8wQz&amp;usg=AFQjCNGCdnmtMVWIoxZGsyg413mYNR4FzA//wp-admin/admin-ajax.php HTTP/1.1" 404 73 "-" "libwww-perl/6.13" "www.hoonlir.com"
104.238.126.193 - - [17/Nov/2015:00:20:34 -0800] "POST //wp-admin/admin-ajax.php HTTP/1.1" 404 73 "-" "libwww-perl/6.13" "www.hoonlir.com"
104.238.126.193 - - [17/Nov/2015:00:20:35 -0800] "POST /logs//wp-admin/admin-ajax.php HTTP/1.1" 404 73 "-" "libwww-perl/6.13" "www.hoonlir.com"
104.238.126.193 - - [17/Nov/2015:00:20:46 -0800] "POST /logs/access.log&amp;sa=U&amp;ved=0CBgQFjABODJqFQoTCNOepKOCl8kCFQrfYwodgtQBWg&amp;usg=AFQjCNGCdnmtMVWIoxZGsyg413mYNR4FzA//wp-admin/admin-ajax.php HTTP/1.1" 404 73 "-" "libwww-perl/6.13" "www.hoonlir.com"
104.238.126.193 - - [17/Nov/2015:00:22:04 -0800] "POST /logs/access.log&amp;sa=U&amp;ved=0CIECEBYwM2oVChMI6viepYKXyQIVSOhjCh1dOQ9l&amp;usg=AFQjCNGCdnmtMVWIoxZGsyg413mYNR4FzA//wp-admin/admin-ajax.php HTTP/1.1" 404 73 "-" "libwww-perl/6.13" "www.hoonlir.com"
104.238.126.193 - - [17/Nov/2015:00:22:08 -0800] "POST /logs/access.log&amp;sa=U&amp;ved=0CBgQFjABODJqFQoTCO2Yk6eCl8kCFQ_gYwodr7kC6Q&amp;usg=AFQjCNGCdnmtMVWIoxZGsyg413mYNR4FzA//wp-admin/admin-ajax.php HTTP/1.1" 404 73 "-" "libwww-perl/6.13" "www.hoonlir.com"
104.238.126.193 - - [17/Nov/2015:00:23:27 -0800] "POST /logs/access.log&amp;sa=U&amp;ved=0CIECEBYwM2oVChMI-diwqYKXyQIVR95jCh24lA1W&amp;usg=AFQjCNGCdnmtMVWIoxZGsyg413mYNR4FzA//wp-admin/admin-ajax.php HTTP/1.1" 404 73 "-" "libwww-perl/6.13" "www.hoonlir.com"
104.238.126.193 - - [17/Nov/2015:00:23:31 -0800] "POST /logs/access.log&amp;sa=U&amp;ved=0CBgQFjABODJqFQoTCNP5y6uCl8kCFUjtYwodVq8JMw&amp;usg=AFQjCNGCdnmtMVWIoxZGsyg413mYNR4FzA//wp-admin/admin-ajax.php HTTP/1.1" 404 73 "-" "libwww-perl/6.13" "www.hoonlir.com"
155.94.129.81 - - [17/Nov/2015:00:24:30 -0800] "GET /logs/access.log HTTP/1.1" 200 27145 "http://www.hoonlir.com/" "Mozilla/5.0 (Macintosh; Intel Mac OS X 10_10_1) AppleWebKit/537.36 (KHTML, like Gecko) Chrome/39.0.2171.95 Safari/537.36" "www.hoonlir.com"
200.174.230.68 - - [17/Nov/2015:00:24:50 -0800] "POST /logs/access.log&amp;sa=U&amp;ved=0COECEBYwSWoVChMIg7XJrYKXyQIVCxOQCh3ilggv&amp;usg=AFQjCNGCdnmtMVWIoxZGsyg413mYNR4FzA//wp-admin/admin-ajax.php HTTP/1.1" 404 73 "-" "libwww-perl/6.13" "www.hoonlir.com"
200.174.230.68 - - [17/Nov/2015:00:24:51 -0800] "POST //wp-admin/admin-ajax.php HTTP/1.1" 404 73 "-" "libwww-perl/6.13" "www.hoonlir.com"
104.238.126.193 - - [17/Nov/2015:00:24:52 -0800] "POST /logs/access.log&amp;sa=U&amp;ved=0CIECEBYwM2oVChMI2u3NrYKXyQIVUtBjCh2n0Q_b&amp;usg=AFQjCNGCdnmtMVWIoxZGsyg413mYNR4FzA//wp-admin/admin-ajax.php HTTP/1.1" 404 73 "-" "libwww-perl/6.13" "www.hoonlir.com"
200.174.230.68 - - [17/Nov/2015:00:24:52 -0800] "POST /logs//wp-admin/admin-ajax.php HTTP/1.1" 404 73 "-" "libwww-perl/6.13" "www.hoonlir.com"
104.238.126.193 - - [17/Nov/2015:00:24:58 -0800] "POST /logs/access.log&amp;sa=U&amp;ved=0CBgQFjABODJqFQoTCISEv6-Cl8kCFQ7LYwodfbUNYQ&amp;usg=AFQjCNGCdnmtMVWIoxZGsyg413mYNR4FzA//wp-admin/admin-ajax.php HTTP/1.1" 404 73 "-" "libwww-perl/6.13" "www.hoonlir.com"
104.238.126.193 - - [17/Nov/2015:00:26:17 -0800] "POST /logs/access.log&amp;sa=U&amp;ved=0CBgQFjABODJqFQoTCLWY1rOCl8kCFUPmYwod2u4A4Q&amp;usg=AFQjCNGCdnmtMVWIoxZGsyg413mYNR4FzA//wp-admin/admin-ajax.php HTTP/1.1" 404 73 "-" "libwww-perl/6.13" "www.hoonlir.com"
31.184.238.87 - - [17/Nov/2015:00:26:32 -0800] "GET /logs/access.log HTTP/1.1" 200 319481 "http://7rmestinon.forumcircle.com" "Mozilla/5.0 (Windows NT 6.1; WOW64; rv:27.0) Gecko/20100101 Firefox/27.0" "www.hoonlir.com"
200.174.230.68 - - [17/Nov/2015:00:26:50 -0800] "POST /logs/access.log&amp;sa=U&amp;ved=0CHwQFjAXODJqFQoTCKf6z7GCl8kCFcwTkAodCo4GNw&amp;usg=AFQjCNGCdnmtMVWIoxZGsyg413mYNR4FzA//wp-admin/admin-ajax.php HTTP/1.1" 404 73 "-" "libwww-perl/6.13" "www.hoonlir.com"
104.238.126.193 - - [17/Nov/2015:00:27:31 -0800] "POST /logs/access.log&amp;sa=U&amp;ved=0CIECEBYwM2oVChMIoeXxtYKXyQIVSsxjCh3ucg39&amp;usg=AFQjCNGCdnmtMVWIoxZGsyg413mYNR4FzA//wp-admin/admin-ajax.php HTTP/1.1" 404 73 "-" "libwww-perl/6.13" "www.hoonlir.com"
106.38.241.102 - - [17/Nov/2015:00:31:45 -0800] "GET /robots.txt HTTP/1.1" 200 38 "-" "Sogou web spider/4.0(+http://www.sogou.com/docs/help/webmasters.htm#07)" "www.hoonlir.com"
200.174.230.68 - - [17/Nov/2015:00:33:53 -0800] "POST /logs/access.log&amp;sa=U&amp;ved=0COECEBYwSWoVChMI8fH_uYKXyQIVBIGQCh0YggAm&amp;usg=AFQjCNGCdnmtMVWIoxZGsyg413mYNR4FzA//wp-admin/admin-ajax.php HTTP/1.1" 404 73 "-" "libwww-perl/6.13" "www.hoonlir.com"
200.174.230.68 - - [17/Nov/2015:00:34:50 -0800] "POST /logs/access.log&amp;sa=U&amp;ved=0CHwQFjAXODJqFQoTCMPr5ryCl8kCFYkSkAodbjMJLQ&amp;usg=AFQjCNGCdnmtMVWIoxZGsyg413mYNR4FzA//wp-admin/admin-ajax.php HTTP/1.1" 404 73 "-" "libwww-perl/6.13" "www.hoonlir.com"
200.174.230.68 - - [17/Nov/2015:00:37:45 -0800] "POST /logs/access.log&amp;sa=U&amp;ved=0COECEBYwSWoVChMIj5_GvoKXyQIVBJGQCh1VGQY0&amp;usg=AFQjCNGCdnmtMVWIoxZGsyg413mYNR4FzA//wp-admin/admin-ajax.php HTTP/1.1" 404 73 "-" "libwww-perl/6.13" "www.hoonlir.com"
31.184.238.87 - - [17/Nov/2015:00:40:15 -0800] "GET /logs/access.log HTTP/1.1" 200 321163 "http://buywellbutrin150mgwithoutrx.snack.ws" "Mozilla/5.0 (Windows NT 6.1; WOW64) AppleWebKit/537.36 (KHTML, like Gecko) Chrome/32.0.1700.102 Safari/537.36" "www.hoonlir.com"
188.165.15.231 - - [17/Nov/2015:00:41:18 -0800] "GET /images/location_map.gif HTTP/1.1" 200 60423 "-" "Mozilla/5.0 (compatible; AhrefsBot/5.0; +http://ahrefs.com/robot/)" "www.hoonlir.com"
31.184.238.87 - - [17/Nov/2015:00:47:38 -0800] "GET /logs/access.log HTTP/1.1" 200 321618 "http://order-sildalis-cheap.soup.io" "Mozilla/5.0 (Windows NT 6.3; WOW64) AppleWebKit/537.36 (KHTML, like Gecko) Chrome/33.0.1750.146 Safari/537.36" "www.hoonlir.com"
1.32.73.50 - - [17/Nov/2015:00:51:43 -0800] "GET /scripts/jquery-1.4.1.min.js HTTP/1.1" 200 24134 "http://www.hoonlir.com/" "Mozilla/5.0 (Windows NT 6.1; WOW64; rv:42.0) Gecko/20100101 Firefox/42.0" "www.hoonlir.com"
1.32.73.50 - - [17/Nov/2015:00:51:43 -0800] "GET /images/slides_mooncake2015.gif HTTP/1.1" 206 541779 "http://www.hoonlir.com/" "Mozilla/5.0 (Windows NT 6.1; WOW64; rv:42.0) Gecko/20100101 Firefox/42.0" "www.hoonlir.com"
1.32.73.50 - - [17/Nov/2015:00:51:43 -0800] "GET /images/slide.png HTTP/1.1" 200 231 "http://www.hoonlir.com/styles/featured_slide.css" "Mozilla/5.0 (Windows NT 6.1; WOW64; rv:42.0) Gecko/20100101 Firefox/42.0" "www.hoonlir.com"
31.184.238.87 - - [17/Nov/2015:00:54:28 -0800] "GET /logs/access.log HTTP/1.1" 200 322543 "http://aricept-10mg-buy-without-prescription.soup.io" "Opera/9.80 (Windows NT 6.1) Presto/2.12.388 Version/12.16" "www.hoonlir.com"
175.137.215.73 - - [17/Nov/2015:00:55:06 -0800] "GET /images/our_services.png HTTP/1.1" 200 20534 "http://www.google.com/blank.html" "Mozilla/5.0 (Windows NT 6.1; WOW64) AppleWebKit/537.36 (KHTML, like Gecko) Chrome/46.0.2490.86 Safari/537.36" "www.hoonlir.com"
31.184.238.87 - - [17/Nov/2015:01:08:52 -0800] "GET /logs/access.log HTTP/1.1" 200 323028 "http://aripiprazole-order.over-blog.com/2014/04/buy-aripiprazole-without-prescription-over-the-counter-aripiprazole-where-to-buy.html" "Mozilla/5.0 (Windows NT 5.1) AppleWebKit/537.36 (KHTML, like Gecko) Chrome/32.0.1700.102 Safari/537.36" "www.hoonlir.com"
31.184.238.87 - - [17/Nov/2015:01:15:39 -0800] "GET /logs/access.log HTTP/1.1" 200 323377 "http://buy-tolterodine-4mg-without-rx.snack.ws" "Mozilla/5.0 (Windows NT 6.1; rv:27.0) Gecko/20100101 Firefox/27.0" "www.hoonlir.com"
23.95.91.169 - - [17/Nov/2015:01:21:25 -0800] "GET /logs/access.log HTTP/1.1" 200 28007 "http://www.hoonlir.com/" "Mozilla/5.0 (Macintosh; Intel Mac OS X 10_10_1) AppleWebKit/537.36 (KHTML, like Gecko) Chrome/39.0.2171.95 Safari/537.36" "www.hoonlir.com"
31.184.238.87 - - [17/Nov/2015:01:22:42 -0800] "GET /logs/access.log HTTP/1.1" 200 323857 "http://allopurinol-100mg-order-safely.soup.io" "Mozilla/5.0 (Windows NT 6.1; WOW64) AppleWebKit/537.36 (KHTML, like Gecko) Chrome/31.0.1650.63 Safari/537.36 OPR/18.0.1284.68" "www.hoonlir.com"
69.73.141.67 - - [17/Nov/2015:01:26:15 -0800] "GET /wp-admin/admin-ajax.php?action=revslider_show_image&img=../wp-config.php HTTP/1.1" 404 73 "-" "Mozilla/5.0 (Windows NT 5.1; rv:31.0) Gecko/20100101 Firefox/31.0" "www.hoonlir.com"
69.73.141.67 - - [17/Nov/2015:01:26:23 -0800] "GET /wp-admin/admin-ajax.php?action=revslider_show_image&img=../../wp-config.php HTTP/1.1" 404 73 "-" "Mozilla/5.0 (Windows NT 5.1; rv:31.0) Gecko/20100101 Firefox/31.0" "www.hoonlir.com"
69.73.141.67 - - [17/Nov/2015:01:26:29 -0800] "GET /wp-admin/admin-ajax.php?action=revslider_show_image&img=../../../wp-config.php HTTP/1.1" 404 73 "-" "Mozilla/5.0 (Windows NT 5.1; rv:31.0) Gecko/20100101 Firefox/31.0" "www.hoonlir.com"
69.73.141.67 - - [17/Nov/2015:01:26:43 -0800] "GET /wp-admin/admin-ajax.php?action=revslider_show_image&img=../../../../../wp-config.php HTTP/1.1" 404 73 "-" "Mozilla/5.0 (Windows NT 5.1; rv:31.0) Gecko/20100101 Firefox/31.0" "www.hoonlir.com"
69.73.141.67 - - [17/Nov/2015:01:26:49 -0800] "GET /wp-admin/admin-ajax.php?action=revslider_show_image&img=../wp-config.php HTTP/1.1" 404 73 "-" "Mozilla/5.0 (Windows NT 5.1; rv:31.0) Gecko/20100101 Firefox/31.0" "www.hoonlir.com"
69.73.141.67 - - [17/Nov/2015:01:26:57 -0800] "GET /wp-admin/admin-ajax.php?action=revslider_show_image&img=../../wp-config.php HTTP/1.1" 404 73 "-" "Mozilla/5.0 (Windows NT 5.1; rv:31.0) Gecko/20100101 Firefox/31.0" "www.hoonlir.com"
69.73.141.67 - - [17/Nov/2015:01:27:03 -0800] "GET /wp-admin/admin-ajax.php?action=revslider_show_image&img=../../../wp-config.php HTTP/1.1" 404 73 "-" "Mozilla/5.0 (Windows NT 5.1; rv:31.0) Gecko/20100101 Firefox/31.0" "www.hoonlir.com"
69.73.141.67 - - [17/Nov/2015:01:27:10 -0800] "GET /wp-admin/admin-ajax.php?action=revslider_show_image&img=../../../../wp-config.php HTTP/1.1" 404 73 "-" "Mozilla/5.0 (Windows NT 5.1; rv:31.0) Gecko/20100101 Firefox/31.0" "www.hoonlir.com"
69.73.141.67 - - [17/Nov/2015:01:27:16 -0800] "GET /wp-admin/admin-ajax.php?action=revslider_show_image&img=../../../../../wp-config.php HTTP/1.1" 404 73 "-" "Mozilla/5.0 (Windows NT 5.1; rv:31.0) Gecko/20100101 Firefox/31.0" "www.hoonlir.com"
31.184.238.87 - - [17/Nov/2015:01:29:59 -0800] "GET /logs/access.log HTTP/1.1" 200 326280 "http://acillinh4g.over-blog.com/2014/04/discount-acillin-buy-online.html" "Mozilla/5.0 (Windows NT 5.1) AppleWebKit/537.36 (KHTML, like Gecko) Chrome/32.0.1700.102 Safari/537.36" "www.hoonlir.com"
31.184.238.87 - - [17/Nov/2015:01:36:46 -0800] "GET /logs/access.log HTTP/1.1" 200 326568 "http://6gpropranolol.forumcircle.com" "Mozilla/5.0 (Windows NT 6.1) AppleWebKit/537.36 (KHTML, like Gecko) Chrome/32.0.1700.107 Safari/537.36" "www.hoonlir.com"
31.184.238.87 - - [17/Nov/2015:01:43:47 -0800] "GET /logs/access.log HTTP/1.1" 200 326820 "http://www.theknot.com/wedding/phenazopyridine-and-without" "Opera/9.80 (Windows NT 5.1) Presto/2.12.388 Version/12.16" "www.hoonlir.com"
79.110.25.198 - - [17/Nov/2015:01:45:25 -0800] "GET /logs/access.log HTTP/1.1" 200 327049 "http://lordvouva.thoughts.com" "Mozilla/5.0 (Windows NT 6.1; WOW64) AppleWebKit/537.36 (KHTML, like Gecko) Chrome/45.0.2454.99 Safari/537.36" "www.hoonlir.com"
79.110.25.175 - - [17/Nov/2015:01:45:43 -0800] "GET /logs/access.log HTTP/1.1" 200 327300 "http://lordvouva.thoughts.com" "Mozilla/5.0 (Windows NT 10.0; WOW64; rv:40.0) Gecko/20100101 Firefox/40.0" "www.hoonlir.com"
46.148.31.71 - - [17/Nov/2015:01:45:44 -0800] "GET /logs/access.log HTTP/1.1" 200 327516 "http://lordvouva.thoughts.com" "Mozilla/5.0 (Windows NT 10.0; WOW64) AppleWebKit/537.36 (KHTML, like Gecko) Chrome/45.0.2454.101 Safari/537.36" "www.hoonlir.com"
31.184.238.87 - - [17/Nov/2015:01:50:36 -0800] "GET /logs/access.log HTTP/1.1" 200 327768 "http://buydesogestrelquickdelivery.snack.ws" "Mozilla/5.0 (Windows NT 6.1; WOW64) AppleWebKit/537.36 (KHTML, like Gecko) Chrome/31.0.1650.63 Safari/537.36 OPR/18.0.1284.68" "www.hoonlir.com"
222.88.236.235 - - [17/Nov/2015:01:57:08 -0800] "GET /logs/access.log HTTP/1.1" 200 28423 "http://www.hoonlir.com/" "Mozilla/5.0 (Macintosh; Intel Mac OS X 10_10_1) AppleWebKit/537.36 (KHTML, like Gecko) Chrome/39.0.2171.95 Safari/537.36" "www.hoonlir.com"
31.184.238.87 - - [17/Nov/2015:01:57:26 -0800] "GET /logs/access.log HTTP/1.1" 200 328307 "http://www.theknot.com/wedding/price-and-lipitor" "Mozilla/5.0 (Windows NT 6.1; rv:26.0) Gecko/20100101 Firefox/26.0" "www.hoonlir.com"
31.184.238.87 - - [17/Nov/2015:02:04:32 -0800] "GET /logs/access.log HTTP/1.1" 200 328534 "http://www.theknot.com/wedding/fosamax-and-rx" "Mozilla/5.0 (Windows NT 6.1; WOW64) AppleWebKit/537.36 (KHTML, like Gecko) Chrome/31.0.1650.63 Safari/537.36 OPR/18.0.1284.68" "www.hoonlir.com"
31.184.238.87 - - [17/Nov/2015:02:11:48 -0800] "GET /logs/access.log HTTP/1.1" 200 328818 "http://www.theknot.com/wedding/aldactone-and-cheap" "Mozilla/5.0 (Windows NT 6.1) AppleWebKit/537.36 (KHTML, like Gecko) Chrome/32.0.1700.102 Safari/537.36" "www.hoonlir.com"
31.184.238.87 - - [17/Nov/2015:02:18:38 -0800] "GET /logs/access.log HTTP/1.1" 200 329084 "http://azathioprine-buy-online.soup.io" "Mozilla/5.0 (Windows NT 6.3; WOW64) AppleWebKit/537.36 (KHTML, like Gecko) Chrome/33.0.1750.117 Safari/537.36" "www.hoonlir.com"
31.184.238.87 - - [17/Nov/2015:02:33:10 -0800] "GET /logs/access.log HTTP/1.1" 200 329345 "http://www.purevolume.com/ranitidineordersafely" "Mozilla/5.0 (Windows NT 6.1; WOW64) AppleWebKit/537.36 (KHTML, like Gecko) Chrome/32.0.1700.107 Safari/537.36 OPR/19.0.1326.63" "www.hoonlir.com"
31.184.238.87 - - [17/Nov/2015:02:40:02 -0800] "GET /logs/access.log HTTP/1.1" 200 329632 "http://orderdoxycycline100mgonline.soup.io" "Mozilla/5.0 (Windows NT 5.1) AppleWebKit/537.36 (KHTML, like Gecko) Chrome/32.0.1700.76 Safari/537.36" "www.hoonlir.com"
31.184.238.87 - - [17/Nov/2015:02:47:25 -0800] "GET /logs/access.log HTTP/1.1" 200 329889 "http://www.theknot.com/wedding/levofloxacin-ordering" "Mozilla/5.0 (Windows NT 6.1) AppleWebKit/537.36 (KHTML, like Gecko) Chrome/30.0.1599.13014 YaBrowser/13.12.1599.13014 Safari/537.36" "www.hoonlir.com"
46.105.116.58 - - [17/Nov/2015:02:47:29 -0800] "GET /logs/access.log&amp;sa=U&amp;ved=0CHsQFjAVahUKEwjWzMSBoZfJAhXGAxoKHdzxCdw&amp;usg=AFQjCNGCdnmtMVWIoxZGsyg413mYNR4FzA/wp-admin/admin-ajax.php HTTP/1.1" 404 73 "-" "Mozilla/5.0 (Windows; U; Windows NT 6.1; en-US; rv:1.9.2.28) Gecko/20120306 Firefox/3.6.28" "www.hoonlir.com"
46.105.116.58 - - [17/Nov/2015:02:47:30 -0800] "POST /logs/access.log&amp;sa=U&amp;ved=0CHsQFjAVahUKEwjWzMSBoZfJAhXGAxoKHdzxCdw&amp;usg=AFQjCNGCdnmtMVWIoxZGsyg413mYNR4FzA/wp-admin/admin-ajax.php HTTP/1.1" 404 73 "-" "Mozilla/5.0 (Windows; U; Windows NT 6.1; en-US; rv:1.9.2.28) Gecko/20120306 Firefox/3.6.28" "www.hoonlir.com"
46.105.116.58 - - [17/Nov/2015:02:47:30 -0800] "GET /logs/wp-admin/admin-ajax.php HTTP/1.1" 404 73 "-" "Mozilla/5.0 (Windows; U; Windows NT 6.1; en-US; rv:1.9.2.28) Gecko/20120306 Firefox/3.6.28" "www.hoonlir.com"
46.105.116.58 - - [17/Nov/2015:02:47:31 -0800] "POST /logs/wp-admin/admin-ajax.php HTTP/1.1" 404 73 "-" "Mozilla/5.0 (Windows; U; Windows NT 6.1; en-US; rv:1.9.2.28) Gecko/20120306 Firefox/3.6.28" "www.hoonlir.com"
46.105.116.58 - - [17/Nov/2015:02:47:31 -0800] "GET /logs/ HTTP/1.1" 200 14475 "-" "Mozilla/5.0 (Windows; U; Windows NT 6.1; en-US; rv:1.9.2.28) Gecko/20120306 Firefox/3.6.28" "www.hoonlir.com"
95.173.189.3 - - [17/Nov/2015:02:47:37 -0800] "POST /logs/access.log/wp-includes/include.php HTTP/1.1" 404 73 "-" "-" "www.hoonlir.com"
95.173.189.3 - - [17/Nov/2015:02:47:45 -0800] "POST /logs/access.log/wp-content.php?x0x HTTP/1.1" 404 73 "-" "-" "www.hoonlir.com"
46.105.116.58 - - [17/Nov/2015:02:47:48 -0800] "GET /logs/access.log&amp;sa=U&amp;ved=0CHsQFjAVahUKEwjWzMSBoZfJAhXGAxoKHdzxCdw&amp;usg=AFQjCNGCdnmtMVWIoxZGsyg413mYNR4FzA/wp-admin/admin-ajax.php?action=revslider_show_image&img=../wp-config.php HTTP/1.1" 404 73 "-" "libwww-perl/5.834" "www.hoonlir.com"
95.173.189.3 - - [17/Nov/2015:02:49:38 -0800] "POST //wp-content.php?x0x HTTP/1.1" 404 73 "-" "-" "www.hoonlir.com"
46.105.116.58 - - [17/Nov/2015:02:49:41 -0800] "GET /wp-admin/admin-ajax.php?action=revslider_show_image&img=../wp-config.php HTTP/1.1" 404 73 "-" "libwww-perl/5.834" "www.hoonlir.com"
191.101.32.238 - - [17/Nov/2015:02:51:12 -0800] "GET /logs/access.log HTTP/1.1" 200 28884 "http://www.hoonlir.com/" "Mozilla/5.0 (Macintosh; Intel Mac OS X 10_10_1) AppleWebKit/537.36 (KHTML, like Gecko) Chrome/39.0.2171.95 Safari/537.36" "www.hoonlir.com"
46.105.116.58 - - [17/Nov/2015:02:51:34 -0800] "GET /logs/wp-admin/admin-ajax.php?action=revslider_show_image&img=../wp-config.php HTTP/1.1" 404 73 "-" "libwww-perl/5.834" "www.hoonlir.com"
46.105.116.58 - - [17/Nov/2015:02:53:41 -0800] "GET /logs/access.log&amp;sa=U&amp;ved=0CIEBEBYwFmoVChMImqPkgqGXyQIVwbYaCh3pcAiP&amp;usg=AFQjCNGCdnmtMVWIoxZGsyg413mYNR4FzA/wp-admin/admin-ajax.php HTTP/1.1" 404 73 "-" "Mozilla/5.0 (Windows; U; Windows NT 6.1; en-US; rv:1.9.2.28) Gecko/20120306 Firefox/3.6.28" "www.hoonlir.com"
46.105.116.58 - - [17/Nov/2015:02:53:41 -0800] "POST /logs/access.log&amp;sa=U&amp;ved=0CIEBEBYwFmoVChMImqPkgqGXyQIVwbYaCh3pcAiP&amp;usg=AFQjCNGCdnmtMVWIoxZGsyg413mYNR4FzA/wp-admin/admin-ajax.php HTTP/1.1" 404 73 "-" "Mozilla/5.0 (Windows; U; Windows NT 6.1; en-US; rv:1.9.2.28) Gecko/20120306 Firefox/3.6.28" "www.hoonlir.com"
46.105.116.58 - - [17/Nov/2015:02:53:42 -0800] "GET /logs/access.log&amp;sa=U&amp;ved=0CIEBEBYwFmoVChMImqPkgqGXyQIVwbYaCh3pcAiP&amp;usg=AFQjCNGCdnmtMVWIoxZGsyg413mYNR4FzA/ HTTP/1.1" 404 73 "-" "Mozilla/5.0 (Windows; U; Windows NT 6.1; en-US; rv:1.9.2.28) Gecko/20120306 Firefox/3.6.28" "www.hoonlir.com"
31.184.238.87 - - [17/Nov/2015:02:54:24 -0800] "GET /logs/access.log HTTP/1.1" 200 333738 "http://buylasixonline.soup.io" "Mozilla/5.0 (Windows NT 6.1) AppleWebKit/537.36 (KHTML, like Gecko) Chrome/33.0.1750.146 Safari/537.36" "www.hoonlir.com"
46.105.116.58 - - [17/Nov/2015:02:57:45 -0800] "GET /logs/access.log&amp;sa=U&amp;ved=0CIEBEBYwFmoVChMImqPkgqGXyQIVwbYaCh3pcAiP&amp;usg=AFQjCNGCdnmtMVWIoxZGsyg413mYNR4FzA/wp-admin/admin-ajax.php?action=revslider_show_image&img=../wp-config.php HTTP/1.1" 404 73 "-" "libwww-perl/5.834" "www.hoonlir.com"
46.105.116.58 - - [17/Nov/2015:02:58:33 -0800] "GET /logs/access.log&amp;sa=U&amp;ved=0CIEBEBYwFmoVChMIpZTxhKGXyQIVhTAaCh21CgSi&amp;usg=AFQjCNGCdnmtMVWIoxZGsyg413mYNR4FzA/wp-admin/admin-ajax.php HTTP/1.1" 404 73 "-" "Mozilla/5.0 (Windows; U; Windows NT 6.1; en-US; rv:1.9.2.28) Gecko/20120306 Firefox/3.6.28" "www.hoonlir.com"
46.105.116.58 - - [17/Nov/2015:02:58:34 -0800] "POST /logs/access.log&amp;sa=U&amp;ved=0CIEBEBYwFmoVChMIpZTxhKGXyQIVhTAaCh21CgSi&amp;usg=AFQjCNGCdnmtMVWIoxZGsyg413mYNR4FzA/wp-admin/admin-ajax.php HTTP/1.1" 404 73 "-" "Mozilla/5.0 (Windows; U; Windows NT 6.1; en-US; rv:1.9.2.28) Gecko/20120306 Firefox/3.6.28" "www.hoonlir.com"
46.105.116.58 - - [17/Nov/2015:02:58:34 -0800] "GET /logs/access.log&amp;sa=U&amp;ved=0CIEBEBYwFmoVChMIpZTxhKGXyQIVhTAaCh21CgSi&amp;usg=AFQjCNGCdnmtMVWIoxZGsyg413mYNR4FzA/ HTTP/1.1" 404 73 "-" "Mozilla/5.0 (Windows; U; Windows NT 6.1; en-US; rv:1.9.2.28) Gecko/20120306 Firefox/3.6.28" "www.hoonlir.com"
31.184.238.87 - - [17/Nov/2015:03:01:21 -0800] "GET /logs/access.log HTTP/1.1" 200 335245 "http://www.theknot.com/wedding/purchasing-cetirizine-16" "Mozilla/5.0 (Windows NT 6.3; WOW64; rv:26.0) Gecko/20100101 Firefox/26.0" "www.hoonlir.com"
46.105.116.58 - - [17/Nov/2015:03:02:37 -0800] "GET /logs/access.log&amp;sa=U&amp;ved=0CIEBEBYwFmoVChMIpZTxhKGXyQIVhTAaCh21CgSi&amp;usg=AFQjCNGCdnmtMVWIoxZGsyg413mYNR4FzA/wp-admin/admin-ajax.php?action=revslider_show_image&img=../wp-config.php HTTP/1.1" 404 73 "-" "libwww-perl/5.834" "www.hoonlir.com"
31.184.238.87 - - [17/Nov/2015:03:08:47 -0800] "GET /logs/access.log HTTP/1.1" 200 335789 "http://www.purevolume.com/buyofloxacin400mgwithoutrx" "Mozilla/5.0 (Windows NT 5.1; rv:27.0) Gecko/20100101 Firefox/27.0" "www.hoonlir.com"
46.105.116.58 - - [17/Nov/2015:03:08:59 -0800] "GET /logs/access.log&amp;sa=U&amp;ved=0CIEBEBYwFmoVChMI2_PxiKGXyQIVTFUaCh3n5w1l&amp;usg=AFQjCNGCdnmtMVWIoxZGsyg413mYNR4FzA/wp-admin/admin-ajax.php HTTP/1.1" 404 73 "-" "Mozilla/5.0 (Windows; U; Windows NT 6.1; en-US; rv:1.9.2.28) Gecko/20120306 Firefox/3.6.28" "www.hoonlir.com"
46.105.116.58 - - [17/Nov/2015:03:09:01 -0800] "GET /logs/access.log&amp;sa=U&amp;ved=0CIEBEBYwFmoVChMI2_PxiKGXyQIVTFUaCh3n5w1l&amp;usg=AFQjCNGCdnmtMVWIoxZGsyg413mYNR4FzA/ HTTP/1.1" 404 73 "-" "Mozilla/5.0 (Windows; U; Windows NT 6.1; en-US; rv:1.9.2.28) Gecko/20120306 Firefox/3.6.28" "www.hoonlir.com"
95.173.189.3 - - [17/Nov/2015:03:11:03 -0800] "POST /logs/access.log/wp-content.php?x0x HTTP/1.1" 404 73 "-" "-" "www.hoonlir.com"
46.105.116.58 - - [17/Nov/2015:03:11:06 -0800] "GET /logs/access.log&amp;sa=U&amp;ved=0CIEBEBYwFmoVChMI2_PxiKGXyQIVTFUaCh3n5w1l&amp;usg=AFQjCNGCdnmtMVWIoxZGsyg413mYNR4FzA/wp-admin/admin-ajax.php?action=revslider_show_image&img=../wp-config.php HTTP/1.1" 404 73 "-" "libwww-perl/5.834" "www.hoonlir.com"
46.105.116.58 - - [17/Nov/2015:03:13:55 -0800] "GET /logs/access.log&amp;sa=U&amp;ved=0CIEBEBYwFmoVChMIkLugi6GXyQIVzH0aCh3SFwIa&amp;usg=AFQjCNGCdnmtMVWIoxZGsyg413mYNR4FzA/wp-admin/admin-ajax.php HTTP/1.1" 404 73 "-" "Mozilla/5.0 (Windows; U; Windows NT 6.1; en-US; rv:1.9.2.28) Gecko/20120306 Firefox/3.6.28" "www.hoonlir.com"
46.105.116.58 - - [17/Nov/2015:03:13:56 -0800] "POST /logs/access.log&amp;sa=U&amp;ved=0CIEBEBYwFmoVChMIkLugi6GXyQIVzH0aCh3SFwIa&amp;usg=AFQjCNGCdnmtMVWIoxZGsyg413mYNR4FzA/wp-admin/admin-ajax.php HTTP/1.1" 404 73 "-" "Mozilla/5.0 (Windows; U; Windows NT 6.1; en-US; rv:1.9.2.28) Gecko/20120306 Firefox/3.6.28" "www.hoonlir.com"
46.105.116.58 - - [17/Nov/2015:03:13:56 -0800] "GET /logs/access.log&amp;sa=U&amp;ved=0CIEBEBYwFmoVChMIkLugi6GXyQIVzH0aCh3SFwIa&amp;usg=AFQjCNGCdnmtMVWIoxZGsyg413mYNR4FzA/ HTTP/1.1" 404 73 "-" "Mozilla/5.0 (Windows; U; Windows NT 6.1; en-US; rv:1.9.2.28) Gecko/20120306 Firefox/3.6.28" "www.hoonlir.com"
95.173.189.3 - - [17/Nov/2015:03:14:01 -0800] "POST /logs/access.log/wp-includes/include.php HTTP/1.1" 404 73 "-" "-" "www.hoonlir.com"
188.63.131.200 - - [17/Nov/2015:03:14:54 -0800] "GET /images/our_services.png HTTP/1.1" 200 20534 "-" "Mozilla/5.0 (Windows NT 6.3; WOW64; Trident/7.0; rv:11.0) like Gecko" "www.hoonlir.com"
31.184.238.87 - - [17/Nov/2015:03:15:42 -0800] "GET /logs/access.log HTTP/1.1" 200 338371 "http://orderestrace1mgonlinewithoutprescription.soup.io" "Mozilla/5.0 (Windows NT 6.0) AppleWebKit/537.36 (KHTML, like Gecko) Chrome/33.0.1750.146 Safari/537.36" "www.hoonlir.com"
46.105.116.58 - - [17/Nov/2015:03:16:04 -0800] "GET /logs/access.log&amp;sa=U&amp;ved=0CIEBEBYwFmoVChMIkLugi6GXyQIVzH0aCh3SFwIa&amp;usg=AFQjCNGCdnmtMVWIoxZGsyg413mYNR4FzA/wp-admin/admin-ajax.php?action=revslider_show_image&img=../wp-config.php HTTP/1.1" 404 73 "-" "libwww-perl/5.834" "www.hoonlir.com"
46.105.116.58 - - [17/Nov/2015:03:19:21 -0800] "GET /logs/access.log&amp;sa=U&amp;ved=0CHsQFjAVahUKEwi_36-MoZfJAhWBfxoKHfvTDyw&amp;usg=AFQjCNGCdnmtMVWIoxZGsyg413mYNR4FzA/wp-admin/admin-ajax.php HTTP/1.1" 404 73 "-" "Mozilla/5.0 (Windows; U; Windows NT 6.1; en-US; rv:1.9.2.28) Gecko/20120306 Firefox/3.6.28" "www.hoonlir.com"
46.105.116.58 - - [17/Nov/2015:03:19:29 -0800] "POST /logs/access.log&amp;sa=U&amp;ved=0CHsQFjAVahUKEwi_36-MoZfJAhWBfxoKHfvTDyw&amp;usg=AFQjCNGCdnmtMVWIoxZGsyg413mYNR4FzA/wp-admin/admin-ajax.php HTTP/1.1" 404 73 "-" "Mozilla/5.0 (Windows; U; Windows NT 6.1; en-US; rv:1.9.2.28) Gecko/20120306 Firefox/3.6.28" "www.hoonlir.com"
46.105.116.58 - - [17/Nov/2015:03:19:30 -0800] "GET /logs/access.log&amp;sa=U&amp;ved=0CHsQFjAVahUKEwi_36-MoZfJAhWBfxoKHfvTDyw&amp;usg=AFQjCNGCdnmtMVWIoxZGsyg413mYNR4FzA/ HTTP/1.1" 404 73 "-" "Mozilla/5.0 (Windows; U; Windows NT 6.1; en-US; rv:1.9.2.28) Gecko/20120306 Firefox/3.6.28" "www.hoonlir.com"
95.173.189.3 - - [17/Nov/2015:03:21:33 -0800] "POST /logs/access.log/wp-content.php?x0x HTTP/1.1" 404 73 "-" "-" "www.hoonlir.com"
46.105.116.58 - - [17/Nov/2015:03:21:36 -0800] "GET /logs/access.log&amp;sa=U&amp;ved=0CHsQFjAVahUKEwi_36-MoZfJAhWBfxoKHfvTDyw&amp;usg=AFQjCNGCdnmtMVWIoxZGsyg413mYNR4FzA/wp-admin/admin-ajax.php?action=revslider_show_image&img=../wp-config.php HTTP/1.1" 404 73 "-" "libwww-perl/5.834" "www.hoonlir.com"
31.184.238.87 - - [17/Nov/2015:03:22:47 -0800] "GET /logs/access.log HTTP/1.1" 200 340334 "http://gravatar.com/0ocoreg25mg" "Mozilla/5.0 (Windows NT 6.3; WOW64; rv:26.0) Gecko/20100101 Firefox/26.0" "www.hoonlir.com"
46.105.116.58 - - [17/Nov/2015:03:24:31 -0800] "GET /logs/access.log&amp;sa=U&amp;ved=0CIEBEBYwFmoVChMI1ObKjaGXyQIVRdQaCh0G8gFk&amp;usg=AFQjCNGCdnmtMVWIoxZGsyg413mYNR4FzA/wp-admin/admin-ajax.php HTTP/1.1" 404 73 "-" "Mozilla/5.0 (Windows; U; Windows NT 6.1; en-US; rv:1.9.2.28) Gecko/20120306 Firefox/3.6.28" "www.hoonlir.com"
46.105.116.58 - - [17/Nov/2015:03:24:31 -0800] "POST /logs/access.log&amp;sa=U&amp;ved=0CIEBEBYwFmoVChMI1ObKjaGXyQIVRdQaCh0G8gFk&amp;usg=AFQjCNGCdnmtMVWIoxZGsyg413mYNR4FzA/wp-admin/admin-ajax.php HTTP/1.1" 404 73 "-" "Mozilla/5.0 (Windows; U; Windows NT 6.1; en-US; rv:1.9.2.28) Gecko/20120306 Firefox/3.6.28" "www.hoonlir.com"
46.105.116.58 - - [17/Nov/2015:03:24:32 -0800] "GET /logs/access.log&amp;sa=U&amp;ved=0CIEBEBYwFmoVChMI1ObKjaGXyQIVRdQaCh0G8gFk&amp;usg=AFQjCNGCdnmtMVWIoxZGsyg413mYNR4FzA/ HTTP/1.1" 404 73 "-" "Mozilla/5.0 (Windows; U; Windows NT 6.1; en-US; rv:1.9.2.28) Gecko/20120306 Firefox/3.6.28" "www.hoonlir.com"
46.105.116.58 - - [17/Nov/2015:03:28:34 -0800] "GET /logs/access.log&amp;sa=U&amp;ved=0CIEBEBYwFmoVChMI1ObKjaGXyQIVRdQaCh0G8gFk&amp;usg=AFQjCNGCdnmtMVWIoxZGsyg413mYNR4FzA/wp-admin/admin-ajax.php?action=revslider_show_image&img=../wp-config.php HTTP/1.1" 404 73 "-" "libwww-perl/5.834" "www.hoonlir.com"
101.226.33.202 - - [17/Nov/2015:03:29:02 -0800] "GET / HTTP/1.1" 200 5846 "-" "Mozilla/5.0 (Linux; U; Android 4.4.2; zh-cn; GT-I9500 Build/KOT49H) AppleWebKit/537.36 (KHTML, like Gecko)Version/4.0 MQQBrowser/5.0 QQ-URL-Manager Mobile Safari/537.36" "hoonlir.com"
46.105.116.58 - - [17/Nov/2015:03:29:41 -0800] "GET /logs/access.log&amp;sa=U&amp;ved=0CIEBEBYwFmoVChMIxpSAkKGXyQIVhtoaCh0dygm5&amp;usg=AFQjCNGCdnmtMVWIoxZGsyg413mYNR4FzA/wp-admin/admin-ajax.php HTTP/1.1" 404 73 "-" "Mozilla/5.0 (Windows; U; Windows NT 6.1; en-US; rv:1.9.2.28) Gecko/20120306 Firefox/3.6.28" "www.hoonlir.com"
46.105.116.58 - - [17/Nov/2015:03:29:42 -0800] "POST /logs/access.log&amp;sa=U&amp;ved=0CIEBEBYwFmoVChMIxpSAkKGXyQIVhtoaCh0dygm5&amp;usg=AFQjCNGCdnmtMVWIoxZGsyg413mYNR4FzA/wp-admin/admin-ajax.php HTTP/1.1" 404 73 "-" "Mozilla/5.0 (Windows; U; Windows NT 6.1; en-US; rv:1.9.2.28) Gecko/20120306 Firefox/3.6.28" "www.hoonlir.com"
46.105.116.58 - - [17/Nov/2015:03:29:42 -0800] "GET /logs/access.log&amp;sa=U&amp;ved=0CIEBEBYwFmoVChMIxpSAkKGXyQIVhtoaCh0dygm5&amp;usg=AFQjCNGCdnmtMVWIoxZGsyg413mYNR4FzA/ HTTP/1.1" 404 73 "-" "Mozilla/5.0 (Windows; U; Windows NT 6.1; en-US; rv:1.9.2.28) Gecko/20120306 Firefox/3.6.28" "www.hoonlir.com"
95.173.189.3 - - [17/Nov/2015:03:29:48 -0800] "POST /logs/access.log/wp-includes/include.php HTTP/1.1" 404 73 "-" "-" "www.hoonlir.com"
95.173.189.3 - - [17/Nov/2015:03:29:55 -0800] "POST /logs/access.log/wp-content.php?x0x HTTP/1.1" 404 73 "-" "-" "www.hoonlir.com"
46.105.116.58 - - [17/Nov/2015:03:29:57 -0800] "GET /logs/access.log&amp;sa=U&amp;ved=0CIEBEBYwFmoVChMIxpSAkKGXyQIVhtoaCh0dygm5&amp;usg=AFQjCNGCdnmtMVWIoxZGsyg413mYNR4FzA/wp-admin/admin-ajax.php?action=revslider_show_image&img=../wp-config.php HTTP/1.1" 404 73 "-" "libwww-perl/5.834" "www.hoonlir.com"
31.184.238.87 - - [17/Nov/2015:03:30:18 -0800] "GET /logs/access.log HTTP/1.1" 200 343605 "http://www.theknot.com/wedding/leflunomide-and-price" "Mozilla/5.0 (Windows NT 6.1; WOW64; rv:26.0) Gecko/20100101 Firefox/26.0" "www.hoonlir.com"
205.186.166.70 - - [17/Nov/2015:03:41:04 -0800] "GET //administrator/components/com_redmystic/chart/ofc-library/ofc_upload_image.php?name=cpx.php HTTP/1.1" 404 73 "-" "Mozilla/5.0 (Windows; U; Windows NT 5.1; en-US; rv:1.9.2) Gecko/20100115 Firefox/3.6" "www.hoonlir.com"
205.186.166.70 - - [17/Nov/2015:03:41:05 -0800] "GET /logs//administrator/components/com_redmystic/chart/ofc-library/ofc_upload_image.php?name=cpx.php HTTP/1.1" 404 73 "-" "Mozilla/5.0 (Windows; U; Windows NT 5.1; en-US; rv:1.9.2) Gecko/20100115 Firefox/3.6" "www.hoonlir.com"
31.184.238.87 - - [17/Nov/2015:03:44:33 -0800] "GET /logs/access.log HTTP/1.1" 200 344392 "http://gravatar.com/12prandin" "Mozilla/5.0 (Windows NT 6.3; WOW64) AppleWebKit/537.36 (KHTML, like Gecko) Chrome/33.0.1750.117 Safari/537.36" "www.hoonlir.com"
31.184.238.87 - - [17/Nov/2015:03:51:58 -0800] "GET /logs/access.log HTTP/1.1" 200 344644 "http://gravatar.com/beichalokinhorncen" "Mozilla/5.0 (Windows NT 6.1) AppleWebKit/537.36 (KHTML, like Gecko) Chrome/32.0.1700.107 Safari/537.36" "www.hoonlir.com"
31.184.238.87 - - [17/Nov/2015:03:58:56 -0800] "GET /logs/access.log HTTP/1.1" 200 344898 "http://gravatar.com/buydesogestrelonlinewithoutrx" "Mozilla/5.0 (Windows NT 6.1) AppleWebKit/537.36 (KHTML, like Gecko) Chrome/32.0.1700.107 Safari/537.36" "www.hoonlir.com"
31.184.238.87 - - [17/Nov/2015:04:06:10 -0800] "GET /logs/access.log HTTP/1.1" 200 345163 "http://orderzocoronlineireland.soup.io" "Mozilla/5.0 (Windows NT 6.1) AppleWebKit/537.36 (KHTML, like Gecko) Chrome/33.0.1750.146 Safari/537.36" "www.hoonlir.com"
31.184.238.87 - - [17/Nov/2015:04:13:34 -0800] "GET /logs/access.log HTTP/1.1" 200 345417 "http://spironolactone-buy-cheap.snack.ws" "Mozilla/5.0 (Windows NT 6.1; rv:27.0) Gecko/20100101 Firefox/27.0" "www.hoonlir.com"
31.184.238.87 - - [17/Nov/2015:04:20:33 -0800] "GET /logs/access.log HTTP/1.1" 200 345636 "http://doxycycline-order-online.soup.io" "Mozilla/5.0 (Windows NT 6.3; WOW64) AppleWebKit/537.36 (KHTML, like Gecko) Chrome/32.0.1700.102 Safari/537.36" "www.hoonlir.com"
31.184.238.87 - - [17/Nov/2015:04:27:54 -0800] "GET /logs/access.log HTTP/1.1" 200 345898 "http://ordersinequan.soup.io" "Mozilla/5.0 (Windows NT 6.1) AppleWebKit/537.36 (KHTML, like Gecko) Chrome/30.0.1599.13014 YaBrowser/13.12.1599.13014 Safari/537.36" "www.hoonlir.com"
31.184.238.87 - - [17/Nov/2015:04:35:18 -0800] "GET /logs/access.log HTTP/1.1" 200 346171 "http://ordercialislowprice.soup.io" "Opera/9.80 (Windows NT 6.1; WOW64) Presto/2.12.388 Version/12.16" "www.hoonlir.com"
31.184.238.87 - - [17/Nov/2015:04:42:19 -0800] "GET /logs/access.log HTTP/1.1" 200 346383 "http://order-imipramine.aircus.com" "Mozilla/5.0 (Windows NT 5.1) AppleWebKit/537.36 (KHTML, like Gecko) Chrome/32.0.1700.107 Safari/537.36" "www.hoonlir.com"
31.184.238.87 - - [17/Nov/2015:04:49:23 -0800] "GET /logs/access.log HTTP/1.1" 200 346633 "http://order-lamotrigine-100mg.soup.io" "Mozilla/5.0 (Windows NT 6.3; WOW64) AppleWebKit/537.36 (KHTML, like Gecko) Chrome/33.0.1750.146 Safari/537.36" "www.hoonlir.com"
31.184.238.87 - - [17/Nov/2015:04:56:45 -0800] "GET /logs/access.log HTTP/1.1" 200 346894 "http://buyrepaglinide2mgquickdelivery.snack.ws" "Mozilla/5.0 (Windows NT 6.1; WOW64) AppleWebKit/537.36 (KHTML, like Gecko) Chrome/32.0.1700.76 Safari/537.36" "www.hoonlir.com"
31.184.238.87 - - [17/Nov/2015:05:03:08 -0800] "GET /logs/access.log HTTP/1.1" 200 347162 "http://order-furazolidone-without-prescription.soup.io" "Mozilla/5.0 (Windows NT 6.1) AppleWebKit/537.36 (KHTML, like Gecko) Chrome/33.0.1750.146 Safari/537.36" "www.hoonlir.com"
31.184.238.87 - - [17/Nov/2015:05:15:55 -0800] "GET /logs/access.log HTTP/1.1" 200 347432 "http://buy-gabapentin-300mg-online.snack.ws" "Mozilla/5.0 (Windows NT 6.1; WOW64) AppleWebKit/537.36 (KHTML, like Gecko) Chrome/30.0.1599.12785 YaBrowser/13.12.1599.12785 Safari/537.36" "www.hoonlir.com"
101.226.33.202 - - [17/Nov/2015:05:18:57 -0800] "GET /scripts/jquery.cycle.setup.js HTTP/1.1" 200 517 "http://hoonlir.com/scripts/jquery.cycle.setup.js" "Mozilla/5.0 (Linux; U; Android 4.4.2; zh-cn; GT-I9500 Build/KOT49H) AppleWebKit/537.36 (KHTML, like Gecko)Version/4.0 MQQBrowser/5.0 QQ-URL-Manager Mobile Safari/537.36" "hoonlir.com"
31.184.238.87 - - [17/Nov/2015:05:21:52 -0800] "GET /logs/access.log HTTP/1.1" 200 348065 "http://gravatar.com/eqindocin" "Mozilla/5.0 (Windows NT 5.1; rv:26.0) Gecko/20100101 Firefox/26.0" "www.hoonlir.com"
31.184.238.87 - - [17/Nov/2015:05:29:21 -0800] "GET /logs/access.log HTTP/1.1" 200 348273 "http://orderamoxicillinlowprice.soup.io" "Mozilla/5.0 (Windows NT 6.3; WOW64) AppleWebKit/537.36 (KHTML, like Gecko) Chrome/33.0.1750.117 Safari/537.36" "www.hoonlir.com"
109.156.67.144 - - [17/Nov/2015:05:33:20 -0800] "GET /logs/access.log HTTP/1.1" 200 30262 "https://www.google.co.uk" "Mozilla/5.0 (Windows NT 10.0; WOW64; rv:42.0) Gecko/20100101 Firefox/42.0" "www.hoonlir.com"
31.184.238.87 - - [17/Nov/2015:05:36:54 -0800] "GET /logs/access.log HTTP/1.1" 200 348746 "http://buycarafate1000mgwholesale.soup.io" "Mozilla/5.0 (Windows NT 6.1; WOW64) AppleWebKit/537.36 (KHTML, like Gecko) Chrome/32.0.1700.102 Safari/537.36 OPR/19.0.1326.59" "www.hoonlir.com"
