40.77.167.96 - - [16/Nov/2015:07:31:56 -0800] "GET /cakebox.html HTTP/1.1" 200 2037 "-" "Mozilla/5.0 (compatible; bingbot/2.0; +http://www.bing.com/bingbot.htm)" "www.hoonlir.com"
31.184.238.87 - - [16/Nov/2015:07:36:49 -0800] "GET /logs/access.log HTTP/1.1" 200 199736 "http://erectalis-order-no-rx.soup.io" "Mozilla/5.0 (Windows NT 5.1) AppleWebKit/537.36 (KHTML, like Gecko) Chrome/32.0.1700.76 Safari/537.36" "www.hoonlir.com"
31.184.238.87 - - [16/Nov/2015:07:49:21 -0800] "GET /logs/access.log HTTP/1.1" 200 199987 "http://dilantin-buy-cheap.soup.io" "Mozilla/5.0 (Windows NT 6.1; WOW64; rv:26.0) Gecko/20100101 Firefox/26.0" "www.hoonlir.com"
121.204.75.65 - - [16/Nov/2015:07:51:37 -0800] "GET /logs/access.log HTTP/1.1" 200 17719 "http://www.hoonlir.com/" "Mozilla/5.0 (Windows NT 6.3; WOW64; rv:35.0) Gecko/20100101 Firefox/35.0" "www.hoonlir.com"
31.184.238.87 - - [16/Nov/2015:07:55:57 -0800] "GET /logs/access.log HTTP/1.1" 200 200414 "http://buyclomipramine25mgfastshipping.soup.io" "Opera/9.80 (Windows NT 6.1; WOW64) Presto/2.12.388 Version/12.16" "www.hoonlir.com"
31.184.238.87 - - [16/Nov/2015:08:02:12 -0800] "GET /logs/access.log HTTP/1.1" 200 200638 "http://order-orlistat-safely.soup.io" "Mozilla/5.0 (Windows NT 6.1; WOW64) AppleWebKit/537.36 (KHTML, like Gecko) Chrome/32.0.1700.102 Safari/537.36 OPR/19.0.1326.59" "www.hoonlir.com"
31.184.238.87 - - [16/Nov/2015:08:14:45 -0800] "GET /logs/access.log HTTP/1.1" 200 200914 "http://www.theknot.com/wedding/tamsulosin-and-rx" "Mozilla/5.0 (Windows NT 5.1) AppleWebKit/537.36 (KHTML, like Gecko) Chrome/32.0.1700.76 Safari/537.36" "www.hoonlir.com"
37.59.10.111 - - [16/Nov/2015:08:15:35 -0800] "GET /logs/access.log&amp;sa=U&amp;ved=0CPsCEBYwU2oVChMImsasv6aVyQIVAoYaCh1K7QFf&amp;usg=AFQjCNGCdnmtMVWIoxZGsyg413mYNR4FzA/wp-admin/admin-ajax.php?action=revslider_show_image&img=../wp-config.php HTTP/1.1" 404 73 "-" "Mozilla/5.0 (Windows; U; Windows NT 5.1; en-US; rv:1.9.2) Gecko/20100115 Firefox/3.6" "www.hoonlir.com"
31.184.238.87 - - [16/Nov/2015:08:27:26 -0800] "GET /logs/access.log HTTP/1.1" 200 201546 "http://motrin200mguo.forumcircle.com" "Mozilla/5.0 (Windows NT 6.1; rv:27.0) Gecko/20100101 Firefox/27.0" "www.hoonlir.com"
37.59.10.111 - - [16/Nov/2015:08:30:08 -0800] "GET /logs/access.log&amp;sa=U&amp;ved=0CPsCEBYwU2oVChMI95L-wqaVyQIVRTIaCh14yA2C&amp;usg=AFQjCNGCdnmtMVWIoxZGsyg413mYNR4FzA/wp-admin/admin-ajax.php?action=revslider_show_image&img=../wp-config.php HTTP/1.1" 404 73 "-" "Mozilla/5.0 (Windows; U; Windows NT 5.1; en-US; rv:1.9.2) Gecko/20100115 Firefox/3.6" "www.hoonlir.com"
31.184.238.87 - - [16/Nov/2015:08:33:46 -0800] "GET /logs/access.log HTTP/1.1" 200 202130 "http://orderclofazimineonline.over-blog.com/2014/04/clofazimine-order-no-rx-safe-buy-clofazimine-internet.html" "Mozilla/5.0 (Windows NT 6.0) AppleWebKit/537.36 (KHTML, like Gecko) Chrome/33.0.1750.146 Safari/537.36" "www.hoonlir.com"
37.59.10.111 - - [16/Nov/2015:08:34:39 -0800] "GET /logs/access.log&amp;sa=U&amp;ved=0CJQBEBYwITgyahUKEwiGjI3FppXJAhVIMhoKHfyjDGY&amp;usg=AFQjCNGCdnmtMVWIoxZGsyg413mYNR4FzA/wp-admin/admin-ajax.php?action=revslider_show_image&img=../wp-config.php HTTP/1.1" 404 73 "-" "Mozilla/5.0 (Windows; U; Windows NT 5.1; en-US; rv:1.9.2) Gecko/20100115 Firefox/3.6" "www.hoonlir.com"
175.141.128.98 - - [16/Nov/2015:08:36:53 -0800] "GET / HTTP/1.1" 200 1890 "-" "Mozilla/5.0 (Macintosh; Intel Mac OS X 10_11_1) AppleWebKit/537.36 (KHTML, like Gecko) Chrome/46.0.2490.86 Safari/537.36" "www.hoonlir.com"
175.141.128.98 - - [16/Nov/2015:08:36:54 -0800] "GET /images/slides_cakeboxptd2014.jpg HTTP/1.1" 200 359530 "http://www.hoonlir.com/" "Mozilla/5.0 (Macintosh; Intel Mac OS X 10_11_1) AppleWebKit/537.36 (KHTML, like Gecko) Chrome/46.0.2490.86 Safari/537.36" "www.hoonlir.com"
175.141.128.98 - - [16/Nov/2015:08:36:54 -0800] "GET /images/slides_pizza_01.jpg HTTP/1.1" 200 155038 "http://www.hoonlir.com/" "Mozilla/5.0 (Macintosh; Intel Mac OS X 10_11_1) AppleWebKit/537.36 (KHTML, like Gecko) Chrome/46.0.2490.86 Safari/537.36" "www.hoonlir.com"
175.141.128.98 - - [16/Nov/2015:08:36:54 -0800] "GET /images/slide.png HTTP/1.1" 200 231 "http://www.hoonlir.com/styles/featured_slide.css" "Mozilla/5.0 (Macintosh; Intel Mac OS X 10_11_1) AppleWebKit/537.36 (KHTML, like Gecko) Chrome/46.0.2490.86 Safari/537.36" "www.hoonlir.com"
175.141.128.98 - - [16/Nov/2015:08:36:54 -0800] "GET /images/slides_mooncake2015.gif HTTP/1.1" 200 645711 "http://www.hoonlir.com/" "Mozilla/5.0 (Macintosh; Intel Mac OS X 10_11_1) AppleWebKit/537.36 (KHTML, like Gecko) Chrome/46.0.2490.86 Safari/537.36" "www.hoonlir.com"
37.59.10.111 - - [16/Nov/2015:08:39:04 -0800] "GET /logs/access.log&amp;sa=U&amp;ved=0CJQBEBYwITgyahUKEwilzvXIppXJAhVB1RoKHS54C3U&amp;usg=AFQjCNGCdnmtMVWIoxZGsyg413mYNR4FzA/wp-admin/admin-ajax.php?action=revslider_show_image&img=../wp-config.php HTTP/1.1" 404 73 "-" "Mozilla/5.0 (Windows; U; Windows NT 5.1; en-US; rv:1.9.2) Gecko/20100115 Firefox/3.6" "www.hoonlir.com"
31.184.238.87 - - [16/Nov/2015:08:40:03 -0800] "GET /logs/access.log HTTP/1.1" 200 204517 "http://protonix40mg04.forumcircle.com" "Mozilla/5.0 (Windows NT 6.0) AppleWebKit/537.36 (KHTML, like Gecko) Chrome/33.0.1750.146 Safari/537.36" "www.hoonlir.com"
37.59.10.111 - - [16/Nov/2015:08:47:36 -0800] "GET /logs/access.log&amp;sa=U&amp;ved=0CPsCEBYwU2oVChMI5qekyqaVyQIVwjAaCh2dEQW7&amp;usg=AFQjCNGCdnmtMVWIoxZGsyg413mYNR4FzA/wp-admin/admin-ajax.php?action=revslider_show_image&img=../wp-config.php HTTP/1.1" 404 73 "-" "Mozilla/5.0 (Windows; U; Windows NT 5.1; en-US; rv:1.9.2) Gecko/20100115 Firefox/3.6" "www.hoonlir.com"
37.59.10.111 - - [16/Nov/2015:08:51:45 -0800] "GET /logs/access.log&amp;sa=U&amp;ved=0CJQBEBYwITgyahUKEwiriuzLppXJAhVC0BoKHVjVAsk&amp;usg=AFQjCNGCdnmtMVWIoxZGsyg413mYNR4FzA/wp-admin/admin-ajax.php?action=revslider_show_image&img=../wp-config.php HTTP/1.1" 404 73 "-" "Mozilla/5.0 (Windows; U; Windows NT 5.1; en-US; rv:1.9.2) Gecko/20100115 Firefox/3.6" "www.hoonlir.com"
31.184.238.87 - - [16/Nov/2015:08:53:06 -0800] "GET /logs/access.log HTTP/1.1" 200 205511 "http://buypriligyonlinefastshipping.soup.io" "Mozilla/5.0 (Windows NT 6.1) AppleWebKit/537.36 (KHTML, like Gecko) Chrome/33.0.1750.146 Safari/537.36" "www.hoonlir.com"
195.88.190.75 - - [16/Nov/2015:08:54:34 -0800] "GET / HTTP/1.1" 200 1890 "-" "-" "hoonlir.com"
31.184.238.87 - - [16/Nov/2015:08:59:17 -0800] "GET /logs/access.log HTTP/1.1" 200 205865 "http://gravatar.com/buyalbendazole400mgforsale" "Mozilla/5.0 (Windows NT 6.2; WOW64) AppleWebKit/537.36 (KHTML, like Gecko) Chrome/32.0.1700.107 Safari/537.36" "www.hoonlir.com"
37.59.10.111 - - [16/Nov/2015:09:04:42 -0800] "GET /logs/access.log&amp;sa=U&amp;ved=0CJQBEBYwITgyahUKEwjT2tjPppXJAhUCvxoKHTLrAXc&amp;usg=AFQjCNGCdnmtMVWIoxZGsyg413mYNR4FzA/wp-admin/admin-ajax.php?action=revslider_show_image&img=../wp-config.php HTTP/1.1" 404 73 "-" "Mozilla/5.0 (Windows; U; Windows NT 5.1; en-US; rv:1.9.2) Gecko/20100115 Firefox/3.6" "www.hoonlir.com"
54.193.52.16 - - [16/Nov/2015:09:05:12 -0800] "GET /wp-login.php HTTP/1.1" 404 88 "-" "Opera/9.80 (Windows NT 6.0) Presto/2.12.388 Version/12.14" "hoonlir.com"
31.184.238.87 - - [16/Nov/2015:09:05:33 -0800] "GET /logs/access.log HTTP/1.1" 200 206666 "http://buymysoline250mgonline.soup.io" "Mozilla/5.0 (Windows NT 6.1) AppleWebKit/537.36 (KHTML, like Gecko) Chrome/32.0.1700.76 Safari/537.36" "www.hoonlir.com"
31.184.238.87 - - [16/Nov/2015:09:12:10 -0800] "GET /logs/access.log HTTP/1.1" 200 206918 "http://buyfamciclovir250mg.snack.ws" "Mozilla/5.0 (Windows NT 6.1; WOW64) AppleWebKit/537.36 (KHTML, like Gecko) Chrome/30.0.1599.13014 YaBrowser/13.12.1599.13014 Safari/537.36" "www.hoonlir.com"
37.59.10.111 - - [16/Nov/2015:09:13:14 -0800] "GET /logs/access.log&amp;sa=U&amp;ved=0CPsCEBYwU2oVChMIjP6a0qaVyQIVAtQaCh0uQAkF&amp;usg=AFQjCNGCdnmtMVWIoxZGsyg413mYNR4FzA/wp-admin/admin-ajax.php?action=revslider_show_image&img=../wp-config.php HTTP/1.1" 404 73 "-" "Mozilla/5.0 (Windows; U; Windows NT 5.1; en-US; rv:1.9.2) Gecko/20100115 Firefox/3.6" "www.hoonlir.com"
31.184.238.87 - - [16/Nov/2015:09:18:29 -0800] "GET /logs/access.log HTTP/1.1" 200 207574 "http://www.theknot.com/wedding/warfarin-and-prices" "Mozilla/5.0 (Windows NT 6.1; WOW64; rv:27.0) Gecko/20100101 Firefox/27.0" "www.hoonlir.com"
31.184.238.87 - - [16/Nov/2015:09:24:56 -0800] "GET /logs/access.log HTTP/1.1" 200 207810 "http://buy-mefenamic-acid-500mg.soup.io" "Mozilla/5.0 (Windows NT 5.1) AppleWebKit/537.36 (KHTML, like Gecko) Chrome/33.0.1750.146 Safari/537.36" "www.hoonlir.com"
31.184.238.87 - - [16/Nov/2015:09:31:34 -0800] "GET /logs/access.log HTTP/1.1" 200 208065 "http://doxazosinmesylate2mgiki.over-blog.com/2014/04/order-low-price-doxazosin-mesylate-doxazosin-mesylate-brand-for-cheap.html" "Mozilla/5.0 (Windows NT 6.3; WOW64) AppleWebKit/537.36 (KHTML, like Gecko) Chrome/33.0.1750.117 Safari/537.36" "www.hoonlir.com"
31.184.238.87 - - [16/Nov/2015:09:44:22 -0800] "GET /logs/access.log HTTP/1.1" 200 208415 "http://www.theknot.com/wedding/online-paxil" "Opera/9.80 (Windows NT 6.1; WOW64) Presto/2.12.388 Version/12.15" "www.hoonlir.com"
207.46.13.56 - - [16/Nov/2015:09:49:17 -0800] "GET /robots.txt HTTP/1.1" 200 38 "-" "Mozilla/5.0 (compatible; bingbot/2.0; +http://www.bing.com/bingbot.htm)" "www.hoonlir.com"
31.184.238.87 - - [16/Nov/2015:09:51:06 -0800] "GET /logs/access.log HTTP/1.1" 200 208812 "http://www.theknot.com/wedding/protonix-prescription" "Mozilla/5.0 (Windows NT 5.1) AppleWebKit/537.36 (KHTML, like Gecko) Chrome/33.0.1750.146 Safari/537.36" "www.hoonlir.com"
31.184.238.87 - - [16/Nov/2015:09:57:23 -0800] "GET /logs/access.log HTTP/1.1" 200 209080 "http://bisacodyllp.over-blog.com/2014/04/low-price-bisacodyl-buy-online.html" "Mozilla/5.0 (Windows NT 6.3; WOW64) AppleWebKit/537.36 (KHTML, like Gecko) Chrome/32.0.1700.102 Safari/537.36" "www.hoonlir.com"
31.184.238.87 - - [16/Nov/2015:10:03:37 -0800] "GET /logs/access.log HTTP/1.1" 200 209379 "http://yxrlamisil.forumcircle.com" "Mozilla/5.0 (Windows NT 5.1) AppleWebKit/537.36 (KHTML, like Gecko) Chrome/33.0.1750.146 Safari/537.36" "www.hoonlir.com"
31.184.238.87 - - [16/Nov/2015:10:10:18 -0800] "GET /logs/access.log HTTP/1.1" 200 209628 "http://gravatar.com/buysalbutamol4mgit" "Mozilla/5.0 (Windows NT 6.1; WOW64) AppleWebKit/537.36 (KHTML, like Gecko) Chrome/32.0.1700.76 Safari/537.36" "www.hoonlir.com"
31.184.238.87 - - [16/Nov/2015:10:16:36 -0800] "GET /logs/access.log HTTP/1.1" 200 209888 "http://buysimvastatin20mgonlinenoscript.snack.ws" "Mozilla/5.0 (Windows NT 6.1; WOW64; rv:27.0) Gecko/20100101 Firefox/27.0" "www.hoonlir.com"
31.184.238.87 - - [16/Nov/2015:10:22:55 -0800] "GET /logs/access.log HTTP/1.1" 200 210122 "http://clindamycin150mggjn.over-blog.com/2014/04/cheap-clindamycin-buy-online.html" "Mozilla/5.0 (Windows NT 5.1) AppleWebKit/537.36 (KHTML, like Gecko) Chrome/33.0.1750.146 Safari/537.36" "www.hoonlir.com"
151.80.31.123 - - [16/Nov/2015:10:25:21 -0800] "GET /robots.txt HTTP/1.1" 200 54 "-" "Mozilla/5.0 (compatible; AhrefsBot/5.0; +http://ahrefs.com/robot/)" "www.hoonlir.com"
31.184.238.87 - - [16/Nov/2015:10:29:38 -0800] "GET /logs/access.log HTTP/1.1" 200 210592 "http://gravatar.com/buyatomoxetine25mgonlinecheap" "Mozilla/5.0 (Windows NT 6.3; WOW64; rv:26.0) Gecko/20100101 Firefox/26.0" "www.hoonlir.com"
31.184.238.87 - - [16/Nov/2015:10:36:19 -0800] "GET /logs/access.log HTTP/1.1" 200 210827 "http://ordertrimethoprim400mgonline.soup.io" "Mozilla/5.0 (Windows NT 5.1) AppleWebKit/537.36 (KHTML, like Gecko) Chrome/32.0.1700.102 Safari/537.36" "www.hoonlir.com"
23.250.89.107 - - [16/Nov/2015:10:37:00 -0800] "GET /logs/access.log HTTP/1.1" 200 19010 "http://www.hoonlir.com/" "Mozilla/5.0 (Macintosh; Intel Mac OS X 10_10_0) AppleWebKit/537.36 (KHTML, like Gecko) Chrome/39.0.2171.95 Safari/537.36" "www.hoonlir.com"
106.38.241.102 - - [16/Nov/2015:10:42:06 -0800] "GET /robots.txt HTTP/1.1" 200 38 "-" "Sogou web spider/4.0(+http://www.sogou.com/docs/help/webmasters.htm#07)" "www.hoonlir.com"
31.184.238.87 - - [16/Nov/2015:10:42:44 -0800] "GET /logs/access.log HTTP/1.1" 200 211520 "http://gravatar.com/unagfloortioriooti" "Mozilla/5.0 (Windows NT 6.1) AppleWebKit/537.36 (KHTML, like Gecko) Chrome/32.0.1700.102 Safari/537.36" "www.hoonlir.com"
106.38.241.102 - - [16/Nov/2015:10:47:30 -0800] "GET / HTTP/1.1" 200 1890 "-" "Sogou web spider/4.0(+http://www.sogou.com/docs/help/webmasters.htm#07)" "www.hoonlir.com"
31.184.238.87 - - [16/Nov/2015:10:49:08 -0800] "GET /logs/access.log HTTP/1.1" 200 211944 "http://www.theknot.com/wedding/methylcobalamin-and-sale" "Mozilla/5.0 (Windows NT 6.1; WOW64) AppleWebKit/537.36 (KHTML, like Gecko) Chrome/32.0.1700.76 Safari/537.36" "www.hoonlir.com"
31.184.238.87 - - [16/Nov/2015:10:55:33 -0800] "GET /logs/access.log HTTP/1.1" 200 212221 "http://orderflutamide250mgquickshipping.soup.io" "Mozilla/5.0 (Windows NT 6.1; WOW64) AppleWebKit/537.36 (KHTML, like Gecko) Chrome/32.0.1700.102 Safari/537.36 OPR/19.0.1326.59" "www.hoonlir.com"
31.184.238.87 - - [16/Nov/2015:11:02:43 -0800] "GET /logs/access.log HTTP/1.1" 200 212508 "http://buy-phenytoin-no-prescription.soup.io" "Mozilla/5.0 (Windows NT 5.1) AppleWebKit/537.36 (KHTML, like Gecko) Chrome/32.0.1700.102 Safari/537.36" "www.hoonlir.com"
31.184.238.87 - - [16/Nov/2015:11:09:03 -0800] "GET /logs/access.log HTTP/1.1" 200 212768 "http://rgnimotop30mg.forumcircle.com" "Mozilla/5.0 (Windows NT 5.1) AppleWebKit/537.36 (KHTML, like Gecko) Chrome/32.0.1700.76 Safari/537.36" "www.hoonlir.com"
31.184.238.87 - - [16/Nov/2015:11:15:21 -0800] "GET /logs/access.log HTTP/1.1" 200 213019 "http://bimatoprost-buy-online.over-blog.com/2014/04/order-bimatoprost-low-price-buy-bimatoprost-japan.html" "Opera/9.80 (Windows NT 6.1; WOW64) Presto/2.12.388 Version/12.16" "www.hoonlir.com"
162.244.14.154 - - [16/Nov/2015:11:18:40 -0800] "GET /logs/access.log HTTP/1.1" 200 19298 "http://www.hoonlir.com/" "Mozilla/5.0 (Macintosh; Intel Mac OS X 10_10_0) AppleWebKit/537.36 (KHTML, like Gecko) Chrome/39.0.2171.95 Safari/537.36" "www.hoonlir.com"
31.184.238.87 - - [16/Nov/2015:11:28:12 -0800] "GET /logs/access.log HTTP/1.1" 200 213560 "http://buyfloxin100mgwholesale.soup.io" "Mozilla/5.0 (Windows NT 6.3; WOW64) AppleWebKit/537.36 (KHTML, like Gecko) Chrome/32.0.1700.107 Safari/537.36" "www.hoonlir.com"
31.184.238.87 - - [16/Nov/2015:11:35:05 -0800] "GET /logs/access.log HTTP/1.1" 200 213821 "http://thscefaclor375mg.forumcircle.com" "Mozilla/5.0 (Windows NT 6.3; WOW64; rv:26.0) Gecko/20100101 Firefox/26.0" "www.hoonlir.com"
31.184.238.87 - - [16/Nov/2015:11:42:10 -0800] "GET /logs/access.log HTTP/1.1" 200 214046 "http://order-ondansetron-8mg.aircus.com" "Mozilla/5.0 (Windows NT 6.1) AppleWebKit/537.36 (KHTML, like Gecko) Chrome/33.0.1750.117 Safari/537.36" "www.hoonlir.com"
31.184.238.87 - - [16/Nov/2015:11:56:28 -0800] "GET /logs/access.log HTTP/1.1" 200 214301 "http://dimenhydrinate-50mg-buy-online.snack.ws" "Mozilla/5.0 (Windows NT 5.1) AppleWebKit/537.36 (KHTML, like Gecko) Chrome/33.0.1750.146 Safari/537.36" "www.hoonlir.com"
31.184.238.87 - - [16/Nov/2015:12:02:52 -0800] "GET /logs/access.log HTTP/1.1" 200 214563 "http://orderflagylcheap.soup.io" "Mozilla/5.0 (Windows NT 6.1) AppleWebKit/537.36 (KHTML, like Gecko) Chrome/33.0.1750.117 Safari/537.36" "www.hoonlir.com"
207.46.13.56 - - [16/Nov/2015:12:07:58 -0800] "GET /robots.txt HTTP/1.1" 200 38 "-" "Mozilla/5.0 (compatible; bingbot/2.0; +http://www.bing.com/bingbot.htm)" "www.hoonlir.com"
31.184.238.87 - - [16/Nov/2015:12:09:34 -0800] "GET /logs/access.log HTTP/1.1" 200 214986 "http://aciclovir-400mg-buy.snack.ws" "Mozilla/5.0 (Windows NT 6.3; WOW64; rv:26.0) Gecko/20100101 Firefox/26.0" "www.hoonlir.com"
31.184.238.87 - - [16/Nov/2015:12:16:34 -0800] "GET /logs/access.log HTTP/1.1" 200 215207 "http://orderacarbose25mgonlinesafely.tumblr.com" "Mozilla/5.0 (Windows NT 6.1; rv:26.0) Gecko/20100101 Firefox/26.0" "www.hoonlir.com"
31.184.238.87 - - [16/Nov/2015:12:23:00 -0800] "GET /logs/access.log HTTP/1.1" 200 215433 "http://orderuroxatral10mgfastdelivery.soup.io" "Mozilla/5.0 (Windows NT 6.1; WOW64) AppleWebKit/537.36 (KHTML, like Gecko) Chrome/32.0.1700.102 Safari/537.36 OPR/19.0.1326.59" "www.hoonlir.com"
31.184.238.87 - - [16/Nov/2015:12:29:37 -0800] "GET /logs/access.log HTTP/1.1" 200 215718 "http://ordercetirizine10mgphilippines.soup.io" "Mozilla/5.0 (Windows NT 6.1) AppleWebKit/537.36 (KHTML, like Gecko) Chrome/30.0.1599.12785 YaBrowser/13.12.1599.12785 Safari/537.36" "www.hoonlir.com"
89.34.225.149 - - [16/Nov/2015:12:35:25 -0800] "GET /logs/access.log&amp;sa=U&amp;ved=0CIQBEBYwGGoVChMI0tiw0uOVyQIVQ24UCh0I6AT4&amp;usg=AFQjCNGCdnmtMVWIoxZGsyg413mYNR4FzA/wp-admin/admin-ajax.php HTTP/1.1" 404 73 "-" "Mozilla/5.0 (Windows; U; Windows NT 5.1; en-US; rv:1.9.2) Gecko/20100115 Firefox/3.6" "www.hoonlir.com"
89.34.225.149 - - [16/Nov/2015:12:35:25 -0800] "GET /wp-admin/admin-ajax.php HTTP/1.1" 404 73 "-" "Mozilla/5.0 (Windows; U; Windows NT 5.1; en-US; rv:1.9.2) Gecko/20100115 Firefox/3.6" "www.hoonlir.com"
89.34.225.149 - - [16/Nov/2015:12:35:26 -0800] "GET /logs/wp-admin/admin-ajax.php HTTP/1.1" 404 73 "-" "Mozilla/5.0 (Windows; U; Windows NT 5.1; en-US; rv:1.9.2) Gecko/20100115 Firefox/3.6" "www.hoonlir.com"
89.34.225.149 - - [16/Nov/2015:12:35:50 -0800] "POST /logs/wp-admin/admin-ajax.php HTTP/1.1" 404 73 "-" "Mozilla/5.0 (Windows; U; Windows NT 5.1; en-US; rv:1.9.2) Gecko/20100115 Firefox/3.6" "www.hoonlir.com"
89.34.225.149 - - [16/Nov/2015:12:36:06 -0800] "POST /logs/wp-admin/admin-ajax.php HTTP/1.1" 404 73 "-" "Mozilla/5.0 (Windows; U; Windows NT 5.1; en-US; rv:1.9.2) Gecko/20100115 Firefox/3.6" "www.hoonlir.com"
89.34.225.149 - - [16/Nov/2015:12:36:13 -0800] "GET /logs/ HTTP/1.1" 200 14475 "-" "Mozilla/5.0 (Windows; U; Windows NT 5.1; en-US; rv:1.9.2) Gecko/20100115 Firefox/3.6" "www.hoonlir.com"
89.34.225.149 - - [16/Nov/2015:12:36:04 -0800] "POST /logs/access.log&amp;sa=U&amp;ved=0CIQBEBYwGGoVChMI0tiw0uOVyQIVQ24UCh0I6AT4&amp;usg=AFQjCNGCdnmtMVWIoxZGsyg413mYNR4FzA/wp-admin/admin-ajax.php HTTP/1.1" 404 73 "-" "Mozilla/5.0 (Windows; U; Windows NT 5.1; en-US; rv:1.9.2) Gecko/20100115 Firefox/3.6" "www.hoonlir.com"
89.34.225.149 - - [16/Nov/2015:12:36:14 -0800] "GET /logs/ HTTP/1.1" 200 14475 "-" "Mozilla/5.0 (Windows; U; Windows NT 5.1; en-US; rv:1.9.2) Gecko/20100115 Firefox/3.6" "www.hoonlir.com"
89.34.225.149 - - [16/Nov/2015:12:36:14 -0800] "POST /logs/access.log&amp;sa=U&amp;ved=0CIQBEBYwGGoVChMI0tiw0uOVyQIVQ24UCh0I6AT4&amp;usg=AFQjCNGCdnmtMVWIoxZGsyg413mYNR4FzA/wp-admin/admin-ajax.php HTTP/1.1" 404 73 "-" "Mozilla/5.0 (Windows; U; Windows NT 5.1; en-US; rv:1.9.2) Gecko/20100115 Firefox/3.6" "www.hoonlir.com"
89.34.225.149 - - [16/Nov/2015:12:36:11 -0800] "POST /wp-admin/admin-ajax.php HTTP/1.1" 404 73 "-" "Mozilla/5.0 (Windows; U; Windows NT 5.1; en-US; rv:1.9.2) Gecko/20100115 Firefox/3.6" "www.hoonlir.com"
89.34.225.149 - - [16/Nov/2015:12:36:23 -0800] "GET /logs/access.log&amp;sa=U&amp;ved=0CIQBEBYwGGoVChMI0tiw0uOVyQIVQ24UCh0I6AT4&amp;usg=AFQjCNGCdnmtMVWIoxZGsyg413mYNR4FzA/ HTTP/1.1" 404 73 "-" "Mozilla/5.0 (Windows; U; Windows NT 5.1; en-US; rv:1.9.2) Gecko/20100115 Firefox/3.6" "www.hoonlir.com"
89.34.225.149 - - [16/Nov/2015:12:36:25 -0800] "GET /logs/access.log&amp;sa=U&amp;ved=0CIQBEBYwGGoVChMI0tiw0uOVyQIVQ24UCh0I6AT4&amp;usg=AFQjCNGCdnmtMVWIoxZGsyg413mYNR4FzA/ HTTP/1.1" 404 73 "-" "Mozilla/5.0 (Windows; U; Windows NT 5.1; en-US; rv:1.9.2) Gecko/20100115 Firefox/3.6" "www.hoonlir.com"
31.184.238.87 - - [16/Nov/2015:12:36:25 -0800] "GET /logs/access.log HTTP/1.1" 200 218978 "http://cipro-buy-online.soup.io" "Mozilla/5.0 (Windows NT 6.2; WOW64) AppleWebKit/537.36 (KHTML, like Gecko) Chrome/32.0.1700.76 Safari/537.36" "www.hoonlir.com"
46.105.97.139 - - [16/Nov/2015:12:36:28 -0800] "POST /logs/access.log/wp-content.php?x0x HTTP/1.1" 404 73 "-" "-" "www.hoonlir.com"
89.34.225.149 - - [16/Nov/2015:12:36:28 -0800] "POST /wp-admin/admin-ajax.php HTTP/1.1" 404 73 "-" "Mozilla/5.0 (Windows; U; Windows NT 5.1; en-US; rv:1.9.2) Gecko/20100115 Firefox/3.6" "www.hoonlir.com"
89.34.225.149 - - [16/Nov/2015:12:36:37 -0800] "GET / HTTP/1.1" 200 5846 "-" "Mozilla/5.0 (Windows; U; Windows NT 5.1; en-US; rv:1.9.2) Gecko/20100115 Firefox/3.6" "www.hoonlir.com"
89.34.225.149 - - [16/Nov/2015:12:36:37 -0800] "GET / HTTP/1.1" 200 5846 "-" "Mozilla/5.0 (Windows; U; Windows NT 5.1; en-US; rv:1.9.2) Gecko/20100115 Firefox/3.6" "www.hoonlir.com"
31.184.238.87 - - [16/Nov/2015:12:42:50 -0800] "GET /logs/access.log HTTP/1.1" 200 219931 "http://losartan-buy-no-rx.snack.ws" "Mozilla/5.0 (Windows NT 5.1) AppleWebKit/537.36 (KHTML, like Gecko) Chrome/32.0.1700.76 Safari/537.36" "www.hoonlir.com"
89.34.225.149 - - [16/Nov/2015:12:43:32 -0800] "GET /logs/access.log&amp;sa=U&amp;ved=0CIQBEBYwGGoVChMI9v2J1OOVyQIVwkgUCh2A6A_C&amp;usg=AFQjCNGCdnmtMVWIoxZGsyg413mYNR4FzA/wp-admin/admin-ajax.php HTTP/1.1" 404 73 "-" "Mozilla/5.0 (Windows; U; Windows NT 5.1; en-US; rv:1.9.2) Gecko/20100115 Firefox/3.6" "www.hoonlir.com"
89.34.225.149 - - [16/Nov/2015:12:44:17 -0800] "POST /logs/access.log&amp;sa=U&amp;ved=0CIQBEBYwGGoVChMI9v2J1OOVyQIVwkgUCh2A6A_C&amp;usg=AFQjCNGCdnmtMVWIoxZGsyg413mYNR4FzA/wp-admin/admin-ajax.php HTTP/1.1" 404 73 "-" "Mozilla/5.0 (Windows; U; Windows NT 5.1; en-US; rv:1.9.2) Gecko/20100115 Firefox/3.6" "www.hoonlir.com"
89.34.225.149 - - [16/Nov/2015:12:44:26 -0800] "POST /logs/access.log&amp;sa=U&amp;ved=0CIQBEBYwGGoVChMI9v2J1OOVyQIVwkgUCh2A6A_C&amp;usg=AFQjCNGCdnmtMVWIoxZGsyg413mYNR4FzA/wp-admin/admin-ajax.php HTTP/1.1" 404 73 "-" "Mozilla/5.0 (Windows; U; Windows NT 5.1; en-US; rv:1.9.2) Gecko/20100115 Firefox/3.6" "www.hoonlir.com"
89.34.225.149 - - [16/Nov/2015:12:44:33 -0800] "GET /logs/access.log&amp;sa=U&amp;ved=0CIQBEBYwGGoVChMI9v2J1OOVyQIVwkgUCh2A6A_C&amp;usg=AFQjCNGCdnmtMVWIoxZGsyg413mYNR4FzA/ HTTP/1.1" 404 73 "-" "Mozilla/5.0 (Windows; U; Windows NT 5.1; en-US; rv:1.9.2) Gecko/20100115 Firefox/3.6" "www.hoonlir.com"
89.34.225.149 - - [16/Nov/2015:12:44:35 -0800] "GET /logs/access.log&amp;sa=U&amp;ved=0CIQBEBYwGGoVChMI9v2J1OOVyQIVwkgUCh2A6A_C&amp;usg=AFQjCNGCdnmtMVWIoxZGsyg413mYNR4FzA/ HTTP/1.1" 404 73 "-" "Mozilla/5.0 (Windows; U; Windows NT 5.1; en-US; rv:1.9.2) Gecko/20100115 Firefox/3.6" "www.hoonlir.com"
89.34.225.149 - - [16/Nov/2015:12:48:17 -0800] "GET /logs/access.log&amp;sa=U&amp;ved=0CIQBEBYwGGoVChMI_riI1uOVyQIVCcMUCh1Apwrt&amp;usg=AFQjCNGCdnmtMVWIoxZGsyg413mYNR4FzA/wp-admin/admin-ajax.php HTTP/1.1" 404 73 "-" "Mozilla/5.0 (Windows; U; Windows NT 5.1; en-US; rv:1.9.2) Gecko/20100115 Firefox/3.6" "www.hoonlir.com"
89.34.225.149 - - [16/Nov/2015:12:48:44 -0800] "POST /logs/access.log&amp;sa=U&amp;ved=0CIQBEBYwGGoVChMI_riI1uOVyQIVCcMUCh1Apwrt&amp;usg=AFQjCNGCdnmtMVWIoxZGsyg413mYNR4FzA/wp-admin/admin-ajax.php HTTP/1.1" 404 73 "-" "Mozilla/5.0 (Windows; U; Windows NT 5.1; en-US; rv:1.9.2) Gecko/20100115 Firefox/3.6" "www.hoonlir.com"
89.34.225.149 - - [16/Nov/2015:12:49:03 -0800] "POST /logs/access.log&amp;sa=U&amp;ved=0CIQBEBYwGGoVChMI_riI1uOVyQIVCcMUCh1Apwrt&amp;usg=AFQjCNGCdnmtMVWIoxZGsyg413mYNR4FzA/wp-admin/admin-ajax.php HTTP/1.1" 404 73 "-" "Mozilla/5.0 (Windows; U; Windows NT 5.1; en-US; rv:1.9.2) Gecko/20100115 Firefox/3.6" "www.hoonlir.com"
89.34.225.149 - - [16/Nov/2015:12:49:13 -0800] "GET /logs/access.log&amp;sa=U&amp;ved=0CIQBEBYwGGoVChMI_riI1uOVyQIVCcMUCh1Apwrt&amp;usg=AFQjCNGCdnmtMVWIoxZGsyg413mYNR4FzA/ HTTP/1.1" 404 73 "-" "Mozilla/5.0 (Windows; U; Windows NT 5.1; en-US; rv:1.9.2) Gecko/20100115 Firefox/3.6" "www.hoonlir.com"
46.105.97.139 - - [16/Nov/2015:12:49:12 -0800] "POST /logs/access.log/wp-content.php?x0x HTTP/1.1" 404 73 "-" "-" "www.hoonlir.com"
89.34.225.149 - - [16/Nov/2015:12:49:14 -0800] "GET /logs/access.log&amp;sa=U&amp;ved=0CIQBEBYwGGoVChMI_riI1uOVyQIVCcMUCh1Apwrt&amp;usg=AFQjCNGCdnmtMVWIoxZGsyg413mYNR4FzA/ HTTP/1.1" 404 73 "-" "Mozilla/5.0 (Windows; U; Windows NT 5.1; en-US; rv:1.9.2) Gecko/20100115 Firefox/3.6" "www.hoonlir.com"
31.184.238.87 - - [16/Nov/2015:12:49:29 -0800] "GET /logs/access.log HTTP/1.1" 200 223434 "http://www.theknot.com/wedding/ezetimibe-and-delivery" "Mozilla/5.0 (Windows NT 6.1; rv:27.0) Gecko/20100101 Firefox/27.0" "www.hoonlir.com"
89.34.225.149 - - [16/Nov/2015:12:53:10 -0800] "GET /logs/access.log&amp;sa=U&amp;ved=0CIQBEBYwGGoVChMI8tWt1-OVyQIVxPEUCh0jrgww&amp;usg=AFQjCNGCdnmtMVWIoxZGsyg413mYNR4FzA/wp-admin/admin-ajax.php HTTP/1.1" 404 73 "-" "Mozilla/5.0 (Windows; U; Windows NT 5.1; en-US; rv:1.9.2) Gecko/20100115 Firefox/3.6" "www.hoonlir.com"
89.34.225.149 - - [16/Nov/2015:12:53:33 -0800] "POST /logs/access.log&amp;sa=U&amp;ved=0CIQBEBYwGGoVChMI8tWt1-OVyQIVxPEUCh0jrgww&amp;usg=AFQjCNGCdnmtMVWIoxZGsyg413mYNR4FzA/wp-admin/admin-ajax.php HTTP/1.1" 404 73 "-" "Mozilla/5.0 (Windows; U; Windows NT 5.1; en-US; rv:1.9.2) Gecko/20100115 Firefox/3.6" "www.hoonlir.com"
89.34.225.149 - - [16/Nov/2015:12:53:50 -0800] "POST /logs/access.log&amp;sa=U&amp;ved=0CIQBEBYwGGoVChMI8tWt1-OVyQIVxPEUCh0jrgww&amp;usg=AFQjCNGCdnmtMVWIoxZGsyg413mYNR4FzA/wp-admin/admin-ajax.php HTTP/1.1" 404 73 "-" "Mozilla/5.0 (Windows; U; Windows NT 5.1; en-US; rv:1.9.2) Gecko/20100115 Firefox/3.6" "www.hoonlir.com"
89.34.225.149 - - [16/Nov/2015:12:53:55 -0800] "GET /logs/access.log&amp;sa=U&amp;ved=0CIQBEBYwGGoVChMI8tWt1-OVyQIVxPEUCh0jrgww&amp;usg=AFQjCNGCdnmtMVWIoxZGsyg413mYNR4FzA/ HTTP/1.1" 404 73 "-" "Mozilla/5.0 (Windows; U; Windows NT 5.1; en-US; rv:1.9.2) Gecko/20100115 Firefox/3.6" "www.hoonlir.com"
89.34.225.149 - - [16/Nov/2015:12:54:11 -0800] "GET /logs/access.log&amp;sa=U&amp;ved=0CIQBEBYwGGoVChMI8tWt1-OVyQIVxPEUCh0jrgww&amp;usg=AFQjCNGCdnmtMVWIoxZGsyg413mYNR4FzA/ HTTP/1.1" 404 73 "-" "Mozilla/5.0 (Windows; U; Windows NT 5.1; en-US; rv:1.9.2) Gecko/20100115 Firefox/3.6" "www.hoonlir.com"
31.184.238.87 - - [16/Nov/2015:12:56:33 -0800] "GET /logs/access.log HTTP/1.1" 200 225227 "http://www.theknot.com/wedding/norgestimate-and-prescription" "Mozilla/5.0 (Windows NT 6.2; WOW64; rv:27.0) Gecko/20100101 Firefox/27.0" "www.hoonlir.com"
89.34.225.149 - - [16/Nov/2015:12:57:52 -0800] "GET /logs/access.log&amp;sa=U&amp;ved=0CIQBEBYwGGoVChMIxb2S2eOVyQIVxTgUCh2yrACf&amp;usg=AFQjCNGCdnmtMVWIoxZGsyg413mYNR4FzA/wp-admin/admin-ajax.php HTTP/1.1" 404 73 "-" "Mozilla/5.0 (Windows; U; Windows NT 5.1; en-US; rv:1.9.2) Gecko/20100115 Firefox/3.6" "www.hoonlir.com"
89.34.225.149 - - [16/Nov/2015:12:58:17 -0800] "POST /logs/access.log&amp;sa=U&amp;ved=0CIQBEBYwGGoVChMIxb2S2eOVyQIVxTgUCh2yrACf&amp;usg=AFQjCNGCdnmtMVWIoxZGsyg413mYNR4FzA/wp-admin/admin-ajax.php HTTP/1.1" 404 73 "-" "Mozilla/5.0 (Windows; U; Windows NT 5.1; en-US; rv:1.9.2) Gecko/20100115 Firefox/3.6" "www.hoonlir.com"
89.34.225.149 - - [16/Nov/2015:12:58:32 -0800] "POST /logs/access.log&amp;sa=U&amp;ved=0CIQBEBYwGGoVChMIxb2S2eOVyQIVxTgUCh2yrACf&amp;usg=AFQjCNGCdnmtMVWIoxZGsyg413mYNR4FzA/wp-admin/admin-ajax.php HTTP/1.1" 404 73 "-" "Mozilla/5.0 (Windows; U; Windows NT 5.1; en-US; rv:1.9.2) Gecko/20100115 Firefox/3.6" "www.hoonlir.com"
89.34.225.149 - - [16/Nov/2015:12:58:47 -0800] "GET /logs/access.log&amp;sa=U&amp;ved=0CIQBEBYwGGoVChMIxb2S2eOVyQIVxTgUCh2yrACf&amp;usg=AFQjCNGCdnmtMVWIoxZGsyg413mYNR4FzA/ HTTP/1.1" 404 73 "-" "Mozilla/5.0 (Windows; U; Windows NT 5.1; en-US; rv:1.9.2) Gecko/20100115 Firefox/3.6" "www.hoonlir.com"
89.34.225.149 - - [16/Nov/2015:12:58:48 -0800] "GET /logs/access.log&amp;sa=U&amp;ved=0CIQBEBYwGGoVChMIxb2S2eOVyQIVxTgUCh2yrACf&amp;usg=AFQjCNGCdnmtMVWIoxZGsyg413mYNR4FzA/ HTTP/1.1" 404 73 "-" "Mozilla/5.0 (Windows; U; Windows NT 5.1; en-US; rv:1.9.2) Gecko/20100115 Firefox/3.6" "www.hoonlir.com"
89.34.225.149 - - [16/Nov/2015:13:02:42 -0800] "GET /logs/access.log&amp;sa=U&amp;ved=0CIQBEBYwGGoVChMIjLDo2uOVyQIVAuFyCh3-OQVe&amp;usg=AFQjCNGCdnmtMVWIoxZGsyg413mYNR4FzA/wp-admin/admin-ajax.php HTTP/1.1" 404 73 "-" "Mozilla/5.0 (Windows; U; Windows NT 5.1; en-US; rv:1.9.2) Gecko/20100115 Firefox/3.6" "www.hoonlir.com"
31.184.238.87 - - [16/Nov/2015:13:03:02 -0800] "GET /logs/access.log HTTP/1.1" 200 227355 "http://lotrel10mgsgm.forumcircle.com" "Mozilla/5.0 (Windows NT 5.1; rv:27.0) Gecko/20100101 Firefox/27.0" "www.hoonlir.com"
89.34.225.149 - - [16/Nov/2015:13:03:09 -0800] "POST /logs/access.log&amp;sa=U&amp;ved=0CIQBEBYwGGoVChMIjLDo2uOVyQIVAuFyCh3-OQVe&amp;usg=AFQjCNGCdnmtMVWIoxZGsyg413mYNR4FzA/wp-admin/admin-ajax.php HTTP/1.1" 404 73 "-" "Mozilla/5.0 (Windows; U; Windows NT 5.1; en-US; rv:1.9.2) Gecko/20100115 Firefox/3.6" "www.hoonlir.com"
89.34.225.149 - - [16/Nov/2015:13:03:24 -0800] "POST /logs/access.log&amp;sa=U&amp;ved=0CIQBEBYwGGoVChMIjLDo2uOVyQIVAuFyCh3-OQVe&amp;usg=AFQjCNGCdnmtMVWIoxZGsyg413mYNR4FzA/wp-admin/admin-ajax.php HTTP/1.1" 404 73 "-" "Mozilla/5.0 (Windows; U; Windows NT 5.1; en-US; rv:1.9.2) Gecko/20100115 Firefox/3.6" "www.hoonlir.com"
89.34.225.149 - - [16/Nov/2015:13:03:32 -0800] "GET /logs/access.log&amp;sa=U&amp;ved=0CIQBEBYwGGoVChMIjLDo2uOVyQIVAuFyCh3-OQVe&amp;usg=AFQjCNGCdnmtMVWIoxZGsyg413mYNR4FzA/ HTTP/1.1" 404 73 "-" "Mozilla/5.0 (Windows; U; Windows NT 5.1; en-US; rv:1.9.2) Gecko/20100115 Firefox/3.6" "www.hoonlir.com"
46.105.97.139 - - [16/Nov/2015:13:03:36 -0800] "POST /logs/access.log/wp-content.php?x0x HTTP/1.1" 404 73 "-" "-" "www.hoonlir.com"
89.34.225.149 - - [16/Nov/2015:13:03:39 -0800] "GET /logs/access.log&amp;sa=U&amp;ved=0CIQBEBYwGGoVChMIjLDo2uOVyQIVAuFyCh3-OQVe&amp;usg=AFQjCNGCdnmtMVWIoxZGsyg413mYNR4FzA/ HTTP/1.1" 404 73 "-" "Mozilla/5.0 (Windows; U; Windows NT 5.1; en-US; rv:1.9.2) Gecko/20100115 Firefox/3.6" "www.hoonlir.com"
89.34.225.149 - - [16/Nov/2015:13:07:05 -0800] "GET /logs/access.log&amp;sa=U&amp;ved=0CIQBEBYwGGoVChMIot2Y3OOVyQIVQphyCh0tWgyj&amp;usg=AFQjCNGCdnmtMVWIoxZGsyg413mYNR4FzA/wp-admin/admin-ajax.php HTTP/1.1" 404 73 "-" "Mozilla/5.0 (Windows; U; Windows NT 5.1; en-US; rv:1.9.2) Gecko/20100115 Firefox/3.6" "www.hoonlir.com"
89.34.225.149 - - [16/Nov/2015:13:07:40 -0800] "POST /logs/access.log&amp;sa=U&amp;ved=0CIQBEBYwGGoVChMIot2Y3OOVyQIVQphyCh0tWgyj&amp;usg=AFQjCNGCdnmtMVWIoxZGsyg413mYNR4FzA/wp-admin/admin-ajax.php HTTP/1.1" 404 73 "-" "Mozilla/5.0 (Windows; U; Windows NT 5.1; en-US; rv:1.9.2) Gecko/20100115 Firefox/3.6" "www.hoonlir.com"
89.34.225.149 - - [16/Nov/2015:13:08:03 -0800] "POST /logs/access.log&amp;sa=U&amp;ved=0CIQBEBYwGGoVChMIot2Y3OOVyQIVQphyCh0tWgyj&amp;usg=AFQjCNGCdnmtMVWIoxZGsyg413mYNR4FzA/wp-admin/admin-ajax.php HTTP/1.1" 404 73 "-" "Mozilla/5.0 (Windows; U; Windows NT 5.1; en-US; rv:1.9.2) Gecko/20100115 Firefox/3.6" "www.hoonlir.com"
89.34.225.149 - - [16/Nov/2015:13:08:09 -0800] "GET /logs/access.log&amp;sa=U&amp;ved=0CIQBEBYwGGoVChMIot2Y3OOVyQIVQphyCh0tWgyj&amp;usg=AFQjCNGCdnmtMVWIoxZGsyg413mYNR4FzA/ HTTP/1.1" 404 73 "-" "Mozilla/5.0 (Windows; U; Windows NT 5.1; en-US; rv:1.9.2) Gecko/20100115 Firefox/3.6" "www.hoonlir.com"
89.34.225.149 - - [16/Nov/2015:13:08:19 -0800] "GET /logs/access.log&amp;sa=U&amp;ved=0CIQBEBYwGGoVChMIot2Y3OOVyQIVQphyCh0tWgyj&amp;usg=AFQjCNGCdnmtMVWIoxZGsyg413mYNR4FzA/ HTTP/1.1" 404 73 "-" "Mozilla/5.0 (Windows; U; Windows NT 5.1; en-US; rv:1.9.2) Gecko/20100115 Firefox/3.6" "www.hoonlir.com"
31.184.238.87 - - [16/Nov/2015:13:09:26 -0800] "GET /logs/access.log HTTP/1.1" 200 230503 "http://www.purevolume.com/orderzidovudine300mgnorx" "Mozilla/5.0 (Windows NT 6.3; WOW64) AppleWebKit/537.36 (KHTML, like Gecko) Chrome/32.0.1700.107 Safari/537.36" "www.hoonlir.com"
89.34.225.149 - - [16/Nov/2015:13:11:31 -0800] "GET /logs/access.log&amp;sa=U&amp;ved=0CIQBEBYwGGoVChMIgsKy3uOVyQIVRZAsCh2R_gf7&amp;usg=AFQjCNGCdnmtMVWIoxZGsyg413mYNR4FzA/wp-admin/admin-ajax.php HTTP/1.1" 404 73 "-" "Mozilla/5.0 (Windows; U; Windows NT 5.1; en-US; rv:1.9.2) Gecko/20100115 Firefox/3.6" "www.hoonlir.com"
89.34.225.149 - - [16/Nov/2015:13:11:55 -0800] "POST /logs/access.log&amp;sa=U&amp;ved=0CIQBEBYwGGoVChMIgsKy3uOVyQIVRZAsCh2R_gf7&amp;usg=AFQjCNGCdnmtMVWIoxZGsyg413mYNR4FzA/wp-admin/admin-ajax.php HTTP/1.1" 404 73 "-" "Mozilla/5.0 (Windows; U; Windows NT 5.1; en-US; rv:1.9.2) Gecko/20100115 Firefox/3.6" "www.hoonlir.com"
89.34.225.149 - - [16/Nov/2015:13:11:59 -0800] "POST /logs/access.log&amp;sa=U&amp;ved=0CIQBEBYwGGoVChMIgsKy3uOVyQIVRZAsCh2R_gf7&amp;usg=AFQjCNGCdnmtMVWIoxZGsyg413mYNR4FzA/wp-admin/admin-ajax.php HTTP/1.1" 404 73 "-" "Mozilla/5.0 (Windows; U; Windows NT 5.1; en-US; rv:1.9.2) Gecko/20100115 Firefox/3.6" "www.hoonlir.com"
89.34.225.149 - - [16/Nov/2015:13:12:14 -0800] "GET /logs/access.log&amp;sa=U&amp;ved=0CIQBEBYwGGoVChMIgsKy3uOVyQIVRZAsCh2R_gf7&amp;usg=AFQjCNGCdnmtMVWIoxZGsyg413mYNR4FzA/ HTTP/1.1" 404 73 "-" "Mozilla/5.0 (Windows; U; Windows NT 5.1; en-US; rv:1.9.2) Gecko/20100115 Firefox/3.6" "www.hoonlir.com"
89.34.225.149 - - [16/Nov/2015:13:12:20 -0800] "GET /logs/access.log&amp;sa=U&amp;ved=0CIQBEBYwGGoVChMIgsKy3uOVyQIVRZAsCh2R_gf7&amp;usg=AFQjCNGCdnmtMVWIoxZGsyg413mYNR4FzA/ HTTP/1.1" 404 73 "-" "Mozilla/5.0 (Windows; U; Windows NT 5.1; en-US; rv:1.9.2) Gecko/20100115 Firefox/3.6" "www.hoonlir.com"
46.105.97.139 - - [16/Nov/2015:13:12:26 -0800] "POST /logs/access.log/wp-content.php?x0x HTTP/1.1" 404 73 "-" "-" "www.hoonlir.com"
89.34.225.149 - - [16/Nov/2015:13:14:42 -0800] "POST /logs/access.log&amp;sa=U&amp;ved=0CIQBEBYwGGoVChMIqLjI3-OVyQIVTIYsCh0LqAHI&amp;usg=AFQjCNGCdnmtMVWIoxZGsyg413mYNR4FzA/wp-admin/admin-ajax.php HTTP/1.1" 404 73 "-" "Mozilla/5.0 (Windows; U; Windows NT 5.1; en-US; rv:1.9.2) Gecko/20100115 Firefox/3.6" "www.hoonlir.com"
89.34.225.149 - - [16/Nov/2015:13:14:50 -0800] "POST /logs/access.log&amp;sa=U&amp;ved=0CIQBEBYwGGoVChMIqLjI3-OVyQIVTIYsCh0LqAHI&amp;usg=AFQjCNGCdnmtMVWIoxZGsyg413mYNR4FzA/wp-admin/admin-ajax.php HTTP/1.1" 404 73 "-" "Mozilla/5.0 (Windows; U; Windows NT 5.1; en-US; rv:1.9.2) Gecko/20100115 Firefox/3.6" "www.hoonlir.com"
46.105.97.139 - - [16/Nov/2015:13:14:55 -0800] "POST /logs/access.log/wp-content.php?x0x HTTP/1.1" 404 73 "-" "-" "www.hoonlir.com"
89.34.225.149 - - [16/Nov/2015:13:15:16 -0800] "GET /logs/access.log&amp;sa=U&amp;ved=0CIQBEBYwGGoVChMIqLjI3-OVyQIVTIYsCh0LqAHI&amp;usg=AFQjCNGCdnmtMVWIoxZGsyg413mYNR4FzA/ HTTP/1.1" 404 73 "-" "Mozilla/5.0 (Windows; U; Windows NT 5.1; en-US; rv:1.9.2) Gecko/20100115 Firefox/3.6" "www.hoonlir.com"
31.184.238.87 - - [16/Nov/2015:13:15:50 -0800] "GET /logs/access.log HTTP/1.1" 200 233543 "http://orderanafranil25mgonlinewithoutrx.soup.io" "Mozilla/5.0 (Windows NT 6.1; WOW64) AppleWebKit/537.36 (KHTML, like Gecko) Chrome/31.0.1650.63 Safari/537.36 OPR/18.0.1284.68" "www.hoonlir.com"
89.34.225.149 - - [16/Nov/2015:13:18:14 -0800] "GET /logs/access.log&amp;sa=U&amp;ved=0CIQBEBYwGGoVChMIvLb94eOVyQIVzFgUCh0yBgqQ&amp;usg=AFQjCNGCdnmtMVWIoxZGsyg413mYNR4FzA/wp-admin/admin-ajax.php HTTP/1.1" 404 73 "-" "Mozilla/5.0 (Windows; U; Windows NT 5.1; en-US; rv:1.9.2) Gecko/20100115 Firefox/3.6" "www.hoonlir.com"
89.34.225.149 - - [16/Nov/2015:13:18:38 -0800] "POST /logs/access.log&amp;sa=U&amp;ved=0CIQBEBYwGGoVChMIvLb94eOVyQIVzFgUCh0yBgqQ&amp;usg=AFQjCNGCdnmtMVWIoxZGsyg413mYNR4FzA/wp-admin/admin-ajax.php HTTP/1.1" 404 73 "-" "Mozilla/5.0 (Windows; U; Windows NT 5.1; en-US; rv:1.9.2) Gecko/20100115 Firefox/3.6" "www.hoonlir.com"
89.34.225.149 - - [16/Nov/2015:13:18:47 -0800] "POST /logs/access.log&amp;sa=U&amp;ved=0CIQBEBYwGGoVChMIvLb94eOVyQIVzFgUCh0yBgqQ&amp;usg=AFQjCNGCdnmtMVWIoxZGsyg413mYNR4FzA/wp-admin/admin-ajax.php HTTP/1.1" 404 73 "-" "Mozilla/5.0 (Windows; U; Windows NT 5.1; en-US; rv:1.9.2) Gecko/20100115 Firefox/3.6" "www.hoonlir.com"
89.34.225.149 - - [16/Nov/2015:13:18:53 -0800] "GET /logs/access.log&amp;sa=U&amp;ved=0CIQBEBYwGGoVChMIvLb94eOVyQIVzFgUCh0yBgqQ&amp;usg=AFQjCNGCdnmtMVWIoxZGsyg413mYNR4FzA/ HTTP/1.1" 404 73 "-" "Mozilla/5.0 (Windows; U; Windows NT 5.1; en-US; rv:1.9.2) Gecko/20100115 Firefox/3.6" "www.hoonlir.com"
89.34.225.149 - - [16/Nov/2015:13:18:59 -0800] "GET /logs/access.log&amp;sa=U&amp;ved=0CIQBEBYwGGoVChMIvLb94eOVyQIVzFgUCh0yBgqQ&amp;usg=AFQjCNGCdnmtMVWIoxZGsyg413mYNR4FzA/ HTTP/1.1" 404 73 "-" "Mozilla/5.0 (Windows; U; Windows NT 5.1; en-US; rv:1.9.2) Gecko/20100115 Firefox/3.6" "www.hoonlir.com"
31.184.238.87 - - [16/Nov/2015:13:22:13 -0800] "GET /logs/access.log HTTP/1.1" 200 235391 "http://parlodel-buy-without-rx.snack.ws" "Opera/9.80 (Windows NT 5.1) Presto/2.12.388 Version/12.16" "www.hoonlir.com"
31.184.238.87 - - [16/Nov/2015:13:28:45 -0800] "GET /logs/access.log HTTP/1.1" 200 235601 "http://propranolol-80mg-buy-online.aircus.com" "Mozilla/5.0 (Windows NT 6.1) AppleWebKit/537.36 (KHTML, like Gecko) Chrome/32.0.1700.102 Safari/537.36" "www.hoonlir.com"
31.184.238.87 - - [16/Nov/2015:13:35:38 -0800] "GET /logs/access.log HTTP/1.1" 200 235862 "http://gravatar.com/ourmipicdolihar" "Mozilla/5.0 (Windows NT 6.0) AppleWebKit/537.36 (KHTML, like Gecko) Chrome/33.0.1750.146 Safari/537.36" "www.hoonlir.com"
31.184.238.87 - - [16/Nov/2015:13:42:05 -0800] "GET /logs/access.log HTTP/1.1" 200 236113 "http://www.theknot.com/wedding/glucophage-and-price" "Mozilla/5.0 (Windows NT 6.1; WOW64) AppleWebKit/537.36 (KHTML, like Gecko) Chrome/31.0.1650.63 Safari/537.36 OPR/18.0.1284.68" "www.hoonlir.com"
31.184.238.87 - - [16/Nov/2015:13:55:25 -0800] "GET /logs/access.log HTTP/1.1" 200 236403 "http://18dfurosemide.aircus.com" "Mozilla/5.0 (Windows NT 6.1; WOW64) AppleWebKit/537.36 (KHTML, like Gecko) Chrome/32.0.1700.102 Safari/537.36" "www.hoonlir.com"
192.187.100.154 - - [16/Nov/2015:14:01:30 -0800] "GET /logs/access.log HTTP/1.1" 200 20779 "http://www.hoonlir.com/" "Mozilla/5.0 (Macintosh; Intel Mac OS X 10_10_0) AppleWebKit/537.36 (KHTML, like Gecko) Chrome/39.0.2171.95 Safari/537.36" "www.hoonlir.com"
31.184.238.87 - - [16/Nov/2015:14:08:22 -0800] "GET /logs/access.log HTTP/1.1" 200 236915 "http://buyfrumil5mgonlineca.soup.io" "Mozilla/5.0 (Windows NT 6.1; WOW64) AppleWebKit/537.36 (KHTML, like Gecko) Chrome/33.0.1750.117 Safari/537.36" "www.hoonlir.com"
31.184.238.87 - - [16/Nov/2015:14:15:08 -0800] "GET /logs/access.log HTTP/1.1" 200 237173 "http://acyclovir-800mg-buy-cheap.soup.io" "Mozilla/5.0 (Windows NT 5.1) AppleWebKit/537.36 (KHTML, like Gecko) Chrome/32.0.1700.107 Safari/537.36" "www.hoonlir.com"
31.184.238.87 - - [16/Nov/2015:14:21:36 -0800] "GET /logs/access.log HTTP/1.1" 200 237429 "http://buyaugmentin250mgonline.soup.io" "Mozilla/5.0 (Windows NT 6.1; WOW64) AppleWebKit/537.36 (KHTML, like Gecko) Chrome/32.0.1700.107 Safari/537.36" "www.hoonlir.com"
31.184.238.87 - - [16/Nov/2015:14:28:05 -0800] "GET /logs/access.log HTTP/1.1" 200 237690 "http://gravatar.com/ordersotalolonlinequickshipping" "Mozilla/5.0 (Windows NT 6.1) AppleWebKit/537.36 (KHTML, like Gecko) Chrome/33.0.1750.117 Safari/537.36" "www.hoonlir.com"
31.184.238.87 - - [16/Nov/2015:14:34:30 -0800] "GET /logs/access.log HTTP/1.1" 200 237957 "http://www.theknot.com/wedding/pioglitazone-and-shipping" "Mozilla/5.0 (Windows NT 6.3; WOW64) AppleWebKit/537.36 (KHTML, like Gecko) Chrome/33.0.1750.146 Safari/537.36" "www.hoonlir.com"
31.184.238.87 - - [16/Nov/2015:14:40:56 -0800] "GET /logs/access.log HTTP/1.1" 200 238236 "http://gravatar.com/orderthioridazine50mgquickshipping" "Mozilla/5.0 (Windows NT 6.1; WOW64) AppleWebKit/537.36 (KHTML, like Gecko) Chrome/32.0.1700.102 Safari/537.36" "www.hoonlir.com"
207.46.13.56 - - [16/Nov/2015:14:51:14 -0800] "GET /fest_mooncake4c.html HTTP/1.1" 200 2534 "-" "Mozilla/5.0 (compatible; bingbot/2.0; +http://www.bing.com/bingbot.htm)" "www.hoonlir.com"
207.46.13.56 - - [16/Nov/2015:14:51:15 -0800] "GET /cele_cupcakeplain.html HTTP/1.1" 200 2677 "-" "Mozilla/5.0 (compatible; bingbot/2.0; +http://www.bing.com/bingbot.htm)" "www.hoonlir.com"
207.46.13.56 - - [16/Nov/2015:14:51:15 -0800] "GET /fest_mooncake4l.html HTTP/1.1" 200 2534 "-" "Mozilla/5.0 (compatible; bingbot/2.0; +http://www.bing.com/bingbot.htm)" "www.hoonlir.com"
207.46.13.56 - - [16/Nov/2015:14:51:15 -0800] "GET /festival.html HTTP/1.1" 200 2131 "-" "Mozilla/5.0 (compatible; bingbot/2.0; +http://www.bing.com/bingbot.htm)" "www.hoonlir.com"
207.46.13.56 - - [16/Nov/2015:14:51:15 -0800] "GET /cele_fruitart.html HTTP/1.1" 200 2520 "-" "Mozilla/5.0 (compatible; bingbot/2.0; +http://www.bing.com/bingbot.htm)" "www.hoonlir.com"
207.46.13.56 - - [16/Nov/2015:14:51:15 -0800] "GET /cele_minisweetwedding.html HTTP/1.1" 200 2563 "-" "Mozilla/5.0 (compatible; bingbot/2.0; +http://www.bing.com/bingbot.htm)" "www.hoonlir.com"
207.46.13.56 - - [16/Nov/2015:14:51:15 -0800] "GET /fest_mooncake4t.html HTTP/1.1" 200 2534 "-" "Mozilla/5.0 (compatible; bingbot/2.0; +http://www.bing.com/bingbot.htm)" "www.hoonlir.com"
207.46.13.56 - - [16/Nov/2015:14:51:15 -0800] "GET /cake_handbag885.html HTTP/1.1" 200 2425 "-" "Mozilla/5.0 (compatible; bingbot/2.0; +http://www.bing.com/bingbot.htm)" "www.hoonlir.com"
31.184.238.87 - - [16/Nov/2015:14:53:50 -0800] "GET /logs/access.log HTTP/1.1" 200 240016 "http://www.purevolume.com/buybaclofenwithoutrx" "Mozilla/5.0 (Windows NT 6.1; rv:27.0) Gecko/20100101 Firefox/27.0" "www.hoonlir.com"
31.184.238.87 - - [16/Nov/2015:15:00:22 -0800] "GET /logs/access.log HTTP/1.1" 200 240241 "http://gravatar.com/ytriloplifasur" "Mozilla/5.0 (Windows NT 6.1; WOW64) AppleWebKit/537.36 (KHTML, like Gecko) Chrome/32.0.1700.107 Safari/537.36" "www.hoonlir.com"
31.184.238.87 - - [16/Nov/2015:15:06:51 -0800] "GET /logs/access.log HTTP/1.1" 200 240498 "http://buy-diphenhydramine-25mg-without-rx.snack.ws" "Mozilla/5.0 (Windows NT 6.1; WOW64) AppleWebKit/537.36 (KHTML, like Gecko) Chrome/32.0.1700.102 Safari/537.36 OPR/19.0.1326.59" "www.hoonlir.com"
31.184.238.87 - - [16/Nov/2015:15:13:36 -0800] "GET /logs/access.log HTTP/1.1" 200 240789 "http://buyclarithromycin.snack.ws" "Mozilla/5.0 (Windows NT 5.1) AppleWebKit/537.36 (KHTML, like Gecko) Chrome/32.0.1700.107 Safari/537.36" "www.hoonlir.com"
31.184.238.87 - - [16/Nov/2015:15:26:41 -0800] "GET /logs/access.log HTTP/1.1" 200 241038 "http://buy-paroxetine.over-blog.com/2014/04/buy-low-price-paroxetine.html" "Mozilla/5.0 (Windows NT 6.2; WOW64) AppleWebKit/537.36 (KHTML, like Gecko) Chrome/32.0.1700.76 Safari/537.36" "www.hoonlir.com"
31.184.238.87 - - [16/Nov/2015:15:33:27 -0800] "GET /logs/access.log HTTP/1.1" 200 241333 "http://fluvoxamine-buy.snack.ws" "Mozilla/5.0 (Windows NT 6.1; WOW64) AppleWebKit/537.36 (KHTML, like Gecko) Chrome/31.0.1650.63 Safari/537.36 OPR/18.0.1284.68" "www.hoonlir.com"
31.184.238.87 - - [16/Nov/2015:15:40:15 -0800] "GET /logs/access.log HTTP/1.1" 200 241603 "http://order-pletal-100mg-without-rx.soup.io" "Mozilla/5.0 (Windows NT 6.1; WOW64) AppleWebKit/537.36 (KHTML, like Gecko) Chrome/33.0.1750.146 Safari/537.36" "www.hoonlir.com"
31.184.238.87 - - [16/Nov/2015:15:46:50 -0800] "GET /logs/access.log HTTP/1.1" 200 241870 "http://order-sucralfate-online.tumblr.com" "Mozilla/5.0 (Windows NT 6.1) AppleWebKit/537.36 (KHTML, like Gecko) Chrome/30.0.1599.12785 YaBrowser/13.12.1599.12785 Safari/537.36" "www.hoonlir.com"
31.184.238.87 - - [16/Nov/2015:15:53:22 -0800] "GET /logs/access.log HTTP/1.1" 200 242156 "http://6iclopidogrel.forumcircle.com" "Mozilla/5.0 (Windows NT 5.1) AppleWebKit/537.36 (KHTML, like Gecko) Chrome/33.0.1750.146 Safari/537.36" "www.hoonlir.com"
31.184.238.87 - - [16/Nov/2015:15:59:55 -0800] "GET /logs/access.log HTTP/1.1" 200 242408 "http://wkmcombivir.forumcircle.com" "Mozilla/5.0 (Windows NT 6.1) AppleWebKit/537.36 (KHTML, like Gecko) Chrome/33.0.1750.117 Safari/537.36" "www.hoonlir.com"
51.254.129.249 - - [16/Nov/2015:16:00:17 -0800] "GET / HTTP/1.1" 200 5846 "-" "Mozilla/5.0 (Windows NT 6.1; WOW64; rv:42.0) Gecko/20100101 Firefox/42.0" "www.hoonlir.com"
31.184.238.87 - - [16/Nov/2015:16:19:58 -0800] "GET /logs/access.log HTTP/1.1" 200 242829 "http://gravatar.com/etoricoxibtd" "Mozilla/5.0 (Windows NT 6.1) AppleWebKit/537.36 (KHTML, like Gecko) Chrome/32.0.1700.102 Safari/537.36" "www.hoonlir.com"
31.184.238.87 - - [16/Nov/2015:16:39:38 -0800] "GET /logs/access.log HTTP/1.1" 200 243077 "http://ordernabumetone500mgquickshipping.soup.io" "Opera/9.80 (Windows NT 6.1) Presto/2.12.388 Version/12.16" "www.hoonlir.com"
31.184.238.87 - - [16/Nov/2015:16:46:10 -0800] "GET /logs/access.log HTTP/1.1" 200 243296 "http://buyfluconazolelowprice.snack.ws" "Mozilla/5.0 (Windows NT 6.3; WOW64; rv:27.0) Gecko/20100101 Firefox/27.0" "www.hoonlir.com"
92.221.165.130 - - [16/Nov/2015:16:47:04 -0800] "GET /robots.txt HTTP/1.1" 200 38 "-" "Mozilla/5.0 (compatible; MJ12bot/v1.4.5; http://www.majestic12.co.uk/bot.php?+)" "hoonlir.com"
92.221.165.130 - - [16/Nov/2015:16:47:05 -0800] "GET /about_us.html HTTP/1.1" 200 6652 "-" "Mozilla/5.0 (compatible; MJ12bot/v1.4.5; http://www.majestic12.co.uk/bot.php?+)" "hoonlir.com"
92.221.165.130 - - [16/Nov/2015:16:47:06 -0800] "GET /robots.txt HTTP/1.1" 200 38 "-" "Mozilla/5.0 (compatible; MJ12bot/v1.4.5; http://www.majestic12.co.uk/bot.php?+)" "www.hoonlir.com"
92.221.165.130 - - [16/Nov/2015:16:47:08 -0800] "GET /cake_window884.html HTTP/1.1" 200 8025 "-" "Mozilla/5.0 (compatible; MJ12bot/v1.4.5; http://www.majestic12.co.uk/bot.php?+)" "www.hoonlir.com"
92.221.165.130 - - [16/Nov/2015:16:47:13 -0800] "GET /cele_cupcake4.html HTTP/1.1" 200 2589 "-" "Mozilla/5.0 (compatible; MJ12bot/v1.4.5; http://www.majestic12.co.uk/bot.php?+)" "www.hoonlir.com"
67.55.84.212 - - [16/Nov/2015:16:50:14 -0800] "HEAD / HTTP/1.1" 200 - "http://www.google.com" "Mozilla/5.0 (X11; Linux x86_64) AppleWebKit/537.36 (KHTML, like Gecko) Chrome/43.0.2357.124 Safari/537.36" "hoonlir.com"
31.184.238.87 - - [16/Nov/2015:16:59:37 -0800] "GET /logs/access.log HTTP/1.1" 200 244684 "http://orderesomeprazole40mgonline.soup.io" "Mozilla/5.0 (Windows NT 6.2; WOW64) AppleWebKit/537.36 (KHTML, like Gecko) Chrome/32.0.1700.76 Safari/537.36" "www.hoonlir.com"
31.184.238.87 - - [16/Nov/2015:17:06:10 -0800] "GET /logs/access.log HTTP/1.1" 200 244948 "http://buyipratropiumbromidecheap.snack.ws" "Mozilla/5.0 (Windows NT 6.1; WOW64) AppleWebKit/537.36 (KHTML, like Gecko) Chrome/33.0.1750.117 Safari/537.36 OPR/20.0.1387.64" "www.hoonlir.com"
31.184.238.87 - - [16/Nov/2015:17:12:52 -0800] "GET /logs/access.log HTTP/1.1" 200 245230 "http://elavil50mg9i.forumcircle.com" "Mozilla/5.0 (Windows NT 6.3; WOW64) AppleWebKit/537.36 (KHTML, like Gecko) Chrome/32.0.1700.102 Safari/537.36" "www.hoonlir.com"
31.184.238.87 - - [16/Nov/2015:17:26:26 -0800] "GET /logs/access.log HTTP/1.1" 200 245488 "http://orderolmesartan20mgonlinecheap.soup.io" "Mozilla/5.0 (Windows NT 6.1) AppleWebKit/537.36 (KHTML, like Gecko) Chrome/33.0.1750.146 Safari/537.36" "www.hoonlir.com"
176.9.57.228 - - [16/Nov/2015:17:28:03 -0800] "GET /logs/access.log&amp;sa=U&amp;ved=0CMgCEBYwQGoVChMIkJfUnKGWyQIVi1YeCh0k5Q1m&amp;usg=AFQjCNGCdnmtMVWIoxZGsyg413mYNR4FzA/wp-admin/admin-ajax.php?action=revslider_show_image&img=../wp-config.php HTTP/1.1" 404 73 "-" "Mozilla/5.0 (Windows; U; Windows NT 5.1; en-US; rv:1.9.2) Gecko/20100115 Firefox/3.6" "www.hoonlir.com"
176.9.57.228 - - [16/Nov/2015:17:28:03 -0800] "GET /wp-admin/admin-ajax.php?action=revslider_show_image&img=../wp-config.php HTTP/1.1" 404 73 "-" "Mozilla/5.0 (Windows; U; Windows NT 5.1; en-US; rv:1.9.2) Gecko/20100115 Firefox/3.6" "www.hoonlir.com"
176.9.57.228 - - [16/Nov/2015:17:28:03 -0800] "GET /logs/wp-admin/admin-ajax.php?action=revslider_show_image&img=../wp-config.php HTTP/1.1" 404 73 "-" "Mozilla/5.0 (Windows; U; Windows NT 5.1; en-US; rv:1.9.2) Gecko/20100115 Firefox/3.6" "www.hoonlir.com"
31.184.238.87 - - [16/Nov/2015:17:33:08 -0800] "GET /logs/access.log HTTP/1.1" 200 246625 "http://buy-female-viagra.soup.io" "Mozilla/5.0 (Windows NT 6.1; WOW64) AppleWebKit/537.36 (KHTML, like Gecko) Chrome/33.0.1750.117 Safari/537.36" "www.hoonlir.com"
31.184.238.87 - - [16/Nov/2015:17:39:56 -0800] "GET /logs/access.log HTTP/1.1" 200 246880 "http://order-tenormin-no-prescription.soup.io" "Mozilla/5.0 (Windows NT 6.1) AppleWebKit/537.36 (KHTML, like Gecko) Chrome/32.0.1700.107 Safari/537.36" "www.hoonlir.com"
31.184.238.87 - - [16/Nov/2015:17:46:31 -0800] "GET /logs/access.log HTTP/1.1" 200 247141 "http://ordernaproxennoprescript.tumblr.com" "Mozilla/5.0 (Windows NT 5.1; rv:26.0) Gecko/20100101 Firefox/26.0" "www.hoonlir.com"
176.9.57.228 - - [16/Nov/2015:17:48:17 -0800] "GET /logs/access.log&amp;sa=U&amp;ved=0CMICEBYwP2oVChMIn52En6GWyQIVQ1k-Ch0Q1QPk&amp;usg=AFQjCNGCdnmtMVWIoxZGsyg413mYNR4FzA/wp-admin/admin-ajax.php?action=revslider_show_image&img=../wp-config.php HTTP/1.1" 404 73 "-" "Mozilla/5.0 (Windows; U; Windows NT 5.1; en-US; rv:1.9.2) Gecko/20100115 Firefox/3.6" "www.hoonlir.com"
203.223.189.92 - - [16/Nov/2015:17:49:05 -0800] "GET //wp-admin/admin-ajax.php?action=revslider_show_image&img=../wp-config.php HTTP/1.1" 404 73 "-" "Mozilla/5.0 (Windows; U; Windows NT 5.1; en-US; rv:1.9.2) Gecko/20100115 Firefox/3.6" "www.hoonlir.com"
203.223.189.92 - - [16/Nov/2015:17:49:05 -0800] "GET //wp-admin/admin-ajax.php?action=revslider_show_image&img=../wp-config.php HTTP/1.1" 404 73 "-" "Mozilla/5.0 (Windows; U; Windows NT 5.1; en-US; rv:1.9.2) Gecko/20100115 Firefox/3.6" "www.hoonlir.com"
203.223.189.92 - - [16/Nov/2015:17:49:06 -0800] "GET /logs//wp-admin/admin-ajax.php?action=revslider_show_image&img=../wp-config.php HTTP/1.1" 404 73 "-" "Mozilla/5.0 (Windows; U; Windows NT 5.1; en-US; rv:1.9.2) Gecko/20100115 Firefox/3.6" "www.hoonlir.com"
203.223.189.92 - - [16/Nov/2015:17:49:07 -0800] "GET /logs//wp-admin/admin-ajax.php?action=revslider_show_image&img=../wp-config.php HTTP/1.1" 404 73 "-" "Mozilla/5.0 (Windows; U; Windows NT 5.1; en-US; rv:1.9.2) Gecko/20100115 Firefox/3.6" "www.hoonlir.com"
31.184.238.87 - - [16/Nov/2015:17:53:10 -0800] "GET /logs/access.log HTTP/1.1" 200 248757 "http://buyvermoxonlineusa.soup.io" "Mozilla/5.0 (Windows NT 5.1) AppleWebKit/537.36 (KHTML, like Gecko) Chrome/33.0.1750.146 Safari/537.36" "www.hoonlir.com"
31.184.238.87 - - [16/Nov/2015:17:59:43 -0800] "GET /logs/access.log HTTP/1.1" 200 249006 "http://orderzybanonlineportugal.soup.io" "Mozilla/5.0 (Windows NT 6.1; WOW64) AppleWebKit/537.36 (KHTML, like Gecko) Chrome/31.0.1650.63 Safari/537.36 OPR/18.0.1284.68" "www.hoonlir.com"
